Component: ARM Compiler 6.7 Tool: armlink [5c9ef700]

==============================================================================

Section Cross References

    main.o(.text.main) refers to system_stm32f30x.o(.text.SystemInit) for SystemInit
    main.o(.text.main) refers to systick.o(.text._Z11SysTickInitv) for SysTickInit()
    main.o(.text.main) refers to utilities.o(.text._Z9LEDTogglev) for LEDToggle()
    main.o(.text.main) refers to systick.o(.text._Z5Delayj) for Delay(unsigned)
    main.o(.ARM.exidx.text.main) refers to Unwind-EHABI.cpp.o(.text.__aeabi_unwind_cpp_pr0) for __aeabi_unwind_cpp_pr0
    main.o(.ARM.exidx.text.main) refers to main.o(.text.main) for [Anonymous Symbol]
    systick.o(.text.SysTick_Handler) refers to systick.o(.bss..L_MergedGlobals) for [Anonymous Symbol]
    systick.o(.ARM.exidx.text.SysTick_Handler) refers to systick.o(.text.SysTick_Handler) for [Anonymous Symbol]
    systick.o(.text._Z5Delayj) refers to systick.o(.bss..L_MergedGlobals) for [Anonymous Symbol]
    systick.o(.ARM.exidx.text._Z5Delayj) refers to systick.o(.text._Z5Delayj) for [Anonymous Symbol]
    systick.o(.text._Z10DelayMicroj) refers to systick.o(.bss..L_MergedGlobals) for [Anonymous Symbol]
    systick.o(.ARM.exidx.text._Z10DelayMicroj) refers to systick.o(.text._Z10DelayMicroj) for [Anonymous Symbol]
    systick.o(.text._Z11SysTickInitv) refers to systick.o(.bss..L_MergedGlobals) for [Anonymous Symbol]
    systick.o(.ARM.exidx.text._Z11SysTickInitv) refers to systick.o(.text._Z11SysTickInitv) for [Anonymous Symbol]
    stm32f30x_adc.o(.text.ADC_DeInit) refers to stm32f30x_rcc.o(.text.RCC_AHBPeriphResetCmd) for RCC_AHBPeriphResetCmd
    stm32f30x_adc.o(.ARM.exidx.text.ADC_DeInit) refers to Unwind-EHABI.cpp.o(.text.__aeabi_unwind_cpp_pr0) for __aeabi_unwind_cpp_pr0
    stm32f30x_adc.o(.ARM.exidx.text.ADC_DeInit) refers to stm32f30x_adc.o(.text.ADC_DeInit) for [Anonymous Symbol]
    stm32f30x_adc.o(.ARM.exidx.text.ADC_Init) refers to stm32f30x_adc.o(.text.ADC_Init) for [Anonymous Symbol]
    stm32f30x_adc.o(.text.ADC_StructInit) refers to rt_memclr_w.o(.text) for __aeabi_memclr4
    stm32f30x_adc.o(.ARM.exidx.text.ADC_StructInit) refers to stm32f30x_adc.o(.text.ADC_StructInit) for [Anonymous Symbol]
    stm32f30x_adc.o(.ARM.exidx.text.ADC_InjectedInit) refers to stm32f30x_adc.o(.text.ADC_InjectedInit) for [Anonymous Symbol]
    stm32f30x_adc.o(.ARM.exidx.text.ADC_InjectedStructInit) refers to stm32f30x_adc.o(.text.ADC_InjectedStructInit) for [Anonymous Symbol]
    stm32f30x_adc.o(.ARM.exidx.text.ADC_CommonInit) refers to stm32f30x_adc.o(.text.ADC_CommonInit) for [Anonymous Symbol]
    stm32f30x_adc.o(.text.ADC_CommonStructInit) refers to rt_memclr_w.o(.text) for __aeabi_memclr4
    stm32f30x_adc.o(.ARM.exidx.text.ADC_CommonStructInit) refers to stm32f30x_adc.o(.text.ADC_CommonStructInit) for [Anonymous Symbol]
    stm32f30x_adc.o(.ARM.exidx.text.ADC_Cmd) refers to stm32f30x_adc.o(.text.ADC_Cmd) for [Anonymous Symbol]
    stm32f30x_adc.o(.ARM.exidx.text.ADC_StartCalibration) refers to stm32f30x_adc.o(.text.ADC_StartCalibration) for [Anonymous Symbol]
    stm32f30x_adc.o(.ARM.exidx.text.ADC_GetCalibrationValue) refers to stm32f30x_adc.o(.text.ADC_GetCalibrationValue) for [Anonymous Symbol]
    stm32f30x_adc.o(.ARM.exidx.text.ADC_SetCalibrationValue) refers to stm32f30x_adc.o(.text.ADC_SetCalibrationValue) for [Anonymous Symbol]
    stm32f30x_adc.o(.ARM.exidx.text.ADC_SelectCalibrationMode) refers to stm32f30x_adc.o(.text.ADC_SelectCalibrationMode) for [Anonymous Symbol]
    stm32f30x_adc.o(.ARM.exidx.text.ADC_GetCalibrationStatus) refers to stm32f30x_adc.o(.text.ADC_GetCalibrationStatus) for [Anonymous Symbol]
    stm32f30x_adc.o(.ARM.exidx.text.ADC_DisableCmd) refers to stm32f30x_adc.o(.text.ADC_DisableCmd) for [Anonymous Symbol]
    stm32f30x_adc.o(.ARM.exidx.text.ADC_GetDisableCmdStatus) refers to stm32f30x_adc.o(.text.ADC_GetDisableCmdStatus) for [Anonymous Symbol]
    stm32f30x_adc.o(.ARM.exidx.text.ADC_VoltageRegulatorCmd) refers to stm32f30x_adc.o(.text.ADC_VoltageRegulatorCmd) for [Anonymous Symbol]
    stm32f30x_adc.o(.ARM.exidx.text.ADC_SelectDifferentialMode) refers to stm32f30x_adc.o(.text.ADC_SelectDifferentialMode) for [Anonymous Symbol]
    stm32f30x_adc.o(.ARM.exidx.text.ADC_SelectQueueOfContextMode) refers to stm32f30x_adc.o(.text.ADC_SelectQueueOfContextMode) for [Anonymous Symbol]
    stm32f30x_adc.o(.ARM.exidx.text.ADC_AutoDelayCmd) refers to stm32f30x_adc.o(.text.ADC_AutoDelayCmd) for [Anonymous Symbol]
    stm32f30x_adc.o(.ARM.exidx.text.ADC_AnalogWatchdogCmd) refers to stm32f30x_adc.o(.text.ADC_AnalogWatchdogCmd) for [Anonymous Symbol]
    stm32f30x_adc.o(.ARM.exidx.text.ADC_AnalogWatchdog1ThresholdsConfig) refers to stm32f30x_adc.o(.text.ADC_AnalogWatchdog1ThresholdsConfig) for [Anonymous Symbol]
    stm32f30x_adc.o(.ARM.exidx.text.ADC_AnalogWatchdog2ThresholdsConfig) refers to stm32f30x_adc.o(.text.ADC_AnalogWatchdog2ThresholdsConfig) for [Anonymous Symbol]
[...]
    Removing stm32f30x_tim.o(.ARM.exidx.text.TIM_OC1PreloadConfig), (8 bytes).
    Removing stm32f30x_tim.o(.text.TIM_OC2PreloadConfig), (14 bytes).
    Removing stm32f30x_tim.o(.ARM.exidx.text.TIM_OC2PreloadConfig), (8 bytes).
    Removing stm32f30x_tim.o(.text.TIM_OC3PreloadConfig), (12 bytes).
    Removing stm32f30x_tim.o(.ARM.exidx.text.TIM_OC3PreloadConfig), (8 bytes).
    Removing stm32f30x_tim.o(.text.TIM_OC4PreloadConfig), (14 bytes).
    Removing stm32f30x_tim.o(.ARM.exidx.text.TIM_OC4PreloadConfig), (8 bytes).
    Removing stm32f30x_tim.o(.text.TIM_OC5PreloadConfig), (12 bytes).
    Removing stm32f30x_tim.o(.ARM.exidx.text.TIM_OC5PreloadConfig), (8 bytes).
    Removing stm32f30x_tim.o(.text.TIM_OC6PreloadConfig), (14 bytes).
    Removing stm32f30x_tim.o(.ARM.exidx.text.TIM_OC6PreloadConfig), (8 bytes).
    Removing stm32f30x_tim.o(.text.TIM_OC1FastConfig), (12 bytes).
    Removing stm32f30x_tim.o(.ARM.exidx.text.TIM_OC1FastConfig), (8 bytes).
    Removing stm32f30x_tim.o(.text.TIM_OC2FastConfig), (14 bytes).
    Removing stm32f30x_tim.o(.ARM.exidx.text.TIM_OC2FastConfig), (8 bytes).
    Removing stm32f30x_tim.o(.text.TIM_OC3FastConfig), (12 bytes).
    Removing stm32f30x_tim.o(.ARM.exidx.text.TIM_OC3FastConfig), (8 bytes).
    Removing stm32f30x_tim.o(.text.TIM_OC4FastConfig), (14 bytes).
    Removing stm32f30x_tim.o(.ARM.exidx.text.TIM_OC4FastConfig), (8 bytes).
    Removing stm32f30x_tim.o(.text.TIM_ClearOC1Ref), (12 bytes).
    Removing stm32f30x_tim.o(.ARM.exidx.text.TIM_ClearOC1Ref), (8 bytes).
    Removing stm32f30x_tim.o(.text.TIM_ClearOC2Ref), (14 bytes).
    Removing stm32f30x_tim.o(.ARM.exidx.text.TIM_ClearOC2Ref), (8 bytes).
    Removing stm32f30x_tim.o(.text.TIM_ClearOC3Ref), (12 bytes).
    Removing stm32f30x_tim.o(.ARM.exidx.text.TIM_ClearOC3Ref), (8 bytes).
    Removing stm32f30x_tim.o(.text.TIM_ClearOC4Ref), (14 bytes).
    Removing stm32f30x_tim.o(.ARM.exidx.text.TIM_ClearOC4Ref), (8 bytes).
    Removing stm32f30x_tim.o(.text.TIM_ClearOC5Ref), (12 bytes).
    Removing stm32f30x_tim.o(.ARM.exidx.text.TIM_ClearOC5Ref), (8 bytes).
    Removing stm32f30x_tim.o(.text.TIM_ClearOC6Ref), (14 bytes).
    Removing stm32f30x_tim.o(.ARM.exidx.text.TIM_ClearOC6Ref), (8 bytes).
    Removing stm32f30x_tim.o(.text.TIM_SelectOCREFClear), (18 bytes).
    Removing stm32f30x_tim.o(.ARM.exidx.text.TIM_SelectOCREFClear), (8 bytes).
    Removing stm32f30x_tim.o(.text.TIM_OC1PolarityConfig), (12 bytes).
    Removing stm32f30x_tim.o(.ARM.exidx.text.TIM_OC1PolarityConfig), (8 bytes).
    Removing stm32f30x_tim.o(.text.TIM_OC1NPolarityConfig), (12 bytes).
    Removing stm32f30x_tim.o(.ARM.exidx.text.TIM_OC1NPolarityConfig), (8 bytes).
    Removing stm32f30x_tim.o(.text.TIM_OC2PolarityConfig), (14 bytes).
    Removing stm32f30x_tim.o(.ARM.exidx.text.TIM_OC2PolarityConfig), (8 bytes).
    Removing stm32f30x_tim.o(.text.TIM_OC2NPolarityConfig), (14 bytes).
    Removing stm32f30x_tim.o(.ARM.exidx.text.TIM_OC2NPolarityConfig), (8 bytes).
    Removing stm32f30x_tim.o(.text.TIM_OC3PolarityConfig), (14 bytes).
    Removing stm32f30x_tim.o(.ARM.exidx.text.TIM_OC3PolarityConfig), (8 bytes).
    Removing stm32f30x_tim.o(.text.TIM_OC3NPolarityConfig), (14 bytes).
    Removing stm32f30x_tim.o(.ARM.exidx.text.TIM_OC3NPolarityConfig), (8 bytes).
    Removing stm32f30x_tim.o(.text.TIM_OC4PolarityConfig), (14 bytes).
    Removing stm32f30x_tim.o(.ARM.exidx.text.TIM_OC4PolarityConfig), (8 bytes).
    Removing stm32f30x_tim.o(.text.TIM_OC5PolarityConfig), (14 bytes).
    Removing stm32f30x_tim.o(.ARM.exidx.text.TIM_OC5PolarityConfig), (8 bytes).
    Removing stm32f30x_tim.o(.text.TIM_OC6PolarityConfig), (14 bytes).
    Removing stm32f30x_tim.o(.ARM.exidx.text.TIM_OC6PolarityConfig), (8 bytes).
    Removing stm32f30x_tim.o(.text.TIM_CCxCmd), (26 bytes).
    Removing stm32f30x_tim.o(.ARM.exidx.text.TIM_CCxCmd), (8 bytes).
    Removing stm32f30x_tim.o(.text.TIM_CCxNCmd), (26 bytes).
    Removing stm32f30x_tim.o(.ARM.exidx.text.TIM_CCxNCmd), (8 bytes).
    Removing stm32f30x_tim.o(.text.TIM_ICInit), (242 bytes).
    Removing stm32f30x_tim.o(.ARM.exidx.text.TIM_ICInit), (8 bytes).
    Removing stm32f30x_tim.o(.text._ZL10TI1_ConfigP11TIM_TypeDefttt), (42 bytes).
    Removing stm32f30x_tim.o(.ARM.exidx.text._ZL10TI1_ConfigP11TIM_TypeDefttt), (8 bytes).
    Removing stm32f30x_tim.o(.text.TIM_SetIC1Prescaler), (16 bytes).
    Removing stm32f30x_tim.o(.ARM.exidx.text.TIM_SetIC1Prescaler), (8 bytes).
    Removing stm32f30x_tim.o(.text._ZL10TI2_ConfigP11TIM_TypeDefttt), (60 bytes).
    Removing stm32f30x_tim.o(.ARM.exidx.text._ZL10TI2_ConfigP11TIM_TypeDefttt), (8 bytes).
    Removing stm32f30x_tim.o(.text.TIM_SetIC2Prescaler), (18 bytes).
    Removing stm32f30x_tim.o(.ARM.exidx.text.TIM_SetIC2Prescaler), (8 bytes).
    Removing stm32f30x_tim.o(.text.TIM_SetIC3Prescaler), (18 bytes).
    Removing stm32f30x_tim.o(.ARM.exidx.text.TIM_SetIC3Prescaler), (8 bytes).
    Removing stm32f30x_tim.o(.text.TIM_SetIC4Prescaler), (22 bytes).
    Removing stm32f30x_tim.o(.ARM.exidx.text.TIM_SetIC4Prescaler), (8 bytes).
    Removing stm32f30x_tim.o(.text.TIM_ICStructInit), (12 bytes).
    Removing stm32f30x_tim.o(.ARM.exidx.text.TIM_ICStructInit), (8 bytes).
    Removing stm32f30x_tim.o(.text.TIM_PWMIConfig), (144 bytes).
    Removing stm32f30x_tim.o(.ARM.exidx.text.TIM_PWMIConfig), (8 bytes).
    Removing stm32f30x_tim.o(.text.TIM_GetCapture1), (4 bytes).
    Removing stm32f30x_tim.o(.ARM.exidx.text.TIM_GetCapture1), (8 bytes).
    Removing stm32f30x_tim.o(.text.TIM_GetCapture2), (4 bytes).
    Removing stm32f30x_tim.o(.ARM.exidx.text.TIM_GetCapture2), (8 bytes).
    Removing stm32f30x_tim.o(.text.TIM_GetCapture3), (4 bytes).
    Removing stm32f30x_tim.o(.ARM.exidx.text.TIM_GetCapture3), (8 bytes).
    Removing stm32f30x_tim.o(.text.TIM_GetCapture4), (4 bytes).
    Removing stm32f30x_tim.o(.ARM.exidx.text.TIM_GetCapture4), (8 bytes).
    Removing stm32f30x_tim.o(.text.TIM_BDTRConfig), (32 bytes).
    Removing stm32f30x_tim.o(.ARM.exidx.text.TIM_BDTRConfig), (8 bytes).
    Removing stm32f30x_tim.o(.text.TIM_Break1Config), (20 bytes).
    Removing stm32f30x_tim.o(.ARM.exidx.text.TIM_Break1Config), (8 bytes).
    Removing stm32f30x_tim.o(.text.TIM_Break2Config), (20 bytes).
    Removing stm32f30x_tim.o(.ARM.exidx.text.TIM_Break2Config), (8 bytes).
    Removing stm32f30x_tim.o(.text.TIM_Break1Cmd), (18 bytes).
    Removing stm32f30x_tim.o(.ARM.exidx.text.TIM_Break1Cmd), (8 bytes).
    Removing stm32f30x_tim.o(.text.TIM_Break2Cmd), (18 bytes).
    Removing stm32f30x_tim.o(.ARM.exidx.text.TIM_Break2Cmd), (8 bytes).
    Removing stm32f30x_tim.o(.text.TIM_BDTRStructInit), (12 bytes).
    Removing stm32f30x_tim.o(.ARM.exidx.text.TIM_BDTRStructInit), (8 bytes).
    Removing stm32f30x_tim.o(.text.TIM_CtrlPWMOutputs), (20 bytes).
    Removing stm32f30x_tim.o(.ARM.exidx.text.TIM_CtrlPWMOutputs), (8 bytes).
    Removing stm32f30x_tim.o(.text.TIM_SelectCOM), (22 bytes).
    Removing stm32f30x_tim.o(.ARM.exidx.text.TIM_SelectCOM), (8 bytes).
    Removing stm32f30x_tim.o(.text.TIM_CCPreloadControl), (22 bytes).
    Removing stm32f30x_tim.o(.ARM.exidx.text.TIM_CCPreloadControl), (8 bytes).
    Removing stm32f30x_tim.o(.text.TIM_ITConfig), (22 bytes).
    Removing stm32f30x_tim.o(.ARM.exidx.text.TIM_ITConfig), (8 bytes).
    Removing stm32f30x_tim.o(.text.TIM_GenerateEvent), (4 bytes).
    Removing stm32f30x_tim.o(.ARM.exidx.text.TIM_GenerateEvent), (8 bytes).
    Removing stm32f30x_tim.o(.text.TIM_GetFlagStatus), (10 bytes).
    Removing stm32f30x_tim.o(.ARM.exidx.text.TIM_GetFlagStatus), (8 bytes).
    Removing stm32f30x_tim.o(.text.TIM_ClearFlag), (10 bytes).
    Removing stm32f30x_tim.o(.ARM.exidx.text.TIM_ClearFlag), (8 bytes).
    Removing stm32f30x_tim.o(.text.TIM_GetITStatus), (20 bytes).
    Removing stm32f30x_tim.o(.ARM.exidx.text.TIM_GetITStatus), (8 bytes).
    Removing stm32f30x_tim.o(.text.TIM_ClearITPendingBit), (10 bytes).
    Removing stm32f30x_tim.o(.ARM.exidx.text.TIM_ClearITPendingBit), (8 bytes).
    Removing stm32f30x_tim.o(.text.TIM_DMAConfig), (8 bytes).
    Removing stm32f30x_tim.o(.ARM.exidx.text.TIM_DMAConfig), (8 bytes).
    Removing stm32f30x_tim.o(.text.TIM_DMACmd), (22 bytes).
    Removing stm32f30x_tim.o(.ARM.exidx.text.TIM_DMACmd), (8 bytes).
    Removing stm32f30x_tim.o(.text.TIM_SelectCCDMA), (22 bytes).
    Removing stm32f30x_tim.o(.ARM.exidx.text.TIM_SelectCCDMA), (8 bytes).
    Removing stm32f30x_tim.o(.text.TIM_InternalClockConfig), (12 bytes).
    Removing stm32f30x_tim.o(.ARM.exidx.text.TIM_InternalClockConfig), (8 bytes).
    Removing stm32f30x_tim.o(.text.TIM_ITRxExternalClockConfig), (22 bytes).
    Removing stm32f30x_tim.o(.ARM.exidx.text.TIM_ITRxExternalClockConfig), (8 bytes).
    Removing stm32f30x_tim.o(.text.TIM_SelectInputTrigger), (14 bytes).
    Removing stm32f30x_tim.o(.ARM.exidx.text.TIM_SelectInputTrigger), (8 bytes).
    Removing stm32f30x_tim.o(.text.TIM_TIxExternalClockConfig), (46 bytes).
    Removing stm32f30x_tim.o(.ARM.exidx.text.TIM_TIxExternalClockConfig), (8 bytes).
    Removing stm32f30x_tim.o(.text.TIM_ETRClockMode1Config), (32 bytes).
    Removing stm32f30x_tim.o(.ARM.exidx.text.TIM_ETRClockMode1Config), (8 bytes).
    Removing stm32f30x_tim.o(.text.TIM_ETRConfig), (18 bytes).
    Removing stm32f30x_tim.o(.ARM.exidx.text.TIM_ETRConfig), (8 bytes).
    Removing stm32f30x_tim.o(.text.TIM_ETRClockMode2Config), (26 bytes).
    Removing stm32f30x_tim.o(.ARM.exidx.text.TIM_ETRClockMode2Config), (8 bytes).
    Removing stm32f30x_tim.o(.text.TIM_SelectOutputTrigger), (18 bytes).
    Removing stm32f30x_tim.o(.ARM.exidx.text.TIM_SelectOutputTrigger), (8 bytes).
    Removing stm32f30x_tim.o(.text.TIM_SelectOutputTrigger2), (16 bytes).
    Removing stm32f30x_tim.o(.ARM.exidx.text.TIM_SelectOutputTrigger2), (8 bytes).
    Removing stm32f30x_tim.o(.text.TIM_SelectSlaveMode), (20 bytes).
    Removing stm32f30x_tim.o(.ARM.exidx.text.TIM_SelectSlaveMode), (8 bytes).
    Removing stm32f30x_tim.o(.text.TIM_SelectMasterSlaveMode), (18 bytes).
    Removing stm32f30x_tim.o(.ARM.exidx.text.TIM_SelectMasterSlaveMode), (8 bytes).
    Removing stm32f30x_tim.o(.text.TIM_EncoderInterfaceConfig), (66 bytes).
    Removing stm32f30x_tim.o(.ARM.exidx.text.TIM_EncoderInterfaceConfig), (8 bytes).
    Removing stm32f30x_tim.o(.text.TIM_SelectHallSensor), (22 bytes).
    Removing stm32f30x_tim.o(.ARM.exidx.text.TIM_SelectHallSensor), (8 bytes).
    Removing stm32f30x_tim.o(.text.TIM_RemapConfig), (6 bytes).
    Removing stm32f30x_tim.o(.ARM.exidx.text.TIM_RemapConfig), (8 bytes).
    Removing stm32f30x_usart.o(.text), (0 bytes).
    Removing stm32f30x_usart.o(.text.USART_DeInit), (152 bytes).
    Removing stm32f30x_usart.o(.ARM.exidx.text.USART_DeInit), (8 bytes).
    Removing stm32f30x_usart.o(.text.USART_Init), (192 bytes).
    Removing stm32f30x_usart.o(.ARM.exidx.text.USART_Init), (8 bytes).
    Removing stm32f30x_usart.o(.text.USART_StructInit), (22 bytes).
    Removing stm32f30x_usart.o(.ARM.exidx.text.USART_StructInit), (8 bytes).
    Removing stm32f30x_usart.o(.text.USART_ClockInit), (30 bytes).
    Removing stm32f30x_usart.o(.ARM.exidx.text.USART_ClockInit), (8 bytes).
    Removing stm32f30x_usart.o(.text.USART_ClockStructInit), (12 bytes).
    Removing stm32f30x_usart.o(.ARM.exidx.text.USART_ClockStructInit), (8 bytes).
    Removing stm32f30x_usart.o(.text.USART_Cmd), (18 bytes).
    Removing stm32f30x_usart.o(.ARM.exidx.text.USART_Cmd), (8 bytes).
    Removing stm32f30x_usart.o(.text.USART_DirectionModeCmd), (16 bytes).
    Removing stm32f30x_usart.o(.ARM.exidx.text.USART_DirectionModeCmd), (8 bytes).
    Removing stm32f30x_usart.o(.text.USART_OverSampling8Cmd), (18 bytes).
    Removing stm32f30x_usart.o(.ARM.exidx.text.USART_OverSampling8Cmd), (8 bytes).
    Removing stm32f30x_usart.o(.text.USART_OneBitMethodCmd), (18 bytes).
    Removing stm32f30x_usart.o(.ARM.exidx.text.USART_OneBitMethodCmd), (8 bytes).
    Removing stm32f30x_usart.o(.text.USART_MSBFirstCmd), (18 bytes).
    Removing stm32f30x_usart.o(.ARM.exidx.text.USART_MSBFirstCmd), (8 bytes).
    Removing stm32f30x_usart.o(.text.USART_DataInvCmd), (18 bytes).
    Removing stm32f30x_usart.o(.ARM.exidx.text.USART_DataInvCmd), (8 bytes).
    Removing stm32f30x_usart.o(.text.USART_InvPinCmd), (16 bytes).
    Removing stm32f30x_usart.o(.ARM.exidx.text.USART_InvPinCmd), (8 bytes).
    Removing stm32f30x_usart.o(.text.USART_SWAPPinCmd), (18 bytes).
    Removing stm32f30x_usart.o(.ARM.exidx.text.USART_SWAPPinCmd), (8 bytes).
    Removing stm32f30x_usart.o(.text.USART_ReceiverTimeOutCmd), (18 bytes).
    Removing stm32f30x_usart.o(.ARM.exidx.text.USART_ReceiverTimeOutCmd), (8 bytes).
    Removing stm32f30x_usart.o(.text.USART_SetReceiverTimeOut), (16 bytes).
    Removing stm32f30x_usart.o(.ARM.exidx.text.USART_SetReceiverTimeOut), (8 bytes).
    Removing stm32f30x_usart.o(.text.USART_SetPrescaler), (16 bytes).
    Removing stm32f30x_usart.o(.ARM.exidx.text.USART_SetPrescaler), (8 bytes).
    Removing stm32f30x_usart.o(.text.USART_STOPModeCmd), (18 bytes).
    Removing stm32f30x_usart.o(.ARM.exidx.text.USART_STOPModeCmd), (8 bytes).
    Removing stm32f30x_usart.o(.text.USART_StopModeWakeUpSourceConfig), (16 bytes).
    Removing stm32f30x_usart.o(.ARM.exidx.text.USART_StopModeWakeUpSourceConfig), (8 bytes).
    Removing stm32f30x_usart.o(.text.USART_AutoBaudRateCmd), (18 bytes).
    Removing stm32f30x_usart.o(.ARM.exidx.text.USART_AutoBaudRateCmd), (8 bytes).
    Removing stm32f30x_usart.o(.text.USART_AutoBaudRateConfig), (16 bytes).
    Removing stm32f30x_usart.o(.ARM.exidx.text.USART_AutoBaudRateConfig), (8 bytes).
    Removing stm32f30x_usart.o(.text.USART_SendData), (8 bytes).
    Removing stm32f30x_usart.o(.ARM.exidx.text.USART_SendData), (8 bytes).
    Removing stm32f30x_usart.o(.ARM.exidx.text.USART_ReceiveData), (8 bytes).
    Removing stm32f30x_usart.o(.text.USART_SetAddress), (18 bytes).
    Removing stm32f30x_usart.o(.ARM.exidx.text.USART_SetAddress), (8 bytes).
    Removing stm32f30x_usart.o(.text.USART_MuteModeCmd), (18 bytes).
    Removing stm32f30x_usart.o(.ARM.exidx.text.USART_MuteModeCmd), (8 bytes).
    Removing stm32f30x_usart.o(.text.USART_MuteModeWakeUpConfig), (16 bytes).
    Removing stm32f30x_usart.o(.ARM.exidx.text.USART_MuteModeWakeUpConfig), (8 bytes).
    Removing stm32f30x_usart.o(.text.USART_AddressDetectionConfig), (16 bytes).
    Removing stm32f30x_usart.o(.ARM.exidx.text.USART_AddressDetectionConfig), (8 bytes).
    Removing stm32f30x_usart.o(.text.USART_LINBreakDetectLengthConfig), (16 bytes).
    Removing stm32f30x_usart.o(.ARM.exidx.text.USART_LINBreakDetectLengthConfig), (8 bytes).
    Removing stm32f30x_usart.o(.text.USART_LINCmd), (18 bytes).
    Removing stm32f30x_usart.o(.ARM.exidx.text.USART_LINCmd), (8 bytes).
    Removing stm32f30x_usart.o(.text.USART_HalfDuplexCmd), (18 bytes).
    Removing stm32f30x_usart.o(.ARM.exidx.text.USART_HalfDuplexCmd), (8 bytes).
    Removing stm32f30x_usart.o(.text.USART_SetGuardTime), (16 bytes).
    Removing stm32f30x_usart.o(.ARM.exidx.text.USART_SetGuardTime), (8 bytes).
    Removing stm32f30x_usart.o(.text.USART_SmartCardCmd), (18 bytes).
    Removing stm32f30x_usart.o(.ARM.exidx.text.USART_SmartCardCmd), (8 bytes).
    Removing stm32f30x_usart.o(.text.USART_SmartCardNACKCmd), (18 bytes).
    Removing stm32f30x_usart.o(.ARM.exidx.text.USART_SmartCardNACKCmd), (8 bytes).
    Removing stm32f30x_usart.o(.text.USART_SetAutoRetryCount), (18 bytes).
    Removing stm32f30x_usart.o(.ARM.exidx.text.USART_SetAutoRetryCount), (8 bytes).
    Removing stm32f30x_usart.o(.text.USART_SetBlockLength), (18 bytes).
    Removing stm32f30x_usart.o(.ARM.exidx.text.USART_SetBlockLength), (8 bytes).
    Removing stm32f30x_usart.o(.text.USART_IrDAConfig), (16 bytes).
    Removing stm32f30x_usart.o(.ARM.exidx.text.USART_IrDAConfig), (8 bytes).
    Removing stm32f30x_usart.o(.text.USART_IrDACmd), (18 bytes).
    Removing stm32f30x_usart.o(.ARM.exidx.text.USART_IrDACmd), (8 bytes).
    Removing stm32f30x_usart.o(.text.USART_DECmd), (18 bytes).
    Removing stm32f30x_usart.o(.ARM.exidx.text.USART_DECmd), (8 bytes).
    Removing stm32f30x_usart.o(.text.USART_DEPolarityConfig), (16 bytes).
    Removing stm32f30x_usart.o(.ARM.exidx.text.USART_DEPolarityConfig), (8 bytes).
    Removing stm32f30x_usart.o(.text.USART_SetDEAssertionTime), (18 bytes).
    Removing stm32f30x_usart.o(.ARM.exidx.text.USART_SetDEAssertionTime), (8 bytes).
    Removing stm32f30x_usart.o(.text.USART_SetDEDeassertionTime), (18 bytes).
    Removing stm32f30x_usart.o(.ARM.exidx.text.USART_SetDEDeassertionTime), (8 bytes).
    Removing stm32f30x_usart.o(.text.USART_DMACmd), (16 bytes).
    Removing stm32f30x_usart.o(.ARM.exidx.text.USART_DMACmd), (8 bytes).
    Removing stm32f30x_usart.o(.text.USART_DMAReceptionErrorConfig), (16 bytes).
    Removing stm32f30x_usart.o(.ARM.exidx.text.USART_DMAReceptionErrorConfig), (8 bytes).
    Removing stm32f30x_usart.o(.text.USART_ITConfig), (44 bytes).
    Removing stm32f30x_usart.o(.ARM.exidx.text.USART_ITConfig), (8 bytes).
    Removing stm32f30x_usart.o(.text.USART_RequestCmd), (18 bytes).
    Removing stm32f30x_usart.o(.ARM.exidx.text.USART_RequestCmd), (8 bytes).
    Removing stm32f30x_usart.o(.text.USART_OverrunDetectionConfig), (16 bytes).
    Removing stm32f30x_usart.o(.ARM.exidx.text.USART_OverrunDetectionConfig), (8 bytes).
    Removing stm32f30x_usart.o(.text.USART_GetFlagStatus), (10 bytes).
    Removing stm32f30x_usart.o(.ARM.exidx.text.USART_GetFlagStatus), (8 bytes).
    Removing stm32f30x_usart.o(.text.USART_ClearFlag), (4 bytes).
    Removing stm32f30x_usart.o(.ARM.exidx.text.USART_ClearFlag), (8 bytes).
    Removing stm32f30x_usart.o(.ARM.exidx.text.USART_GetITStatus), (8 bytes).
    Removing stm32f30x_usart.o(.text.USART_ClearITPendingBit), (12 bytes).
    Removing stm32f30x_usart.o(.ARM.exidx.text.USART_ClearITPendingBit), (8 bytes).
    Removing stm32f30x_wwdg.o(.text), (0 bytes).
    Removing stm32f30x_wwdg.o(.text.WWDG_DeInit), (26 bytes).
    Removing stm32f30x_wwdg.o(.ARM.exidx.text.WWDG_DeInit), (8 bytes).
    Removing stm32f30x_wwdg.o(.text.WWDG_SetPrescaler), (20 bytes).
    Removing stm32f30x_wwdg.o(.ARM.exidx.text.WWDG_SetPrescaler), (8 bytes).
    Removing stm32f30x_wwdg.o(.text.WWDG_SetWindowValue), (40 bytes).
    Removing stm32f30x_wwdg.o(.ARM.exidx.text.WWDG_SetWindowValue), (8 bytes).
    Removing stm32f30x_wwdg.o(.text.WWDG_EnableIT), (16 bytes).
    Removing stm32f30x_wwdg.o(.ARM.exidx.text.WWDG_EnableIT), (8 bytes).
    Removing stm32f30x_wwdg.o(.text.WWDG_SetCounter), (16 bytes).
    Removing stm32f30x_wwdg.o(.ARM.exidx.text.WWDG_SetCounter), (8 bytes).
    Removing stm32f30x_wwdg.o(.text.WWDG_Enable), (16 bytes).
    Removing stm32f30x_wwdg.o(.ARM.exidx.text.WWDG_Enable), (8 bytes).
    Removing stm32f30x_wwdg.o(.text.WWDG_GetFlagStatus), (16 bytes).
    Removing stm32f30x_wwdg.o(.ARM.exidx.text.WWDG_GetFlagStatus), (8 bytes).
    Removing stm32f30x_wwdg.o(.text.WWDG_ClearFlag), (12 bytes).
    Removing stm32f30x_wwdg.o(.ARM.exidx.text.WWDG_ClearFlag), (8 bytes).
    Removing stm32f30x_it.o(.text), (0 bytes).
    Removing stm32f30x_it.o(.ARM.exidx.text.NMI_Handler), (8 bytes).
    Removing stm32f30x_it.o(.ARM.exidx.text.HardFault_Handler), (8 bytes).
    Removing stm32f30x_it.o(.ARM.exidx.text.MemManage_Handler), (8 bytes).
    Removing stm32f30x_it.o(.ARM.exidx.text.BusFault_Handler), (8 bytes).
    Removing stm32f30x_it.o(.ARM.exidx.text.UsageFault_Handler), (8 bytes).
    Removing stm32f30x_it.o(.ARM.exidx.text.SVC_Handler), (8 bytes).
    Removing stm32f30x_it.o(.ARM.exidx.text.DebugMon_Handler), (8 bytes).
    Removing stm32f30x_it.o(.ARM.exidx.text.PendSV_Handler), (8 bytes).
    Removing system_stm32f30x.o(.text), (0 bytes).
    Removing system_stm32f30x.o(.ARM.exidx.text.SystemInit), (8 bytes).
    Removing system_stm32f30x.o(.text.SystemCoreClockUpdate), (92 bytes).
    Removing system_stm32f30x.o(.ARM.exidx.text.SystemCoreClockUpdate), (8 bytes).
    Removing system_stm32f30x.o(.data..L_MergedGlobals), (20 bytes).
    Removing usartsystem.o(.text), (0 bytes).
    Removing usartsystem.o(.text._Z9USARTInitv), (148 bytes).
    Removing usartsystem.o(.ARM.exidx.text._Z9USARTInitv), (8 bytes).
    Removing usartsystem.o(.text._Z9USARTSendc), (12 bytes).
    Removing usartsystem.o(.ARM.exidx.text._Z9USARTSendc), (8 bytes).
    Removing usartsystem.o(.text._Z10BufferInitv), (48 bytes).
    Removing usartsystem.o(.ARM.exidx.text._Z10BufferInitv), (8 bytes).
    Removing usartsystem.o(.ARM.exidx.text._Z11ResetBufferv), (8 bytes).
    Removing usartsystem.o(.text._Z13GetLastStringv), (16 bytes).
    Removing usartsystem.o(.ARM.exidx.text._Z13GetLastStringv), (8 bytes).
    Removing usartsystem.o(.ARM.exidx.text.USART2_IRQHandler), (8 bytes).
    Removing utilities.o(.text), (0 bytes).
    Removing utilities.o(.text._Z7HasFlagjj), (12 bytes).
    Removing utilities.o(.ARM.exidx.text._Z7HasFlagjj), (8 bytes).
    Removing utilities.o(.ARM.exidx.text._Z7LEDInitv), (8 bytes).
    Removing utilities.o(.text._Z11SetLEDStateb), (24 bytes).
    Removing utilities.o(.ARM.exidx.text._Z11SetLEDStateb), (8 bytes).
    Removing utilities.o(.ARM.exidx.text._Z9LEDTogglev), (8 bytes).
    Removing utilities.o(.ARM.exidx.text._Z11GetLEDStatev), (8 bytes).
    Removing utilities.o(.ARM.exidx.text._Z10IsStrEqualPcPKci), (8 bytes).
    Removing encodersystem.o(.text), (0 bytes).
    Removing encodersystem.o(.text._Z11EncoderInitv), (76 bytes).
    Removing encodersystem.o(.ARM.exidx.text._Z11EncoderInitv), (8 bytes).
    Removing dcmotorsystem.o(.text), (0 bytes).
    Removing dcmotorsystem.o(.text._Z13InitPWMMotorsv), (68 bytes).
    Removing dcmotorsystem.o(.ARM.exidx.text._Z13InitPWMMotorsv), (8 bytes).
    Removing dcmotorsystem.o(.text._Z9PWMInitDCi), (216 bytes).
    Removing dcmotorsystem.o(.ARM.exidx.text._Z9PWMInitDCi), (8 bytes).
    Removing dcmotorsystem.o(.text._Z25vMotorControlSetPwmValuesii), (20 bytes).
    Removing dcmotorsystem.o(.ARM.exidx.text._Z25vMotorControlSetPwmValuesii), (8 bytes).
    Removing Unwind-EHABI.cpp.o(.text), (0 bytes).
    Removing Unwind-EHABI.cpp.o(.text.decode_eht_entry), (82 bytes).
    Removing Unwind-EHABI.cpp.o(.ARM.exidx.text.decode_eht_entry), (8 bytes).
    Removing Unwind-EHABI.cpp.o(.text._Unwind_VRS_Interpret), (562 bytes).
    Removing Unwind-EHABI.cpp.o(.ARM.exidx.text._Unwind_VRS_Interpret), (8 bytes).
    Removing Unwind-EHABI.cpp.o(.text._Unwind_VRS_Get), (88 bytes).
    Removing Unwind-EHABI.cpp.o(.ARM.exidx.text._Unwind_VRS_Get), (8 bytes).
    Removing Unwind-EHABI.cpp.o(.text._Unwind_VRS_Set), (90 bytes).
    Removing Unwind-EHABI.cpp.o(.ARM.exidx.text._Unwind_VRS_Set), (8 bytes).
    Removing Unwind-EHABI.cpp.o(.text._Unwind_VRS_Pop), (232 bytes).
    Removing Unwind-EHABI.cpp.o(.ARM.exidx.text._Unwind_VRS_Pop), (8 bytes).
    Removing Unwind-EHABI.cpp.o(.text.__aeabi_unwind_cpp_pr0), (8 bytes).
    Removing Unwind-EHABI.cpp.o(.ARM.exidx.text.__aeabi_unwind_cpp_pr0), (8 bytes).
    Removing Unwind-EHABI.cpp.o(.text._ZN12_GLOBAL__N_1L14unwindOneFrameEjP21_Unwind_Control_BlockP15_Unwind_Context), (54 bytes).
    Removing Unwind-EHABI.cpp.o(.ARM.exidx.text._ZN12_GLOBAL__N_1L14unwindOneFrameEjP21_Unwind_Control_BlockP15_Unwind_Context), (8 bytes).
    Removing Unwind-EHABI.cpp.o(.text.__aeabi_unwind_cpp_pr1), (8 bytes).
    Removing Unwind-EHABI.cpp.o(.ARM.exidx.text.__aeabi_unwind_cpp_pr1), (8 bytes).
    Removing Unwind-EHABI.cpp.o(.text.__aeabi_unwind_cpp_pr2), (8 bytes).
    Removing Unwind-EHABI.cpp.o(.ARM.exidx.text.__aeabi_unwind_cpp_pr2), (8 bytes).
    Removing Unwind-EHABI.cpp.o(.text._Unwind_RaiseException), (122 bytes).
    Removing Unwind-EHABI.cpp.o(.ARM.exidx.text._Unwind_RaiseException), (8 bytes).
    Removing Unwind-EHABI.cpp.o(.text._ZL13unwind_phase2P13unw_context_tP12unw_cursor_tP21_Unwind_Control_Blockb), (166 bytes).
    Removing Unwind-EHABI.cpp.o(.ARM.exidx.text._ZL13unwind_phase2P13unw_context_tP12unw_cursor_tP21_Unwind_Control_Blockb), (8 bytes).
    Removing Unwind-EHABI.cpp.o(.text._Unwind_Complete), (2 bytes).
    Removing Unwind-EHABI.cpp.o(.ARM.exidx.text._Unwind_Complete), (8 bytes).
    Removing Unwind-EHABI.cpp.o(.text._Unwind_Resume), (32 bytes).
    Removing Unwind-EHABI.cpp.o(.ARM.extab.text._Unwind_Resume), (12 bytes).
    Removing Unwind-EHABI.cpp.o(.ARM.exidx.text._Unwind_Resume), (8 bytes).
    Removing Unwind-EHABI.cpp.o(.text._Unwind_GetLanguageSpecificData), (24 bytes).
    Removing Unwind-EHABI.cpp.o(.ARM.exidx.text._Unwind_GetLanguageSpecificData), (8 bytes).
    Removing Unwind-EHABI.cpp.o(.text._Unwind_GetRegionStart), (24 bytes).
    Removing Unwind-EHABI.cpp.o(.ARM.exidx.text._Unwind_GetRegionStart), (8 bytes).
    Removing Unwind-EHABI.cpp.o(.text._Unwind_DeleteException), (12 bytes).
    Removing Unwind-EHABI.cpp.o(.ARM.exidx.text._Unwind_DeleteException), (8 bytes).
    Removing Unwind-EHABI.cpp.o(.text.__gnu_unwind_frame), (20 bytes).
    Removing Unwind-EHABI.cpp.o(.ARM.exidx.text.__gnu_unwind_frame), (8 bytes).
    Removing libunwind.cpp.o(.text), (0 bytes).
    Removing libunwind.cpp.o(.text.unw_init_local), (70 bytes).
    Removing libunwind.cpp.o(.ARM.exidx.text.unw_init_local), (8 bytes).
    Removing libunwind.cpp.o(.text.unw_get_reg), (46 bytes).
    Removing libunwind.cpp.o(.ARM.exidx.text.unw_get_reg), (8 bytes).
    Removing libunwind.cpp.o(.text.unw_set_reg), (66 bytes).
    Removing libunwind.cpp.o(.ARM.exidx.text.unw_set_reg), (8 bytes).
    Removing libunwind.cpp.o(.text.unw_get_fpreg), (48 bytes).
    Removing libunwind.cpp.o(.ARM.exidx.text.unw_get_fpreg), (8 bytes).
    Removing libunwind.cpp.o(.text.unw_set_fpreg), (56 bytes).
    Removing libunwind.cpp.o(.ARM.exidx.text.unw_set_fpreg), (8 bytes).
    Removing libunwind.cpp.o(.text.unw_step), (6 bytes).
    Removing libunwind.cpp.o(.ARM.exidx.text.unw_step), (8 bytes).
    Removing libunwind.cpp.o(.text.unw_get_proc_info), (30 bytes).
    Removing libunwind.cpp.o(.ARM.exidx.text.unw_get_proc_info), (8 bytes).
    Removing libunwind.cpp.o(.text.unw_resume), (18 bytes).
    Removing libunwind.cpp.o(.ARM.exidx.text.unw_resume), (8 bytes).
    Removing libunwind.cpp.o(.text.unw_get_proc_name), (30 bytes).
    Removing libunwind.cpp.o(.ARM.exidx.text.unw_get_proc_name), (8 bytes).
    Removing libunwind.cpp.o(.text.unw_is_fpreg), (10 bytes).
    Removing libunwind.cpp.o(.ARM.exidx.text.unw_is_fpreg), (8 bytes).
    Removing libunwind.cpp.o(.text.unw_regname), (6 bytes).
    Removing libunwind.cpp.o(.ARM.exidx.text.unw_regname), (8 bytes).
    Removing libunwind.cpp.o(.text.unw_is_signal_frame), (10 bytes).
    Removing libunwind.cpp.o(.ARM.exidx.text.unw_is_signal_frame), (8 bytes).
    Removing libunwind.cpp.o(.text.unw_save_vfp_as_X), (6 bytes).
    Removing libunwind.cpp.o(.ARM.exidx.text.unw_save_vfp_as_X), (8 bytes).
    Removing libunwind.cpp.o(.bss._ZN9libunwind17LocalAddressSpace17sThisAddressSpaceE), (1 bytes).
    Removing libunwind.cpp.o(.data.unw_local_addr_space), (4 bytes).
    Removing UnwindRegistersSave.S.o(.text), (46 bytes).
    Removing UnwindRegistersRestore.S.o(.text), (38 bytes).
    Removing libunwind.cpp.o(.text._ZN9libunwind20AbstractUnwindCursorD2Ev), (2 bytes).
    Removing libunwind.cpp.o(.ARM.exidx.text._ZN9libunwind20AbstractUnwindCursorD2Ev), (8 bytes).
    Removing libunwind.cpp.o(.text._ZN9libunwind12UnwindCursorINS_17LocalAddressSpaceENS_13Registers_armEED0Ev), (2 bytes).
    Removing libunwind.cpp.o(.ARM.exidx.text._ZN9libunwind12UnwindCursorINS_17LocalAddressSpaceENS_13Registers_armEED0Ev), (8 bytes).
    Removing libunwind.cpp.o(.text._ZN9libunwind12UnwindCursorINS_17LocalAddressSpaceENS_13Registers_armEE8validRegEi), (14 bytes).
    Removing libunwind.cpp.o(.ARM.exidx.text._ZN9libunwind12UnwindCursorINS_17LocalAddressSpaceENS_13Registers_armEE8validRegEi), (8 bytes).
    Removing libunwind.cpp.o(.text._ZN9libunwind12UnwindCursorINS_17LocalAddressSpaceENS_13Registers_armEE6getRegEi), (58 bytes).
    Removing libunwind.cpp.o(.ARM.exidx.text._ZN9libunwind12UnwindCursorINS_17LocalAddressSpaceENS_13Registers_armEE6getRegEi), (8 bytes).
    Removing libunwind.cpp.o(.text._ZN9libunwind12UnwindCursorINS_17LocalAddressSpaceENS_13Registers_armEE6setRegEij), (56 bytes).
    Removing libunwind.cpp.o(.ARM.exidx.text._ZN9libunwind12UnwindCursorINS_17LocalAddressSpaceENS_13Registers_armEE6setRegEij), (8 bytes).
    Removing libunwind.cpp.o(.text._ZN9libunwind12UnwindCursorINS_17LocalAddressSpaceENS_13Registers_armEE13validFloatRegEi), (16 bytes).
    Removing libunwind.cpp.o(.ARM.exidx.text._ZN9libunwind12UnwindCursorINS_17LocalAddressSpaceENS_13Registers_armEE13validFloatRegEi), (8 bytes).
    Removing libunwind.cpp.o(.text._ZN9libunwind12UnwindCursorINS_17LocalAddressSpaceENS_13Registers_armEE11getFloatRegEi), (100 bytes).
    Removing libunwind.cpp.o(.ARM.exidx.text._ZN9libunwind12UnwindCursorINS_17LocalAddressSpaceENS_13Registers_armEE11getFloatRegEi), (8 bytes).
    Removing libunwind.cpp.o(.text._ZN9libunwind12UnwindCursorINS_17LocalAddressSpaceENS_13Registers_armEE11setFloatRegEiy), (110 bytes).
    Removing libunwind.cpp.o(.ARM.exidx.text._ZN9libunwind12UnwindCursorINS_17LocalAddressSpaceENS_13Registers_armEE11setFloatRegEiy), (8 bytes).
    Removing libunwind.cpp.o(.text._ZN9libunwind12UnwindCursorINS_17LocalAddressSpaceENS_13Registers_armEE4stepEv), (80 bytes).
    Removing libunwind.cpp.o(.ARM.exidx.text._ZN9libunwind12UnwindCursorINS_17LocalAddressSpaceENS_13Registers_armEE4stepEv), (8 bytes).
    Removing libunwind.cpp.o(.text._ZN9libunwind12UnwindCursorINS_17LocalAddressSpaceENS_13Registers_armEE7getInfoEP15unw_proc_info_t), (42 bytes).
    Removing libunwind.cpp.o(.ARM.exidx.text._ZN9libunwind12UnwindCursorINS_17LocalAddressSpaceENS_13Registers_armEE7getInfoEP15unw_proc_info_t), (8 bytes).
    Removing libunwind.cpp.o(.text._ZN9libunwind12UnwindCursorINS_17LocalAddressSpaceENS_13Registers_armEE6jumptoEv), (22 bytes).
    Removing libunwind.cpp.o(.ARM.exidx.text._ZN9libunwind12UnwindCursorINS_17LocalAddressSpaceENS_13Registers_armEE6jumptoEv), (8 bytes).
    Removing libunwind.cpp.o(.text._ZN9libunwind12UnwindCursorINS_17LocalAddressSpaceENS_13Registers_armEE13isSignalFrameEv), (6 bytes).
    Removing libunwind.cpp.o(.ARM.exidx.text._ZN9libunwind12UnwindCursorINS_17LocalAddressSpaceENS_13Registers_armEE13isSignalFrameEv), (8 bytes).
    Removing libunwind.cpp.o(.text._ZN9libunwind12UnwindCursorINS_17LocalAddressSpaceENS_13Registers_armEE15getFunctionNameEPcjPj), (16 bytes).
    Removing libunwind.cpp.o(.ARM.exidx.text._ZN9libunwind12UnwindCursorINS_17LocalAddressSpaceENS_13Registers_armEE15getFunctionNameEPcjPj), (8 bytes).
    Removing libunwind.cpp.o(.text._ZN9libunwind12UnwindCursorINS_17LocalAddressSpaceENS_13Registers_armEE24setInfoBasedOnIPRegisterEb), (84 bytes).
    Removing libunwind.cpp.o(.ARM.exidx.text._ZN9libunwind12UnwindCursorINS_17LocalAddressSpaceENS_13Registers_armEE24setInfoBasedOnIPRegisterEb), (8 bytes).
    Removing libunwind.cpp.o(.text._ZN9libunwind12UnwindCursorINS_17LocalAddressSpaceENS_13Registers_armEE15getRegisterNameEi), (6 bytes).
    Removing libunwind.cpp.o(.ARM.exidx.text._ZN9libunwind12UnwindCursorINS_17LocalAddressSpaceENS_13Registers_armEE15getRegisterNameEi), (8 bytes).
    Removing libunwind.cpp.o(.text._ZN9libunwind12UnwindCursorINS_17LocalAddressSpaceENS_13Registers_armEE10saveVFPAsXEv), (8 bytes).
    Removing libunwind.cpp.o(.ARM.exidx.text._ZN9libunwind12UnwindCursorINS_17LocalAddressSpaceENS_13Registers_armEE10saveVFPAsXEv), (8 bytes).
    Removing libunwind.cpp.o(.text._ZN9libunwind12UnwindCursorINS_17LocalAddressSpaceENS_13Registers_armEE13stepWithEHABIEv), (48 bytes).
    Removing libunwind.cpp.o(.ARM.exidx.text._ZN9libunwind12UnwindCursorINS_17LocalAddressSpaceENS_13Registers_armEE13stepWithEHABIEv), (8 bytes).
    Removing libunwind.cpp.o(.text._ZN9libunwind13Registers_arm26restoreSavedFloatRegistersEv), (50 bytes).
    Removing libunwind.cpp.o(.ARM.exidx.text._ZN9libunwind13Registers_arm26restoreSavedFloatRegistersEv), (8 bytes).
    Removing libunwind.cpp.o(.text._ZN9libunwind12UnwindCursorINS_17LocalAddressSpaceENS_13Registers_armEE23getInfoFromEHABISectionEjRKNS_18UnwindInfoSectionsE), (452 bytes).
    Removing libunwind.cpp.o(.ARM.exidx.text._ZN9libunwind12UnwindCursorINS_17LocalAddressSpaceENS_13Registers_armEE23getInfoFromEHABISectionEjRKNS_18UnwindInfoSectionsE), (8 bytes).
    Removing libunwind.cpp.o(.text._ZNSt3__113__upper_boundIRNS_6__lessIjjEEN9libunwind20EHABISectionIteratorINS4_17LocalAddressSpaceEEEjEET0_S8_S8_RKT1_T_), (90 bytes).
    Removing libunwind.cpp.o(.ARM.exidx.text._ZNSt3__113__upper_boundIRNS_6__lessIjjEEN9libunwind20EHABISectionIteratorINS4_17LocalAddressSpaceEEEjEET0_S8_S8_RKT1_T_), (8 bytes).
    Removing libunwind.cpp.o(.text._ZN9libunwind13Registers_arm15getRegisterNameEi), (916 bytes).
    Removing libunwind.cpp.o(.ARM.exidx.text._ZN9libunwind13Registers_arm15getRegisterNameEi), (8 bytes).
    Removing libunwind.cpp.o(.rodata._ZTVN9libunwind12UnwindCursorINS_17LocalAddressSpaceENS_13Registers_armEEE), (72 bytes).

1522 unused section(s) (total 36219 bytes) removed from the image.

==============================================================================

Image Symbol Table

    Local Symbols

    Symbol Name                              Value     Ov Type        Size  Object(Section)

    ../clib/angel/boardlib.s                 0x00000000   Number         0  boardshut.o ABSOLUTE
    ../clib/angel/boardlib.s                 0x00000000   Number         0  boardinit3.o ABSOLUTE
    ../clib/angel/boardlib.s                 0x00000000   Number         0  boardinit2.o ABSOLUTE
    ../clib/angel/boardlib.s                 0x00000000   Number         0  boardinit1.o ABSOLUTE
    ../clib/angel/handlers.s                 0x00000000   Number         0  __scatter_zi.o ABSOLUTE
    ../clib/angel/kernel.s                   0x00000000   Number         0  rtexit.o ABSOLUTE
    ../clib/angel/kernel.s                   0x00000000   Number         0  __rtentry2.o ABSOLUTE
    ../clib/angel/kernel.s                   0x00000000   Number         0  __rtentry.o ABSOLUTE
    ../clib/angel/kernel.s                   0x00000000   Number         0  __rtentry4.o ABSOLUTE
    ../clib/angel/kernel.s                   0x00000000   Number         0  rtexit2.o ABSOLUTE
    ../clib/angel/rt.s                       0x00000000   Number         0  rt_heap_descriptor_intlibspace.o ABSOLUTE
    ../clib/angel/rt.s                       0x00000000   Number         0  rt_heap_descriptor.o ABSOLUTE
    ../clib/angel/rt.s                       0x00000000   Number         0  rt_raise.o ABSOLUTE
    ../clib/angel/scatter.s                  0x00000000   Number         0  __scatter.o ABSOLUTE
    ../clib/angel/startup.s                  0x00000000   Number         0  __main.o ABSOLUTE
    ../clib/angel/sys.s                      0x00000000   Number         0  mutex_dummy.o ABSOLUTE
    ../clib/angel/sys.s                      0x00000000   Number         0  sys_stackheap_outer.o ABSOLUTE
    ../clib/angel/sys.s                      0x00000000   Number         0  indicate_semi.o ABSOLUTE
    ../clib/angel/sys.s                      0x00000000   Number         0  use_no_semi.o ABSOLUTE
    ../clib/angel/sys.s                      0x00000000   Number         0  libspace.o ABSOLUTE
    ../clib/angel/sysapp.c                   0x00000000   Number         0  sys_wrch.o ABSOLUTE
    ../clib/angel/sysapp.c                   0x00000000   Number         0  sys_command.o ABSOLUTE
    ../clib/angel/sysapp.c                   0x00000000   Number         0  sys_exit.o ABSOLUTE
    ../clib/angel/sysapp.c                   0x00000000   Number         0  sys_command_hlt.o ABSOLUTE
    ../clib/angel/sysapp.c                   0x00000000   Number         0  sys_exit_hlt.o ABSOLUTE
    ../clib/angel/sysapp.c                   0x00000000   Number         0  sys_wrch_hlt.o ABSOLUTE
    ../clib/armsys.c                         0x00000000   Number         0  _get_argv.o ABSOLUTE
    ../clib/armsys.c                         0x00000000   Number         0  argv_veneer.o ABSOLUTE
    ../clib/armsys.c                         0x00000000   Number         0  argv_veneer.o ABSOLUTE
    ../clib/armsys.c                         0x00000000   Number         0  no_argv.o ABSOLUTE
    ../clib/armsys.c                         0x00000000   Number         0  _get_argv_nomalloc.o ABSOLUTE
    ../clib/heap1.c                          0x00000000   Number         0  h1_init.o ABSOLUTE
    ../clib/heap1.c                          0x00000000   Number         0  h1_free.o ABSOLUTE
    ../clib/heap1.c                          0x00000000   Number         0  h1_init_mt.o ABSOLUTE
    ../clib/heap1.c                          0x00000000   Number         0  h1_free_mt.o ABSOLUTE
    ../clib/heap1.c                          0x00000000   Number         0  h1_final_mt.o ABSOLUTE
    ../clib/heap1.c                          0x00000000   Number         0  h1_final.o ABSOLUTE
    ../clib/heap1.c                          0x00000000   Number         0  h1_alloc_mt.o ABSOLUTE
    ../clib/heap1.c                          0x00000000   Number         0  h1_extend_mt.o ABSOLUTE
    ../clib/heap1.c                          0x00000000   Number         0  h1_extend.o ABSOLUTE
    ../clib/heap1.c                          0x00000000   Number         0  h1_alloc.o ABSOLUTE
    ../clib/heap2.c                          0x00000000   Number         0  heap2mt.o ABSOLUTE
    ../clib/heap2.c                          0x00000000   Number         0  fdtree.o ABSOLUTE
    ../clib/heap2.c                          0x00000000   Number         0  heap2.o ABSOLUTE
    ../clib/heapalloc.c                      0x00000000   Number         0  init_alloc.o ABSOLUTE
    ../clib/heapalloc.c                      0x00000000   Number         0  hrguard.o ABSOLUTE
    ../clib/heapalloc.c                      0x00000000   Number         0  term_alloc.o ABSOLUTE
    ../clib/heapalloc.c                      0x00000000   Number         0  malloc.o ABSOLUTE
    ../clib/heapalloc.c                      0x00000000   Number         0  heapstubs.o ABSOLUTE
    ../clib/heapalloc.c                      0x00000000   Number         0  free.o ABSOLUTE
    ../clib/heapalloc.c                      0x00000000   Number         0  hguard.o ABSOLUTE
    ../clib/heapaux.c                        0x00000000   Number         0  heapauxi.o ABSOLUTE
    ../clib/heapaux.c                        0x00000000   Number         0  heapauxa.o ABSOLUTE
    ../clib/libinit.s                        0x00000000   Number         0  libinit2.o ABSOLUTE
    ../clib/libinit.s                        0x00000000   Number         0  libshutdown.o ABSOLUTE
    ../clib/libinit.s                        0x00000000   Number         0  libinit.o ABSOLUTE
    ../clib/libinit.s                        0x00000000   Number         0  libshutdown2.o ABSOLUTE
    ../clib/maybe.s                          0x00000000   Number         0  maybetermalloc2.o ABSOLUTE
    ../clib/maybe.s                          0x00000000   Number         0  maybetermalloc1.o ABSOLUTE
    ../clib/memcpset.s                       0x00000000   Number         0  rt_memcpy_v6.o ABSOLUTE
    ../clib/memcpset.s                       0x00000000   Number         0  rt_memcpy_w.o ABSOLUTE
    ../clib/memcpset.s                       0x00000000   Number         0  rt_memclr_w.o ABSOLUTE
    ../clib/signal.c                         0x00000000   Number         0  defsig_fpe_inner.o ABSOLUTE
    ../clib/signal.c                         0x00000000   Number         0  defsig_other.o ABSOLUTE
    ../clib/signal.c                         0x00000000   Number         0  defsig_segv_inner.o ABSOLUTE
    ../clib/signal.c                         0x00000000   Number         0  defsig_cppl_inner.o ABSOLUTE
    ../clib/signal.c                         0x00000000   Number         0  defsig_pvfn_inner.o ABSOLUTE
    ../clib/signal.c                         0x00000000   Number         0  defsig_rtmem_inner.o ABSOLUTE
    ../clib/signal.c                         0x00000000   Number         0  defsig_rtmem_formal.o ABSOLUTE
    ../clib/signal.c                         0x00000000   Number         0  defsig_abrt_inner.o ABSOLUTE
    ../clib/signal.c                         0x00000000   Number         0  __raise.o ABSOLUTE
    ../clib/signal.c                         0x00000000   Number         0  defsig_general.o ABSOLUTE
    ../clib/signal.c                         0x00000000   Number         0  defsig_rtmem_outer.o ABSOLUTE
    ../clib/signal.c                         0x00000000   Number         0  defsig_abrt_formal.o ABSOLUTE
    ../clib/signal.c                         0x00000000   Number         0  defsig_abrt_outer.o ABSOLUTE
    ../clib/signal.c                         0x00000000   Number         0  defsig_stak_inner.o ABSOLUTE
    ../clib/signal.c                         0x00000000   Number         0  defsig_rtred_inner.o ABSOLUTE
    ../clib/signal.c                         0x00000000   Number         0  defsig_exit.o ABSOLUTE
    ../clib/signal.s                         0x00000000   Number         0  defsig.o ABSOLUTE
    ../clib/stdlib.c                         0x00000000   Number         0  exit.o ABSOLUTE
    ../clib/stdlib.c                         0x00000000   Number         0  abort.o ABSOLUTE
    ../fplib/ddiv.s                          0x00000000   Number         0  ddiv.o ABSOLUTE
    ../fplib/dfix.s                          0x00000000   Number         0  dfix.o ABSOLUTE
    ../fplib/dflt.s                          0x00000000   Number         0  dflt_clz.o ABSOLUTE
    ../fplib/dnaninf.s                       0x00000000   Number         0  dnaninf.o ABSOLUTE
    ../fplib/dretinf.s                       0x00000000   Number         0  dretinf.o ABSOLUTE
    ../fplib/f2d.s                           0x00000000   Number         0  f2d.o ABSOLUTE
    ../fplib/fnaninf.s                       0x00000000   Number         0  fnaninf.o ABSOLUTE
    ../fplib/fpinit.s                        0x00000000   Number         0  fpinit.o ABSOLUTE
    ../fplib/usenofp.s                       0x00000000   Number         0  usenofp.o ABSOLUTE
    /tmp/plgbuild/abs_build/597170_24667/BRA_RVCT_6.7/work/src/libunwind/src/Unwind-EHABI.cpp 0x00000000   Number         0  Unwind-EHABI.cpp.o ABSOLUTE
    /tmp/plgbuild/abs_build/597170_24667/BRA_RVCT_6.7/work/src/libunwind/src/libunwind.cpp 0x00000000   Number         0  libunwind.cpp.o ABSOLUTE
    DCMotorSystem.cpp                        0x00000000   Number         0  dcmotorsystem.o ABSOLUTE
    EncoderSystem.cpp                        0x00000000   Number         0  encodersystem.o ABSOLUTE
    SysTick.cpp                              0x00000000   Number         0  systick.o ABSOLUTE
    USARTSystem.cpp                          0x00000000   Number         0  usartsystem.o ABSOLUTE
    Utilities.cpp                            0x00000000   Number         0  utilities.o ABSOLUTE
    dc.s                                     0x00000000   Number         0  dc.o ABSOLUTE
    main.cpp                                 0x00000000   Number         0  main.o ABSOLUTE
    startup_stm32f303xe.s                    0x00000000   Number         0  startup_stm32f303xe.o ABSOLUTE
    stm32f30x_adc.cpp                        0x00000000   Number         0  stm32f30x_adc.o ABSOLUTE
    stm32f30x_can.cpp                        0x00000000   Number         0  stm32f30x_can.o ABSOLUTE
    stm32f30x_comp.cpp                       0x00000000   Number         0  stm32f30x_comp.o ABSOLUTE
    stm32f30x_crc.cpp                        0x00000000   Number         0  stm32f30x_crc.o ABSOLUTE
    stm32f30x_dac.cpp                        0x00000000   Number         0  stm32f30x_dac.o ABSOLUTE
    stm32f30x_dbgmcu.cpp                     0x00000000   Number         0  stm32f30x_dbgmcu.o ABSOLUTE
    stm32f30x_dma.cpp                        0x00000000   Number         0  stm32f30x_dma.o ABSOLUTE
    stm32f30x_exti.cpp                       0x00000000   Number         0  stm32f30x_exti.o ABSOLUTE
    stm32f30x_flash.cpp                      0x00000000   Number         0  stm32f30x_flash.o ABSOLUTE
    stm32f30x_fmc.cpp                        0x00000000   Number         0  stm32f30x_fmc.o ABSOLUTE
    stm32f30x_gpio.cpp                       0x00000000   Number         0  stm32f30x_gpio.o ABSOLUTE
    stm32f30x_hrtim.cpp                      0x00000000   Number         0  stm32f30x_hrtim.o ABSOLUTE
    stm32f30x_i2c.cpp                        0x00000000   Number         0  stm32f30x_i2c.o ABSOLUTE
    stm32f30x_it.cpp                         0x00000000   Number         0  stm32f30x_it.o ABSOLUTE
    stm32f30x_iwdg.cpp                       0x00000000   Number         0  stm32f30x_iwdg.o ABSOLUTE
    stm32f30x_misc.cpp                       0x00000000   Number         0  stm32f30x_misc.o ABSOLUTE
    stm32f30x_opamp.cpp                      0x00000000   Number         0  stm32f30x_opamp.o ABSOLUTE
    stm32f30x_pwr.cpp                        0x00000000   Number         0  stm32f30x_pwr.o ABSOLUTE
    stm32f30x_rcc.cpp                        0x00000000   Number         0  stm32f30x_rcc.o ABSOLUTE
    stm32f30x_rtc.cpp                        0x00000000   Number         0  stm32f30x_rtc.o ABSOLUTE
    stm32f30x_spi.cpp                        0x00000000   Number         0  stm32f30x_spi.o ABSOLUTE
    stm32f30x_syscfg.cpp                     0x00000000   Number         0  stm32f30x_syscfg.o ABSOLUTE
    stm32f30x_tim.cpp                        0x00000000   Number         0  stm32f30x_tim.o ABSOLUTE
    stm32f30x_usart.cpp                      0x00000000   Number         0  stm32f30x_usart.o ABSOLUTE
    stm32f30x_wwdg.cpp                       0x00000000   Number         0  stm32f30x_wwdg.o ABSOLUTE
    system_stm32f30x.cpp                     0x00000000   Number         0  system_stm32f30x.o ABSOLUTE
    RESET                                    0x08000000   Section      404  startup_stm32f303xe.o(RESET)
    !!!main                                  0x08000194   Section        8  __main.o(!!!main)
    !!!scatter                               0x0800019c   Section       52  __scatter.o(!!!scatter)
    !!handler_zi                             0x080001d0   Section       28  __scatter_zi.o(!!handler_zi)
    .ARM.Collect$$libinit$$00000000          0x080001ec   Section        2  libinit.o(.ARM.Collect$$libinit$$00000000)
    .ARM.Collect$$libinit$$00000001          0x080001ee   Section        4  libinit2.o(.ARM.Collect$$libinit$$00000001)
    .ARM.Collect$$libinit$$00000004          0x080001f2   Section        0  libinit2.o(.ARM.Collect$$libinit$$00000004)
    .ARM.Collect$$libinit$$0000000A          0x080001f2   Section        0  libinit2.o(.ARM.Collect$$libinit$$0000000A)
    .ARM.Collect$$libinit$$0000000C          0x080001f2   Section        0  libinit2.o(.ARM.Collect$$libinit$$0000000C)
    .ARM.Collect$$libinit$$0000000E          0x080001f2   Section        0  libinit2.o(.ARM.Collect$$libinit$$0000000E)
    .ARM.Collect$$libinit$$00000011          0x080001f2   Section        0  libinit2.o(.ARM.Collect$$libinit$$00000011)
    .ARM.Collect$$libinit$$00000013          0x080001f2   Section        0  libinit2.o(.ARM.Collect$$libinit$$00000013)
    .ARM.Collect$$libinit$$00000015          0x080001f2   Section        0  libinit2.o(.ARM.Collect$$libinit$$00000015)
    .ARM.Collect$$libinit$$00000017          0x080001f2   Section        0  libinit2.o(.ARM.Collect$$libinit$$00000017)
    .ARM.Collect$$libinit$$00000019          0x080001f2   Section        0  libinit2.o(.ARM.Collect$$libinit$$00000019)
    .ARM.Collect$$libinit$$0000001B          0x080001f2   Section        0  libinit2.o(.ARM.Collect$$libinit$$0000001B)
    .ARM.Collect$$libinit$$0000001D          0x080001f2   Section        0  libinit2.o(.ARM.Collect$$libinit$$0000001D)
    .ARM.Collect$$libinit$$0000001F          0x080001f2   Section        0  libinit2.o(.ARM.Collect$$libinit$$0000001F)
    .ARM.Collect$$libinit$$00000021          0x080001f2   Section        0  libinit2.o(.ARM.Collect$$libinit$$00000021)
    .ARM.Collect$$libinit$$00000023          0x080001f2   Section        0  libinit2.o(.ARM.Collect$$libinit$$00000023)
    .ARM.Collect$$libinit$$00000025          0x080001f2   Section        0  libinit2.o(.ARM.Collect$$libinit$$00000025)
    .ARM.Collect$$libinit$$0000002C          0x080001f2   Section        0  libinit2.o(.ARM.Collect$$libinit$$0000002C)
    .ARM.Collect$$libinit$$0000002E          0x080001f2   Section        0  libinit2.o(.ARM.Collect$$libinit$$0000002E)
    .ARM.Collect$$libinit$$00000030          0x080001f2   Section        0  libinit2.o(.ARM.Collect$$libinit$$00000030)
    .ARM.Collect$$libinit$$00000032          0x080001f2   Section        0  libinit2.o(.ARM.Collect$$libinit$$00000032)
    .ARM.Collect$$libinit$$00000033          0x080001f2   Section        2  libinit2.o(.ARM.Collect$$libinit$$00000033)
    .ARM.Collect$$libshutdown$$00000000      0x080001f4   Section        2  libshutdown.o(.ARM.Collect$$libshutdown$$00000000)
    .ARM.Collect$$libshutdown$$00000002      0x080001f6   Section        0  libshutdown2.o(.ARM.Collect$$libshutdown$$00000002)
    .ARM.Collect$$libshutdown$$00000004      0x080001f6   Section        0  libshutdown2.o(.ARM.Collect$$libshutdown$$00000004)
    .ARM.Collect$$libshutdown$$00000007      0x080001f6   Section        0  libshutdown2.o(.ARM.Collect$$libshutdown$$00000007)
    .ARM.Collect$$libshutdown$$0000000A      0x080001f6   Section        0  libshutdown2.o(.ARM.Collect$$libshutdown$$0000000A)
    .ARM.Collect$$libshutdown$$0000000C      0x080001f6   Section        0  libshutdown2.o(.ARM.Collect$$libshutdown$$0000000C)
    .ARM.Collect$$libshutdown$$0000000F      0x080001f6   Section        0  libshutdown2.o(.ARM.Collect$$libshutdown$$0000000F)
    .ARM.Collect$$libshutdown$$00000010      0x080001f6   Section        2  libshutdown2.o(.ARM.Collect$$libshutdown$$00000010)
    .ARM.Collect$$rtentry$$00000000          0x080001f8   Section        0  __rtentry.o(.ARM.Collect$$rtentry$$00000000)
    .ARM.Collect$$rtentry$$00000002          0x080001f8   Section        0  __rtentry2.o(.ARM.Collect$$rtentry$$00000002)
    .ARM.Collect$$rtentry$$00000004          0x080001f8   Section        6  __rtentry4.o(.ARM.Collect$$rtentry$$00000004)
    .ARM.Collect$$rtentry$$00000009          0x080001fe   Section        0  __rtentry2.o(.ARM.Collect$$rtentry$$00000009)
    .ARM.Collect$$rtentry$$0000000A          0x080001fe   Section        4  __rtentry2.o(.ARM.Collect$$rtentry$$0000000A)
    .ARM.Collect$$rtentry$$0000000C          0x08000202   Section        0  __rtentry2.o(.ARM.Collect$$rtentry$$0000000C)
    .ARM.Collect$$rtentry$$0000000D          0x08000202   Section        8  __rtentry2.o(.ARM.Collect$$rtentry$$0000000D)
    .ARM.Collect$$rtexit$$00000000           0x0800020a   Section        2  rtexit.o(.ARM.Collect$$rtexit$$00000000)
    .ARM.Collect$$rtexit$$00000002           0x0800020c   Section        0  rtexit2.o(.ARM.Collect$$rtexit$$00000002)
    .ARM.Collect$$rtexit$$00000003           0x0800020c   Section        4  rtexit2.o(.ARM.Collect$$rtexit$$00000003)
    .ARM.Collect$$rtexit$$00000004           0x08000210   Section        6  rtexit2.o(.ARM.Collect$$rtexit$$00000004)
    .text                                    0x08000218   Section       64  startup_stm32f303xe.o(.text)
    $v0                                      0x08000218   Number         0  startup_stm32f303xe.o(.text)
    SPI4_IRQHandler                          0x08000233   Thumb Code     0  startup_stm32f303xe.o(.text)
    .text                                    0x08000258   Section        0  heapauxi.o(.text)
    .text                                    0x08000260   Section        0  sys_exit.o(.text)
    .text                                    0x0800026c   Section        8  libspace.o(.text)
    .text                                    0x08000274   Section        2  use_no_semi.o(.text)
    .text                                    0x08000276   Section       74  sys_stackheap_outer.o(.text)
    .text                                    0x08000276   Section        0  indicate_semi.o(.text)
    .text                                    0x080002c0   Section        0  exit.o(.text)
    [Anonymous Symbol]                       0x080002d2   Section        0  stm32f30x_it.o(.text.BusFault_Handler)
    [Anonymous Symbol]                       0x080002d4   Section        0  stm32f30x_it.o(.text.DebugMon_Handler)
    [Anonymous Symbol]                       0x080002d6   Section        0  stm32f30x_gpio.o(.text.GPIO_Init)
    [Anonymous Symbol]                       0x0800034e   Section        0  stm32f30x_gpio.o(.text.GPIO_ReadOutputDataBit)
    [Anonymous Symbol]                       0x08000358   Section        0  stm32f30x_gpio.o(.text.GPIO_ResetBits)
    [Anonymous Symbol]                       0x0800035c   Section        0  stm32f30x_gpio.o(.text.GPIO_SetBits)
    [Anonymous Symbol]                       0x08000360   Section        0  stm32f30x_it.o(.text.HardFault_Handler)
    [Anonymous Symbol]                       0x08000362   Section        0  stm32f30x_it.o(.text.MemManage_Handler)
    [Anonymous Symbol]                       0x08000364   Section        0  stm32f30x_it.o(.text.NMI_Handler)
    [Anonymous Symbol]                       0x08000366   Section        0  stm32f30x_it.o(.text.PendSV_Handler)
    [Anonymous Symbol]                       0x08000368   Section        0  stm32f30x_rcc.o(.text.RCC_AHBPeriphClockCmd)
    __arm_cp.30_0                            0x0800037c   Number         4  stm32f30x_rcc.o(.text.RCC_AHBPeriphClockCmd)
    [Anonymous Symbol]                       0x08000380   Section        0  stm32f30x_it.o(.text.SVC_Handler)
    [Anonymous Symbol]                       0x08000384   Section        0  systick.o(.text.SysTick_Handler)
    [Anonymous Symbol]                       0x080003ac   Section        0  system_stm32f30x.o(.text.SystemInit)
    __arm_cp.0_0                             0x08000490   Number         4  system_stm32f30x.o(.text.SystemInit)
    __arm_cp.0_1                             0x08000494   Number         4  system_stm32f30x.o(.text.SystemInit)
    __arm_cp.0_2                             0x08000498   Number         4  system_stm32f30x.o(.text.SystemInit)
    __arm_cp.0_3                             0x0800049c   Number         4  system_stm32f30x.o(.text.SystemInit)
    __arm_cp.0_4                             0x080004a0   Number         4  system_stm32f30x.o(.text.SystemInit)
    [Anonymous Symbol]                       0x080004a4   Section        0  usartsystem.o(.text.USART2_IRQHandler)
    __arm_cp.5_0                             0x08000518   Number         4  usartsystem.o(.text.USART2_IRQHandler)
    __arm_cp.5_1                             0x0800051c   Number         4  usartsystem.o(.text.USART2_IRQHandler)
    __arm_cp.5_2                             0x08000520   Number         4  usartsystem.o(.text.USART2_IRQHandler)
    [Anonymous Symbol]                       0x08000548   Section        0  stm32f30x_usart.o(.text.USART_GetITStatus)
    [Anonymous Symbol]                       0x08000584   Section        0  stm32f30x_usart.o(.text.USART_ReceiveData)
    [Anonymous Symbol]                       0x0800058c   Section        0  stm32f30x_it.o(.text.UsageFault_Handler)
    [Anonymous Symbol]                       0x0800058e   Section        0  utilities.o(.text._Z10IsStrEqualPcPKci)
    [Anonymous Symbol]                       0x080005ae   Section        0  utilities.o(.text._Z11GetLEDStatev)
    [Anonymous Symbol]                       0x080005c4   Section        0  usartsystem.o(.text._Z11ResetBufferv)
    __arm_cp.3_0                             0x080005ec   Number         4  usartsystem.o(.text._Z11ResetBufferv)
    [Anonymous Symbol]                       0x080005f0   Section        0  systick.o(.text._Z11SysTickInitv)
    __arm_cp.3_0                             0x08000624   Number         4  systick.o(.text._Z11SysTickInitv)
    __arm_cp.3_1                             0x08000628   Number         4  systick.o(.text._Z11SysTickInitv)
    [Anonymous Symbol]                       0x0800062c   Section        0  systick.o(.text._Z5Delayj)
    __arm_cp.1_0                             0x08000648   Number         4  systick.o(.text._Z5Delayj)
    [Anonymous Symbol]                       0x0800064c   Section        0  utilities.o(.text._Z7LEDInitv)
    [Anonymous Symbol]                       0x0800066e   Section        0  utilities.o(.text._Z9LEDTogglev)
    [Anonymous Symbol]                       0x08000698   Section        0  main.o(.text.main)
    x$fpl$fpinit                             0x080006ae   Section       10  fpinit.o(x$fpl$fpinit)
    $v0                                      0x080006ae   Number         0  fpinit.o(x$fpl$fpinit)
    .bss                                     0x20000000   Section       96  libspace.o(.bss)
    [Anonymous Symbol]                       0x20000060   Section        0  systick.o(.bss..L_MergedGlobals)
    [Anonymous Symbol]                       0x20000070   Section        0  usartsystem.o(.bss..L_MergedGlobals)
    HEAP                                     0x200000a8   Section      512  startup_stm32f303xe.o(HEAP)
    Heap_Mem                                 0x200000a8   Data         512  startup_stm32f303xe.o(HEAP)
    STACK                                    0x200002a8   Section     1024  startup_stm32f303xe.o(STACK)
    Stack_Mem                                0x200002a8   Data        1024  startup_stm32f303xe.o(STACK)
    __initial_sp                             0x200006a8   Data           0  startup_stm32f303xe.o(STACK)

    Global Symbols

    Symbol Name                              Value     Ov Type        Size  Object(Section)

    BuildAttributes$$THM_ISAv4$E$P$D$K$B$S$7EM$VFPi3$EXTD16$VFPS$VFMA$PE$A:L22UL41UL21$X:L11$S22US41US21$IEEE1$IW$~IW$USESV6$~STKCKD$USESV7$~SHL$OTIME$ROPI$EBA8$UX$STANDARDLIB$REQ8$PRES8$EABIv2 0x00000000   Number         0  anon$$obj.o ABSOLUTE
    SHT$$ARM_EXIDX$$Base                      - Undefined Reference
    SHT$$ARM_EXIDX$$Limit                     - Undefined Reference
    __ARM_exceptions_init                     - Undefined Weak Reference
    __alloca_initialize                       - Undefined Weak Reference
    __arm_preinit_                            - Undefined Weak Reference
    __cpp_initialize__aeabi_                  - Undefined Weak Reference
    __cxa_finalize                            - Undefined Weak Reference
    __rt_locale                               - Undefined Weak Reference
    __sigvec_lookup                           - Undefined Weak Reference
    __user_heap_extent                        - Undefined Weak Reference
    _atexit_init                              - Undefined Weak Reference
    _call_atexit_fns                          - Undefined Weak Reference
    _clock_init                               - Undefined Weak Reference
    _fp_trap_init                             - Undefined Weak Reference
    _fp_trap_shutdown                         - Undefined Weak Reference
    _get_lc_collate                           - Undefined Weak Reference
    _get_lc_ctype                             - Undefined Weak Reference
    _get_lc_monetary                          - Undefined Weak Reference
    _get_lc_numeric                           - Undefined Weak Reference
    _get_lc_time                              - Undefined Weak Reference
    _getenv_init                              - Undefined Weak Reference
    _handle_redirection                       - Undefined Weak Reference
    _initio                                   - Undefined Weak Reference
    _mutex_acquire                            - Undefined Weak Reference
    _mutex_free                               - Undefined Weak Reference
    _mutex_release                            - Undefined Weak Reference
    _rand_init                                - Undefined Weak Reference
    _signal_finish                            - Undefined Weak Reference
    _signal_init                              - Undefined Weak Reference
    _terminateio                              - Undefined Weak Reference
    __Vectors_Size                           0x00000194   Number         0  startup_stm32f303xe.o ABSOLUTE
    __Vectors                                0x08000000   Data           4  startup_stm32f303xe.o(RESET)
    __Vectors_End                            0x08000194   Data           0  startup_stm32f303xe.o(RESET)
    __main                                   0x08000195   Thumb Code     8  __main.o(!!!main)
    __scatterload                            0x0800019d   Thumb Code     0  __scatter.o(!!!scatter)
    __scatterload_rt2                        0x0800019d   Thumb Code    44  __scatter.o(!!!scatter)
    __scatterload_rt2_thumb_only             0x0800019d   Thumb Code     0  __scatter.o(!!!scatter)
    __scatterload_null                       0x080001ab   Thumb Code     0  __scatter.o(!!!scatter)
    __scatterload_zeroinit                   0x080001d1   Thumb Code    28  __scatter_zi.o(!!handler_zi)
    __rt_lib_init                            0x080001ed   Thumb Code     0  libinit.o(.ARM.Collect$$libinit$$00000000)
    __rt_lib_init_fp_1                       0x080001ef   Thumb Code     0  libinit2.o(.ARM.Collect$$libinit$$00000001)
    __rt_lib_init_alloca_1                   0x080001f3   Thumb Code     0  libinit2.o(.ARM.Collect$$libinit$$0000002E)
    __rt_lib_init_argv_1                     0x080001f3   Thumb Code     0  libinit2.o(.ARM.Collect$$libinit$$0000002C)
    __rt_lib_init_atexit_1                   0x080001f3   Thumb Code     0  libinit2.o(.ARM.Collect$$libinit$$0000001B)
    __rt_lib_init_clock_1                    0x080001f3   Thumb Code     0  libinit2.o(.ARM.Collect$$libinit$$00000021)
    __rt_lib_init_cpp_1                      0x080001f3   Thumb Code     0  libinit2.o(.ARM.Collect$$libinit$$00000032)
    __rt_lib_init_exceptions_1               0x080001f3   Thumb Code     0  libinit2.o(.ARM.Collect$$libinit$$00000030)
    __rt_lib_init_fp_trap_1                  0x080001f3   Thumb Code     0  libinit2.o(.ARM.Collect$$libinit$$0000001F)
    __rt_lib_init_getenv_1                   0x080001f3   Thumb Code     0  libinit2.o(.ARM.Collect$$libinit$$00000023)
    __rt_lib_init_heap_1                     0x080001f3   Thumb Code     0  libinit2.o(.ARM.Collect$$libinit$$0000000A)
    __rt_lib_init_lc_collate_1               0x080001f3   Thumb Code     0  libinit2.o(.ARM.Collect$$libinit$$00000011)
    __rt_lib_init_lc_ctype_1                 0x080001f3   Thumb Code     0  libinit2.o(.ARM.Collect$$libinit$$00000013)
    __rt_lib_init_lc_monetary_1              0x080001f3   Thumb Code     0  libinit2.o(.ARM.Collect$$libinit$$00000015)
    __rt_lib_init_lc_numeric_1               0x080001f3   Thumb Code     0  libinit2.o(.ARM.Collect$$libinit$$00000017)
    __rt_lib_init_lc_time_1                  0x080001f3   Thumb Code     0  libinit2.o(.ARM.Collect$$libinit$$00000019)
    __rt_lib_init_preinit_1                  0x080001f3   Thumb Code     0  libinit2.o(.ARM.Collect$$libinit$$00000004)
    __rt_lib_init_rand_1                     0x080001f3   Thumb Code     0  libinit2.o(.ARM.Collect$$libinit$$0000000E)
    __rt_lib_init_return                     0x080001f3   Thumb Code     0  libinit2.o(.ARM.Collect$$libinit$$00000033)
    __rt_lib_init_signal_1                   0x080001f3   Thumb Code     0  libinit2.o(.ARM.Collect$$libinit$$0000001D)
    __rt_lib_init_stdio_1                    0x080001f3   Thumb Code     0  libinit2.o(.ARM.Collect$$libinit$$00000025)
    __rt_lib_init_user_alloc_1               0x080001f3   Thumb Code     0  libinit2.o(.ARM.Collect$$libinit$$0000000C)
    __rt_lib_shutdown                        0x080001f5   Thumb Code     0  libshutdown.o(.ARM.Collect$$libshutdown$$00000000)
    __rt_lib_shutdown_cpp_1                  0x080001f7   Thumb Code     0  libshutdown2.o(.ARM.Collect$$libshutdown$$00000002)
    __rt_lib_shutdown_fp_trap_1              0x080001f7   Thumb Code     0  libshutdown2.o(.ARM.Collect$$libshutdown$$00000007)
    __rt_lib_shutdown_heap_1                 0x080001f7   Thumb Code     0  libshutdown2.o(.ARM.Collect$$libshutdown$$0000000F)
    __rt_lib_shutdown_return                 0x080001f7   Thumb Code     0  libshutdown2.o(.ARM.Collect$$libshutdown$$00000010)
    __rt_lib_shutdown_signal_1               0x080001f7   Thumb Code     0  libshutdown2.o(.ARM.Collect$$libshutdown$$0000000A)
    __rt_lib_shutdown_stdio_1                0x080001f7   Thumb Code     0  libshutdown2.o(.ARM.Collect$$libshutdown$$00000004)
    __rt_lib_shutdown_user_alloc_1           0x080001f7   Thumb Code     0  libshutdown2.o(.ARM.Collect$$libshutdown$$0000000C)
    __rt_entry                               0x080001f9   Thumb Code     0  __rtentry.o(.ARM.Collect$$rtentry$$00000000)
    __rt_entry_presh_1                       0x080001f9   Thumb Code     0  __rtentry2.o(.ARM.Collect$$rtentry$$00000002)
    __rt_entry_sh                            0x080001f9   Thumb Code     0  __rtentry4.o(.ARM.Collect$$rtentry$$00000004)
    __rt_entry_li                            0x080001ff   Thumb Code     0  __rtentry2.o(.ARM.Collect$$rtentry$$0000000A)
    __rt_entry_postsh_1                      0x080001ff   Thumb Code     0  __rtentry2.o(.ARM.Collect$$rtentry$$00000009)
    __rt_entry_main                          0x08000203   Thumb Code     0  __rtentry2.o(.ARM.Collect$$rtentry$$0000000D)
    __rt_entry_postli_1                      0x08000203   Thumb Code     0  __rtentry2.o(.ARM.Collect$$rtentry$$0000000C)
    __rt_exit                                0x0800020b   Thumb Code     0  rtexit.o(.ARM.Collect$$rtexit$$00000000)
    __rt_exit_ls                             0x0800020d   Thumb Code     0  rtexit2.o(.ARM.Collect$$rtexit$$00000003)
    __rt_exit_prels_1                        0x0800020d   Thumb Code     0  rtexit2.o(.ARM.Collect$$rtexit$$00000002)
    __rt_exit_exit                           0x08000211   Thumb Code     0  rtexit2.o(.ARM.Collect$$rtexit$$00000004)
    Reset_Handler                            0x08000219   Thumb Code     8  startup_stm32f303xe.o(.text)
    ADC1_2_IRQHandler                        0x08000233   Thumb Code     0  startup_stm32f303xe.o(.text)
    ADC3_IRQHandler                          0x08000233   Thumb Code     0  startup_stm32f303xe.o(.text)
    ADC4_IRQHandler                          0x08000233   Thumb Code     0  startup_stm32f303xe.o(.text)
    CAN1_RX1_IRQHandler                      0x08000233   Thumb Code     0  startup_stm32f303xe.o(.text)
    CAN1_SCE_IRQHandler                      0x08000233   Thumb Code     0  startup_stm32f303xe.o(.text)
    COMP1_2_3_IRQHandler                     0x08000233   Thumb Code     0  startup_stm32f303xe.o(.text)
    COMP4_5_6_IRQHandler                     0x08000233   Thumb Code     0  startup_stm32f303xe.o(.text)
    COMP7_IRQHandler                         0x08000233   Thumb Code     0  startup_stm32f303xe.o(.text)
    DMA1_Channel1_IRQHandler                 0x08000233   Thumb Code     0  startup_stm32f303xe.o(.text)
    DMA1_Channel2_IRQHandler                 0x08000233   Thumb Code     0  startup_stm32f303xe.o(.text)
    DMA1_Channel3_IRQHandler                 0x08000233   Thumb Code     0  startup_stm32f303xe.o(.text)
    DMA1_Channel4_IRQHandler                 0x08000233   Thumb Code     0  startup_stm32f303xe.o(.text)
    DMA1_Channel5_IRQHandler                 0x08000233   Thumb Code     0  startup_stm32f303xe.o(.text)
    DMA1_Channel6_IRQHandler                 0x08000233   Thumb Code     0  startup_stm32f303xe.o(.text)
    DMA1_Channel7_IRQHandler                 0x08000233   Thumb Code     0  startup_stm32f303xe.o(.text)
    DMA2_Channel1_IRQHandler                 0x08000233   Thumb Code     0  startup_stm32f303xe.o(.text)
    DMA2_Channel2_IRQHandler                 0x08000233   Thumb Code     0  startup_stm32f303xe.o(.text)
    DMA2_Channel3_IRQHandler                 0x08000233   Thumb Code     0  startup_stm32f303xe.o(.text)
    DMA2_Channel4_IRQHandler                 0x08000233   Thumb Code     0  startup_stm32f303xe.o(.text)
    DMA2_Channel5_IRQHandler                 0x08000233   Thumb Code     0  startup_stm32f303xe.o(.text)
    EXTI0_IRQHandler                         0x08000233   Thumb Code     0  startup_stm32f303xe.o(.text)
    EXTI15_10_IRQHandler                     0x08000233   Thumb Code     0  startup_stm32f303xe.o(.text)
    EXTI1_IRQHandler                         0x08000233   Thumb Code     0  startup_stm32f303xe.o(.text)
    EXTI2_TS_IRQHandler                      0x08000233   Thumb Code     0  startup_stm32f303xe.o(.text)
    EXTI3_IRQHandler                         0x08000233   Thumb Code     0  startup_stm32f303xe.o(.text)
    EXTI4_IRQHandler                         0x08000233   Thumb Code     0  startup_stm32f303xe.o(.text)
    EXTI9_5_IRQHandler                       0x08000233   Thumb Code     0  startup_stm32f303xe.o(.text)
    FLASH_IRQHandler                         0x08000233   Thumb Code     0  startup_stm32f303xe.o(.text)
    FMC_IRQHandler                           0x08000233   Thumb Code     0  startup_stm32f303xe.o(.text)
    FPU_IRQHandler                           0x08000233   Thumb Code     0  startup_stm32f303xe.o(.text)
    I2C1_ER_IRQHandler                       0x08000233   Thumb Code     0  startup_stm32f303xe.o(.text)
    I2C1_EV_IRQHandler                       0x08000233   Thumb Code     0  startup_stm32f303xe.o(.text)
    I2C2_ER_IRQHandler                       0x08000233   Thumb Code     0  startup_stm32f303xe.o(.text)
    I2C2_EV_IRQHandler                       0x08000233   Thumb Code     0  startup_stm32f303xe.o(.text)
    I2C3_ER_IRQHandler                       0x08000233   Thumb Code     0  startup_stm32f303xe.o(.text)
    I2C3_EV_IRQHandler                       0x08000233   Thumb Code     0  startup_stm32f303xe.o(.text)
    PVD_IRQHandler                           0x08000233   Thumb Code     0  startup_stm32f303xe.o(.text)
    RCC_IRQHandler                           0x08000233   Thumb Code     0  startup_stm32f303xe.o(.text)
    RTC_Alarm_IRQHandler                     0x08000233   Thumb Code     0  startup_stm32f303xe.o(.text)
    RTC_WKUP_IRQHandler                      0x08000233   Thumb Code     0  startup_stm32f303xe.o(.text)
    SPI1_IRQHandler                          0x08000233   Thumb Code     0  startup_stm32f303xe.o(.text)
    SPI2_IRQHandler                          0x08000233   Thumb Code     0  startup_stm32f303xe.o(.text)
    SPI3_IRQHandler                          0x08000233   Thumb Code     0  startup_stm32f303xe.o(.text)
    TAMPER_STAMP_IRQHandler                  0x08000233   Thumb Code     0  startup_stm32f303xe.o(.text)
    TIM1_BRK_TIM15_IRQHandler                0x08000233   Thumb Code     0  startup_stm32f303xe.o(.text)
    TIM1_CC_IRQHandler                       0x08000233   Thumb Code     0  startup_stm32f303xe.o(.text)
    TIM1_TRG_COM_TIM17_IRQHandler            0x08000233   Thumb Code     0  startup_stm32f303xe.o(.text)
    TIM1_UP_TIM16_IRQHandler                 0x08000233   Thumb Code     0  startup_stm32f303xe.o(.text)
    TIM20_BRK_IRQHandler                     0x08000233   Thumb Code     0  startup_stm32f303xe.o(.text)
    TIM20_CC_IRQHandler                      0x08000233   Thumb Code     0  startup_stm32f303xe.o(.text)
    TIM20_TRG_COM_IRQHandler                 0x08000233   Thumb Code     0  startup_stm32f303xe.o(.text)
    TIM20_UP_IRQHandler                      0x08000233   Thumb Code     0  startup_stm32f303xe.o(.text)
    TIM2_IRQHandler                          0x08000233   Thumb Code     0  startup_stm32f303xe.o(.text)
    TIM3_IRQHandler                          0x08000233   Thumb Code     0  startup_stm32f303xe.o(.text)
    TIM4_IRQHandler                          0x08000233   Thumb Code     0  startup_stm32f303xe.o(.text)
    TIM6_DAC_IRQHandler                      0x08000233   Thumb Code     0  startup_stm32f303xe.o(.text)
    TIM7_IRQHandler                          0x08000233   Thumb Code     0  startup_stm32f303xe.o(.text)
    TIM8_BRK_IRQHandler                      0x08000233   Thumb Code     0  startup_stm32f303xe.o(.text)
    TIM8_CC_IRQHandler                       0x08000233   Thumb Code     0  startup_stm32f303xe.o(.text)
    TIM8_TRG_COM_IRQHandler                  0x08000233   Thumb Code     0  startup_stm32f303xe.o(.text)
    TIM8_UP_IRQHandler                       0x08000233   Thumb Code     0  startup_stm32f303xe.o(.text)
    UART4_IRQHandler                         0x08000233   Thumb Code     0  startup_stm32f303xe.o(.text)
    UART5_IRQHandler                         0x08000233   Thumb Code     0  startup_stm32f303xe.o(.text)
    USART1_IRQHandler                        0x08000233   Thumb Code     0  startup_stm32f303xe.o(.text)
    USART3_IRQHandler                        0x08000233   Thumb Code     0  startup_stm32f303xe.o(.text)
    USBWakeUp_IRQHandler                     0x08000233   Thumb Code     0  startup_stm32f303xe.o(.text)
    USBWakeUp_RMP_IRQHandler                 0x08000233   Thumb Code     0  startup_stm32f303xe.o(.text)
    USB_HP_CAN1_TX_IRQHandler                0x08000233   Thumb Code     0  startup_stm32f303xe.o(.text)
    USB_HP_IRQHandler                        0x08000233   Thumb Code     0  startup_stm32f303xe.o(.text)
    USB_LP_CAN1_RX0_IRQHandler               0x08000233   Thumb Code     0  startup_stm32f303xe.o(.text)
    USB_LP_IRQHandler                        0x08000233   Thumb Code     0  startup_stm32f303xe.o(.text)
    WWDG_IRQHandler                          0x08000233   Thumb Code     0  startup_stm32f303xe.o(.text)
    __user_initial_stackheap                 0x08000235   Thumb Code     0  startup_stm32f303xe.o(.text)
    __use_two_region_memory                  0x08000259   Thumb Code     2  heapauxi.o(.text)
    __rt_heap_escrow                         0x0800025b   Thumb Code     2  heapauxi.o(.text)
    __rt_heap_expand                         0x0800025d   Thumb Code     2  heapauxi.o(.text)
    _sys_exit                                0x08000261   Thumb Code     8  sys_exit.o(.text)
    __user_libspace                          0x0800026d   Thumb Code     8  libspace.o(.text)
    __user_perproc_libspace                  0x0800026d   Thumb Code     0  libspace.o(.text)
    __user_perthread_libspace                0x0800026d   Thumb Code     0  libspace.o(.text)
    __I$use$semihosting                      0x08000275   Thumb Code     0  use_no_semi.o(.text)
    __use_no_semihosting_swi                 0x08000275   Thumb Code     2  use_no_semi.o(.text)
    __semihosting_library_function           0x08000277   Thumb Code     0  indicate_semi.o(.text)
    __user_setup_stackheap                   0x08000277   Thumb Code    74  sys_stackheap_outer.o(.text)
    exit                                     0x080002c1   Thumb Code    18  exit.o(.text)
    BusFault_Handler                         0x080002d3   Thumb Code     2  stm32f30x_it.o(.text.BusFault_Handler)
    DebugMon_Handler                         0x080002d5   Thumb Code     2  stm32f30x_it.o(.text.DebugMon_Handler)
    GPIO_Init                                0x080002d7   Thumb Code   120  stm32f30x_gpio.o(.text.GPIO_Init)
    GPIO_ReadOutputDataBit                   0x0800034f   Thumb Code    10  stm32f30x_gpio.o(.text.GPIO_ReadOutputDataBit)
    GPIO_ResetBits                           0x08000359   Thumb Code     4  stm32f30x_gpio.o(.text.GPIO_ResetBits)
    GPIO_SetBits                             0x0800035d   Thumb Code     4  stm32f30x_gpio.o(.text.GPIO_SetBits)
    HardFault_Handler                        0x08000361   Thumb Code     2  stm32f30x_it.o(.text.HardFault_Handler)
    MemManage_Handler                        0x08000363   Thumb Code     2  stm32f30x_it.o(.text.MemManage_Handler)
    NMI_Handler                              0x08000365   Thumb Code     2  stm32f30x_it.o(.text.NMI_Handler)
    PendSV_Handler                           0x08000367   Thumb Code     2  stm32f30x_it.o(.text.PendSV_Handler)
    RCC_AHBPeriphClockCmd                    0x08000369   Thumb Code    24  stm32f30x_rcc.o(.text.RCC_AHBPeriphClockCmd)
    SVC_Handler                              0x08000381   Thumb Code     2  stm32f30x_it.o(.text.SVC_Handler)
    SysTick_Handler                          0x08000385   Thumb Code    44  systick.o(.text.SysTick_Handler)
    SystemInit                               0x080003ad   Thumb Code   248  system_stm32f30x.o(.text.SystemInit)
    USART2_IRQHandler                        0x080004a5   Thumb Code   164  usartsystem.o(.text.USART2_IRQHandler)
    USART_GetITStatus                        0x08000549   Thumb Code    60  stm32f30x_usart.o(.text.USART_GetITStatus)
    USART_ReceiveData                        0x08000585   Thumb Code     8  stm32f30x_usart.o(.text.USART_ReceiveData)
    UsageFault_Handler                       0x0800058d   Thumb Code     2  stm32f30x_it.o(.text.UsageFault_Handler)
    IsStrEqual(char*, const char*, int)      0x0800058f   Thumb Code    32  utilities.o(.text._Z10IsStrEqualPcPKci)
    GetLEDState()                            0x080005af   Thumb Code    22  utilities.o(.text._Z11GetLEDStatev)
    ResetBuffer()                            0x080005c5   Thumb Code    44  usartsystem.o(.text._Z11ResetBufferv)
    SysTickInit()                            0x080005f1   Thumb Code    64  systick.o(.text._Z11SysTickInitv)
    Delay(unsigned)                          0x0800062d   Thumb Code    32  systick.o(.text._Z5Delayj)
    LEDInit()                                0x0800064d   Thumb Code    34  utilities.o(.text._Z7LEDInitv)
    LEDToggle()                              0x0800066f   Thumb Code    42  utilities.o(.text._Z9LEDTogglev)
    main                                     0x08000699   Thumb Code    22  main.o(.text.main)
    _fp_init                                 0x080006af   Thumb Code    10  fpinit.o(x$fpl$fpinit)
    __fplib_config_fpu_vfp                   0x080006b7   Thumb Code     0  fpinit.o(x$fpl$fpinit)
    __fplib_config_pureend_doubles           0x080006b7   Thumb Code     0  fpinit.o(x$fpl$fpinit)
    Region$$Table$$Base                      0x080006b8   Number         0  anon$$obj.o(Region$$Table)
    Region$$Table$$Limit                     0x080006c8   Number         0  anon$$obj.o(Region$$Table)
    __libspace_start                         0x20000000   Data          96  libspace.o(.bss)
    StartDelay                               0x20000060   Data           1  systick.o(.bss..L_MergedGlobals)
    __temporary_stack_top$libspace           0x20000060   Data           0  libspace.o(.bss)
    TimeDelayMS                              0x20000064   Data           4  systick.o(.bss..L_MergedGlobals)
    TimeDelayUS                              0x20000068   Data           4  systick.o(.bss..L_MergedGlobals)
    IsUSARTReady                             0x20000070   Data           1  usartsystem.o(.bss..L_MergedGlobals)
    USARTInvoker                             0x20000074   Data           4  usartsystem.o(.bss..L_MergedGlobals)
    strIndex                                 0x20000078   Data           4  usartsystem.o(.bss..L_MergedGlobals)
    strInternalIndex                         0x2000007c   Data           4  usartsystem.o(.bss..L_MergedGlobals)
    bufferText                               0x20000080   Data          40  usartsystem.o(.bss..L_MergedGlobals)



==============================================================================

Memory Map of the image

  Image Entry point : 0x08000195

  Load Region LR_IROM1 (Base: 0x08000000, Size: 0x000006c8, Max: 0x00080000, ABSOLUTE)

    Execution Region ER_IROM1 (Exec base: 0x08000000, Load base: 0x08000000, Size: 0x000006c8, Max: 0x00080000, ABSOLUTE)

    Exec Addr    Load Addr    Size         Type   Attr      Idx    E Section Name        Object

    0x08000000   0x08000000   0x00000194   Data   RO         1685    RESET               startup_stm32f303xe.o
    0x08000194   0x08000194   0x00000008   Code   RO         1831  * !!!main             c_w.l(__main.o)
    0x0800019c   0x0800019c   0x00000034   Code   RO         2187    !!!scatter          c_w.l(__scatter.o)
    0x080001d0   0x080001d0   0x0000001c   Code   RO         2189    !!handler_zi        c_w.l(__scatter_zi.o)
    0x080001ec   0x080001ec   0x00000002   Code   RO         2128    .ARM.Collect$$libinit$$00000000  c_w.l(libinit.o)
    0x080001ee   0x080001ee   0x00000004   Code   RO         1925    .ARM.Collect$$libinit$$00000001  c_w.l(libinit2.o)
    0x080001f2   0x080001f2   0x00000000   Code   RO         1928    .ARM.Collect$$libinit$$00000004  c_w.l(libinit2.o)
    0x080001f2   0x080001f2   0x00000000   Code   RO         1931    .ARM.Collect$$libinit$$0000000A  c_w.l(libinit2.o)
    0x080001f2   0x080001f2   0x00000000   Code   RO         1933    .ARM.Collect$$libinit$$0000000C  c_w.l(libinit2.o)
    0x080001f2   0x080001f2   0x00000000   Code   RO         1935    .ARM.Collect$$libinit$$0000000E  c_w.l(libinit2.o)
    0x080001f2   0x080001f2   0x00000000   Code   RO         1938    .ARM.Collect$$libinit$$00000011  c_w.l(libinit2.o)
    0x080001f2   0x080001f2   0x00000000   Code   RO         1940    .ARM.Collect$$libinit$$00000013  c_w.l(libinit2.o)
    0x080001f2   0x080001f2   0x00000000   Code   RO         1942    .ARM.Collect$$libinit$$00000015  c_w.l(libinit2.o)
    0x080001f2   0x080001f2   0x00000000   Code   RO         1944    .ARM.Collect$$libinit$$00000017  c_w.l(libinit2.o)
    0x080001f2   0x080001f2   0x00000000   Code   RO         1946    .ARM.Collect$$libinit$$00000019  c_w.l(libinit2.o)
    0x080001f2   0x080001f2   0x00000000   Code   RO         1948    .ARM.Collect$$libinit$$0000001B  c_w.l(libinit2.o)
    0x080001f2   0x080001f2   0x00000000   Code   RO         1950    .ARM.Collect$$libinit$$0000001D  c_w.l(libinit2.o)
    0x080001f2   0x080001f2   0x00000000   Code   RO         1952    .ARM.Collect$$libinit$$0000001F  c_w.l(libinit2.o)
    0x080001f2   0x080001f2   0x00000000   Code   RO         1954    .ARM.Collect$$libinit$$00000021  c_w.l(libinit2.o)
    0x080001f2   0x080001f2   0x00000000   Code   RO         1956    .ARM.Collect$$libinit$$00000023  c_w.l(libinit2.o)
    0x080001f2   0x080001f2   0x00000000   Code   RO         1958    .ARM.Collect$$libinit$$00000025  c_w.l(libinit2.o)
    0x080001f2   0x080001f2   0x00000000   Code   RO         1962    .ARM.Collect$$libinit$$0000002C  c_w.l(libinit2.o)
    0x080001f2   0x080001f2   0x00000000   Code   RO         1964    .ARM.Collect$$libinit$$0000002E  c_w.l(libinit2.o)
    0x080001f2   0x080001f2   0x00000000   Code   RO         1966    .ARM.Collect$$libinit$$00000030  c_w.l(libinit2.o)
    0x080001f2   0x080001f2   0x00000000   Code   RO         1968    .ARM.Collect$$libinit$$00000032  c_w.l(libinit2.o)
    0x080001f2   0x080001f2   0x00000002   Code   RO         1969    .ARM.Collect$$libinit$$00000033  c_w.l(libinit2.o)
    0x080001f4   0x080001f4   0x00000002   Code   RO         2184    .ARM.Collect$$libshutdown$$00000000  c_w.l(libshutdown.o)
    0x080001f6   0x080001f6   0x00000000   Code   RO         2140    .ARM.Collect$$libshutdown$$00000002  c_w.l(libshutdown2.o)
    0x080001f6   0x080001f6   0x00000000   Code   RO         2142    .ARM.Collect$$libshutdown$$00000004  c_w.l(libshutdown2.o)
    0x080001f6   0x080001f6   0x00000000   Code   RO         2145    .ARM.Collect$$libshutdown$$00000007  c_w.l(libshutdown2.o)
    0x080001f6   0x080001f6   0x00000000   Code   RO         2148    .ARM.Collect$$libshutdown$$0000000A  c_w.l(libshutdown2.o)
    0x080001f6   0x080001f6   0x00000000   Code   RO         2150    .ARM.Collect$$libshutdown$$0000000C  c_w.l(libshutdown2.o)
    0x080001f6   0x080001f6   0x00000000   Code   RO         2153    .ARM.Collect$$libshutdown$$0000000F  c_w.l(libshutdown2.o)
    0x080001f6   0x080001f6   0x00000002   Code   RO         2154    .ARM.Collect$$libshutdown$$00000010  c_w.l(libshutdown2.o)
    0x080001f8   0x080001f8   0x00000000   Code   RO         1887    .ARM.Collect$$rtentry$$00000000  c_w.l(__rtentry.o)
    0x080001f8   0x080001f8   0x00000000   Code   RO         2062    .ARM.Collect$$rtentry$$00000002  c_w.l(__rtentry2.o)
    0x080001f8   0x080001f8   0x00000006   Code   RO         2074    .ARM.Collect$$rtentry$$00000004  c_w.l(__rtentry4.o)
    0x080001fe   0x080001fe   0x00000000   Code   RO         2064    .ARM.Collect$$rtentry$$00000009  c_w.l(__rtentry2.o)
    0x080001fe   0x080001fe   0x00000004   Code   RO         2065    .ARM.Collect$$rtentry$$0000000A  c_w.l(__rtentry2.o)
    0x08000202   0x08000202   0x00000000   Code   RO         2067    .ARM.Collect$$rtentry$$0000000C  c_w.l(__rtentry2.o)
    0x08000202   0x08000202   0x00000008   Code   RO         2068    .ARM.Collect$$rtentry$$0000000D  c_w.l(__rtentry2.o)
    0x0800020a   0x0800020a   0x00000002   Code   RO         2129    .ARM.Collect$$rtexit$$00000000  c_w.l(rtexit.o)
    0x0800020c   0x0800020c   0x00000000   Code   RO         2160    .ARM.Collect$$rtexit$$00000002  c_w.l(rtexit2.o)
    0x0800020c   0x0800020c   0x00000004   Code   RO         2161    .ARM.Collect$$rtexit$$00000003  c_w.l(rtexit2.o)
    0x08000210   0x08000210   0x00000006   Code   RO         2162    .ARM.Collect$$rtexit$$00000004  c_w.l(rtexit2.o)
    0x08000216   0x08000216   0x00000002   PAD
    0x08000218   0x08000218   0x00000040   Code   RO         1686    .text               startup_stm32f303xe.o
    0x08000258   0x08000258   0x00000006   Code   RO         1829    .text               c_w.l(heapauxi.o)
    0x0800025e   0x0800025e   0x00000002   PAD
    0x08000260   0x08000260   0x0000000c   Code   RO         2052    .text               c_w.l(sys_exit.o)
    0x0800026c   0x0800026c   0x00000008   Code   RO         2058    .text               c_w.l(libspace.o)
    0x08000274   0x08000274   0x00000002   Code   RO         2102    .text               c_w.l(use_no_semi.o)
    0x08000276   0x08000276   0x00000000   Code   RO         2104    .text               c_w.l(indicate_semi.o)
    0x08000276   0x08000276   0x0000004a   Code   RO         2105    .text               c_w.l(sys_stackheap_outer.o)
    0x080002c0   0x080002c0   0x00000012   Code   RO         2111    .text               c_w.l(exit.o)
    0x080002d2   0x080002d2   0x00000002   Code   RO         1648    .text.BusFault_Handler  stm32f30x_it.o
    0x080002d4   0x080002d4   0x00000002   Code   RO         1654    .text.DebugMon_Handler  stm32f30x_it.o
    0x080002d6   0x080002d6   0x00000078   Code   RO          544    .text.GPIO_Init     stm32f30x_gpio.o
    0x0800034e   0x0800034e   0x0000000a   Code   RO          554    .text.GPIO_ReadOutputDataBit  stm32f30x_gpio.o
    0x08000358   0x08000358   0x00000004   Code   RO          560    .text.GPIO_ResetBits  stm32f30x_gpio.o
    0x0800035c   0x0800035c   0x00000004   Code   RO          558    .text.GPIO_SetBits  stm32f30x_gpio.o
    0x08000360   0x08000360   0x00000002   Code   RO         1644    .text.HardFault_Handler  stm32f30x_it.o
    0x08000362   0x08000362   0x00000002   Code   RO         1646    .text.MemManage_Handler  stm32f30x_it.o
    0x08000364   0x08000364   0x00000002   Code   RO         1642    .text.NMI_Handler   stm32f30x_it.o
    0x08000366   0x08000366   0x00000002   Code   RO         1656    .text.PendSV_Handler  stm32f30x_it.o
    0x08000368   0x08000368   0x00000018   Code   RO         1008    .text.RCC_AHBPeriphClockCmd  stm32f30x_rcc.o
    0x08000380   0x08000380   0x00000002   Code   RO         1652    .text.SVC_Handler   stm32f30x_it.o
    0x08000382   0x08000382   0x00000002   PAD
    0x08000384   0x08000384   0x00000028   Code   RO           16    .text.SysTick_Handler  systick.o
    0x080003ac   0x080003ac   0x000000f8   Code   RO         1668    .text.SystemInit    system_stm32f30x.o
    0x080004a4   0x080004a4   0x000000a4   Code   RO         1703    .text.USART2_IRQHandler  usartsystem.o
    0x08000548   0x08000548   0x0000003c   Code   RO         1600    .text.USART_GetITStatus  stm32f30x_usart.o
    0x08000584   0x08000584   0x00000008   Code   RO         1548    .text.USART_ReceiveData  stm32f30x_usart.o
    0x0800058c   0x0800058c   0x00000002   Code   RO         1650    .text.UsageFault_Handler  stm32f30x_it.o
    0x0800058e   0x0800058e   0x00000020   Code   RO         1727    .text._Z10IsStrEqualPcPKci  utilities.o
    0x080005ae   0x080005ae   0x00000016   Code   RO         1725    .text._Z11GetLEDStatev  utilities.o
    0x080005c4   0x080005c4   0x0000002c   Code   RO         1699    .text._Z11ResetBufferv  usartsystem.o
    0x080005f0   0x080005f0   0x0000003c   Code   RO           22    .text._Z11SysTickInitv  systick.o
    0x0800062c   0x0800062c   0x00000020   Code   RO           18    .text._Z5Delayj     systick.o
    0x0800064c   0x0800064c   0x00000022   Code   RO         1719    .text._Z7LEDInitv   utilities.o
    0x0800066e   0x0800066e   0x0000002a   Code   RO         1723    .text._Z9LEDTogglev  utilities.o
    0x08000698   0x08000698   0x00000016   Code   RO            2    .text.main          main.o
    0x080006ae   0x080006ae   0x0000000a   Code   RO         2099    x$fpl$fpinit        fz_wm.l(fpinit.o)
    0x080006b8   0x080006b8   0x00000010   Data   RO         2185    Region$$Table       anon$$obj.o


    Execution Region RW_IRAM1 (Exec base: 0x20000000, Load base: 0x080006c8, Size: 0x000006a8, Max: 0x00010000, ABSOLUTE)

    Exec Addr    Load Addr    Size         Type   Attr      Idx    E Section Name        Object

    0x20000000        -       0x00000060   Zero   RW         2059    .bss                c_w.l(libspace.o)
    0x20000060        -       0x0000000c   Zero   RW           24    .bss..L_MergedGlobals  systick.o
    0x2000006c   0x080006c8   0x00000004   PAD
    0x20000070        -       0x00000038   Zero   RW         1705    .bss..L_MergedGlobals  usartsystem.o
    0x200000a8        -       0x00000200   Zero   RW         1684    HEAP                startup_stm32f303xe.o
    0x200002a8        -       0x00000400   Zero   RW         1683    STACK               startup_stm32f303xe.o


==============================================================================

Image component sizes


      Code (inc. data)   RO Data    RW Data    ZI Data      Debug   Object Name

        22          0          0          0          0       7256   main.o
        64         26        404          0       1536        788   startup_stm32f303xe.o
       138          0          0          0          0       5955   stm32f30x_gpio.o
        16          0          0          0          0       1033   stm32f30x_it.o
        24          4          0          0          0      12360   stm32f30x_rcc.o
        68          0          0          0          0      13610   stm32f30x_usart.o
       248         20          0          0          0       4277   system_stm32f30x.o
       132         12          0          0         12       5722   systick.o
       208         52          0          0         56      12174   usartsystem.o
       130          0          0          0          0       6248   utilities.o

    ----------------------------------------------------------------------
      1052        114        420          0       1608      69423   Object Totals
         0          0         16          0          0          0   (incl. Generated)
         2          0          0          0          4          0   (incl. Padding)

    ----------------------------------------------------------------------

      Code (inc. data)   RO Data    RW Data    ZI Data      Debug   Library Member Name

         8          0          0          0          0         68   __main.o
         0          0          0          0          0          0   __rtentry.o
        12          0          0          0          0          0   __rtentry2.o
         6          0          0          0          0          0   __rtentry4.o
        52          8          0          0          0          0   __scatter.o
        28          0          0          0          0          0   __scatter_zi.o
        18          0          0          0          0         80   exit.o
         6          0          0          0          0        152   heapauxi.o
         0          0          0          0          0          0   indicate_semi.o
         2          0          0          0          0          0   libinit.o
         6          0          0          0          0          0   libinit2.o
         2          0          0          0          0          0   libshutdown.o
         2          0          0          0          0          0   libshutdown2.o
         8          4          0          0         96         68   libspace.o
         2          0          0          0          0          0   rtexit.o
        10          0          0          0          0          0   rtexit2.o
        12          4          0          0          0         68   sys_exit.o
        74          0          0          0          0         80   sys_stackheap_outer.o
         2          0          0          0          0         68   use_no_semi.o
        10          0          0          0          0        116   fpinit.o

    ----------------------------------------------------------------------
       264         16          0          0         96        700   Library Totals
         4          0          0          0          0          0   (incl. Padding)

    ----------------------------------------------------------------------

      Code (inc. data)   RO Data    RW Data    ZI Data      Debug   Library Name

       250         16          0          0         96        584   c_w.l
        10          0          0          0          0        116   fz_wm.l

    ----------------------------------------------------------------------
       264         16          0          0         96        700   Library Totals

    ----------------------------------------------------------------------

==============================================================================


      Code (inc. data)   RO Data    RW Data    ZI Data      Debug   

      1316        130        420          0       1704      69771   Grand Totals
      1316        130        420          0       1704      69771   ELF Image Totals
      1316        130        420          0          0          0   ROM Totals

==============================================================================

    Total RO  Size (Code + RO Data)                 1736 (   1.70kB)
    Total RW  Size (RW Data + ZI Data)              1704 (   1.66kB)
    Total ROM Size (Code + RO Data + RW Data)       1736 (   1.70kB)

==============================================================================

