Component: ARM Compiler 6.7 Tool: armlink [5c9ef700]

==============================================================================

Section Cross References

    stm32f30x_fmc.o(.ARM.exidx.text.FMC_NORSRAMDeInit) refers to stm32f30x_fmc.o(.text.FMC_NORSRAMDeInit) for [Anonymous Symbol]
    stm32f30x_fmc.o(.ARM.exidx.text.FMC_NORSRAMInit) refers to stm32f30x_fmc.o(.text.FMC_NORSRAMInit) for [Anonymous Symbol]
    stm32f30x_fmc.o(.ARM.exidx.text.FMC_NORSRAMStructInit) refers to stm32f30x_fmc.o(.text.FMC_NORSRAMStructInit) for [Anonymous Symbol]
    stm32f30x_fmc.o(.ARM.exidx.text.FMC_NORSRAMCmd) refers to stm32f30x_fmc.o(.text.FMC_NORSRAMCmd) for [Anonymous Symbol]
    stm32f30x_fmc.o(.ARM.exidx.text.FMC_NANDDeInit) refers to stm32f30x_fmc.o(.text.FMC_NANDDeInit) for [Anonymous Symbol]
    stm32f30x_fmc.o(.ARM.exidx.text.FMC_NANDInit) refers to stm32f30x_fmc.o(.text.FMC_NANDInit) for [Anonymous Symbol]
    stm32f30x_fmc.o(.ARM.exidx.text.FMC_NANDStructInit) refers to stm32f30x_fmc.o(.text.FMC_NANDStructInit) for [Anonymous Symbol]
    stm32f30x_fmc.o(.ARM.exidx.text.FMC_NANDCmd) refers to stm32f30x_fmc.o(.text.FMC_NANDCmd) for [Anonymous Symbol]
    stm32f30x_fmc.o(.ARM.exidx.text.FMC_NANDECCCmd) refers to stm32f30x_fmc.o(.text.FMC_NANDECCCmd) for [Anonymous Symbol]
    stm32f30x_fmc.o(.ARM.exidx.text.FMC_GetECC) refers to stm32f30x_fmc.o(.text.FMC_GetECC) for [Anonymous Symbol]
    stm32f30x_fmc.o(.ARM.exidx.text.FMC_PCCARDDeInit) refers to stm32f30x_fmc.o(.text.FMC_PCCARDDeInit) for [Anonymous Symbol]
    stm32f30x_fmc.o(.ARM.exidx.text.FMC_PCCARDInit) refers to stm32f30x_fmc.o(.text.FMC_PCCARDInit) for [Anonymous Symbol]
    stm32f30x_fmc.o(.ARM.exidx.text.FMC_PCCARDStructInit) refers to stm32f30x_fmc.o(.text.FMC_PCCARDStructInit) for [Anonymous Symbol]
    stm32f30x_fmc.o(.ARM.exidx.text.FMC_PCCARDCmd) refers to stm32f30x_fmc.o(.text.FMC_PCCARDCmd) for [Anonymous Symbol]
    stm32f30x_fmc.o(.ARM.exidx.text.FMC_ITConfig) refers to stm32f30x_fmc.o(.text.FMC_ITConfig) for [Anonymous Symbol]
    stm32f30x_fmc.o(.ARM.exidx.text.FMC_GetFlagStatus) refers to stm32f30x_fmc.o(.text.FMC_GetFlagStatus) for [Anonymous Symbol]
    stm32f30x_fmc.o(.ARM.exidx.text.FMC_ClearFlag) refers to stm32f30x_fmc.o(.text.FMC_ClearFlag) for [Anonymous Symbol]
    stm32f30x_fmc.o(.ARM.exidx.text.FMC_GetITStatus) refers to stm32f30x_fmc.o(.text.FMC_GetITStatus) for [Anonymous Symbol]
    stm32f30x_fmc.o(.ARM.exidx.text.FMC_ClearITPendingBit) refers to stm32f30x_fmc.o(.text.FMC_ClearITPendingBit) for [Anonymous Symbol]
    stm32f30x_gpio.o(.text.GPIO_DeInit) refers to stm32f30x_rcc.o(.text.RCC_AHBPeriphResetCmd) for RCC_AHBPeriphResetCmd
    stm32f30x_gpio.o(.ARM.exidx.text.GPIO_DeInit) refers to Unwind-EHABI.cpp.o(.text.__aeabi_unwind_cpp_pr0) for __aeabi_unwind_cpp_pr0
    stm32f30x_gpio.o(.ARM.exidx.text.GPIO_DeInit) refers to stm32f30x_gpio.o(.text.GPIO_DeInit) for [Anonymous Symbol]
    stm32f30x_gpio.o(.ARM.exidx.text.GPIO_Init) refers to stm32f30x_gpio.o(.text.GPIO_Init) for [Anonymous Symbol]
    stm32f30x_gpio.o(.ARM.exidx.text.GPIO_StructInit) refers to stm32f30x_gpio.o(.text.GPIO_StructInit) for [Anonymous Symbol]
    stm32f30x_gpio.o(.ARM.exidx.text.GPIO_PinLockConfig) refers to stm32f30x_gpio.o(.text.GPIO_PinLockConfig) for [Anonymous Symbol]
    stm32f30x_gpio.o(.ARM.exidx.text.GPIO_ReadInputDataBit) refers to stm32f30x_gpio.o(.text.GPIO_ReadInputDataBit) for [Anonymous Symbol]
    stm32f30x_gpio.o(.ARM.exidx.text.GPIO_ReadInputData) refers to stm32f30x_gpio.o(.text.GPIO_ReadInputData) for [Anonymous Symbol]
    stm32f30x_gpio.o(.ARM.exidx.text.GPIO_ReadOutputDataBit) refers to stm32f30x_gpio.o(.text.GPIO_ReadOutputDataBit) for [Anonymous Symbol]
    stm32f30x_gpio.o(.ARM.exidx.text.GPIO_ReadOutputData) refers to stm32f30x_gpio.o(.text.GPIO_ReadOutputData) for [Anonymous Symbol]
    stm32f30x_gpio.o(.ARM.exidx.text.GPIO_SetBits) refers to stm32f30x_gpio.o(.text.GPIO_SetBits) for [Anonymous Symbol]
    stm32f30x_gpio.o(.ARM.exidx.text.GPIO_ResetBits) refers to stm32f30x_gpio.o(.text.GPIO_ResetBits) for [Anonymous Symbol]
    stm32f30x_gpio.o(.ARM.exidx.text.GPIO_WriteBit) refers to stm32f30x_gpio.o(.text.GPIO_WriteBit) for [Anonymous Symbol]
    stm32f30x_gpio.o(.ARM.exidx.text.GPIO_Write) refers to stm32f30x_gpio.o(.text.GPIO_Write) for [Anonymous Symbol]
    stm32f30x_gpio.o(.ARM.exidx.text.GPIO_PinAFConfig) refers to stm32f30x_gpio.o(.text.GPIO_PinAFConfig) for [Anonymous Symbol]
    stm32f30x_hrtim.o(.text.HRTIM_SimpleBase_Init) refers to stm32f30x_hrtim.o(.text._ZL27HRTIM_TimingUnitBase_ConfigP13HRTIM_TypeDefjP21HRTIM_BaseInitTypeDef) for _ZL27HRTIM_TimingUnitBase_ConfigP13HRTIM_TypeDefjP21HRTIM_BaseInitTypeDef
    stm32f30x_hrtim.o(.text.HRTIM_SimpleBase_Init) refers to stm32f30x_hrtim.o(.text._ZL23HRTIM_MasterBase_ConfigP13HRTIM_TypeDefP21HRTIM_BaseInitTypeDef) for _ZL23HRTIM_MasterBase_ConfigP13HRTIM_TypeDefP21HRTIM_BaseInitTypeDef
[...]
    Removing stm32f30x_tim.o(.ARM.exidx.text.TIM_GetPrescaler), (8 bytes).
    Removing stm32f30x_tim.o(.text.TIM_UpdateDisableConfig), (18 bytes).
    Removing stm32f30x_tim.o(.ARM.exidx.text.TIM_UpdateDisableConfig), (8 bytes).
    Removing stm32f30x_tim.o(.text.TIM_UpdateRequestConfig), (18 bytes).
    Removing stm32f30x_tim.o(.ARM.exidx.text.TIM_UpdateRequestConfig), (8 bytes).
    Removing stm32f30x_tim.o(.text.TIM_UIFRemap), (18 bytes).
    Removing stm32f30x_tim.o(.ARM.exidx.text.TIM_UIFRemap), (8 bytes).
    Removing stm32f30x_tim.o(.text.TIM_ARRPreloadConfig), (18 bytes).
    Removing stm32f30x_tim.o(.ARM.exidx.text.TIM_ARRPreloadConfig), (8 bytes).
    Removing stm32f30x_tim.o(.text.TIM_SelectOnePulseMode), (16 bytes).
    Removing stm32f30x_tim.o(.ARM.exidx.text.TIM_SelectOnePulseMode), (8 bytes).
    Removing stm32f30x_tim.o(.text.TIM_SetClockDivision), (16 bytes).
    Removing stm32f30x_tim.o(.ARM.exidx.text.TIM_SetClockDivision), (8 bytes).
    Removing stm32f30x_tim.o(.text.TIM_Cmd), (18 bytes).
    Removing stm32f30x_tim.o(.ARM.exidx.text.TIM_Cmd), (8 bytes).
    Removing stm32f30x_tim.o(.text.TIM_OC1Init), (124 bytes).
    Removing stm32f30x_tim.o(.ARM.exidx.text.TIM_OC1Init), (8 bytes).
    Removing stm32f30x_tim.o(.text.TIM_OC2Init), (124 bytes).
    Removing stm32f30x_tim.o(.ARM.exidx.text.TIM_OC2Init), (8 bytes).
    Removing stm32f30x_tim.o(.text.TIM_OC3Init), (120 bytes).
    Removing stm32f30x_tim.o(.ARM.exidx.text.TIM_OC3Init), (8 bytes).
    Removing stm32f30x_tim.o(.text.TIM_OC4Init), (92 bytes).
    Removing stm32f30x_tim.o(.ARM.exidx.text.TIM_OC4Init), (8 bytes).
    Removing stm32f30x_tim.o(.text.TIM_OC5Init), (92 bytes).
    Removing stm32f30x_tim.o(.ARM.exidx.text.TIM_OC5Init), (8 bytes).
    Removing stm32f30x_tim.o(.text.TIM_OC6Init), (84 bytes).
    Removing stm32f30x_tim.o(.ARM.exidx.text.TIM_OC6Init), (8 bytes).
    Removing stm32f30x_tim.o(.text.TIM_SelectGC5C1), (18 bytes).
    Removing stm32f30x_tim.o(.ARM.exidx.text.TIM_SelectGC5C1), (8 bytes).
    Removing stm32f30x_tim.o(.text.TIM_SelectGC5C2), (18 bytes).
    Removing stm32f30x_tim.o(.ARM.exidx.text.TIM_SelectGC5C2), (8 bytes).
    Removing stm32f30x_tim.o(.text.TIM_SelectGC5C3), (18 bytes).
    Removing stm32f30x_tim.o(.ARM.exidx.text.TIM_SelectGC5C3), (8 bytes).
    Removing stm32f30x_tim.o(.text.TIM_OCStructInit), (10 bytes).
    Removing stm32f30x_tim.o(.ARM.exidx.text.TIM_OCStructInit), (8 bytes).
    Removing stm32f30x_tim.o(.text.TIM_SelectOCxM), (80 bytes).
    Removing stm32f30x_tim.o(.ARM.exidx.text.TIM_SelectOCxM), (8 bytes).
    Removing stm32f30x_tim.o(.text.TIM_SetCompare1), (4 bytes).
    Removing stm32f30x_tim.o(.ARM.exidx.text.TIM_SetCompare1), (8 bytes).
    Removing stm32f30x_tim.o(.text.TIM_SetCompare2), (4 bytes).
    Removing stm32f30x_tim.o(.ARM.exidx.text.TIM_SetCompare2), (8 bytes).
    Removing stm32f30x_tim.o(.text.TIM_SetCompare3), (4 bytes).
    Removing stm32f30x_tim.o(.ARM.exidx.text.TIM_SetCompare3), (8 bytes).
    Removing stm32f30x_tim.o(.text.TIM_SetCompare4), (4 bytes).
    Removing stm32f30x_tim.o(.ARM.exidx.text.TIM_SetCompare4), (8 bytes).
    Removing stm32f30x_tim.o(.text.TIM_SetCompare5), (4 bytes).
    Removing stm32f30x_tim.o(.ARM.exidx.text.TIM_SetCompare5), (8 bytes).
    Removing stm32f30x_tim.o(.text.TIM_SetCompare6), (4 bytes).
    Removing stm32f30x_tim.o(.ARM.exidx.text.TIM_SetCompare6), (8 bytes).
    Removing stm32f30x_tim.o(.text.TIM_ForcedOC1Config), (16 bytes).
    Removing stm32f30x_tim.o(.ARM.exidx.text.TIM_ForcedOC1Config), (8 bytes).
    Removing stm32f30x_tim.o(.text.TIM_ForcedOC2Config), (20 bytes).
    Removing stm32f30x_tim.o(.ARM.exidx.text.TIM_ForcedOC2Config), (8 bytes).
    Removing stm32f30x_tim.o(.text.TIM_ForcedOC3Config), (12 bytes).
    Removing stm32f30x_tim.o(.ARM.exidx.text.TIM_ForcedOC3Config), (8 bytes).
    Removing stm32f30x_tim.o(.text.TIM_ForcedOC4Config), (14 bytes).
    Removing stm32f30x_tim.o(.ARM.exidx.text.TIM_ForcedOC4Config), (8 bytes).
    Removing stm32f30x_tim.o(.text.TIM_ForcedOC5Config), (12 bytes).
    Removing stm32f30x_tim.o(.ARM.exidx.text.TIM_ForcedOC5Config), (8 bytes).
    Removing stm32f30x_tim.o(.text.TIM_ForcedOC6Config), (14 bytes).
    Removing stm32f30x_tim.o(.ARM.exidx.text.TIM_ForcedOC6Config), (8 bytes).
    Removing stm32f30x_tim.o(.text.TIM_OC1PreloadConfig), (12 bytes).
    Removing stm32f30x_tim.o(.ARM.exidx.text.TIM_OC1PreloadConfig), (8 bytes).
    Removing stm32f30x_tim.o(.text.TIM_OC2PreloadConfig), (14 bytes).
    Removing stm32f30x_tim.o(.ARM.exidx.text.TIM_OC2PreloadConfig), (8 bytes).
    Removing stm32f30x_tim.o(.text.TIM_OC3PreloadConfig), (12 bytes).
    Removing stm32f30x_tim.o(.ARM.exidx.text.TIM_OC3PreloadConfig), (8 bytes).
    Removing stm32f30x_tim.o(.text.TIM_OC4PreloadConfig), (14 bytes).
    Removing stm32f30x_tim.o(.ARM.exidx.text.TIM_OC4PreloadConfig), (8 bytes).
    Removing stm32f30x_tim.o(.text.TIM_OC5PreloadConfig), (12 bytes).
    Removing stm32f30x_tim.o(.ARM.exidx.text.TIM_OC5PreloadConfig), (8 bytes).
    Removing stm32f30x_tim.o(.text.TIM_OC6PreloadConfig), (14 bytes).
    Removing stm32f30x_tim.o(.ARM.exidx.text.TIM_OC6PreloadConfig), (8 bytes).
    Removing stm32f30x_tim.o(.text.TIM_OC1FastConfig), (12 bytes).
    Removing stm32f30x_tim.o(.ARM.exidx.text.TIM_OC1FastConfig), (8 bytes).
    Removing stm32f30x_tim.o(.text.TIM_OC2FastConfig), (14 bytes).
    Removing stm32f30x_tim.o(.ARM.exidx.text.TIM_OC2FastConfig), (8 bytes).
    Removing stm32f30x_tim.o(.text.TIM_OC3FastConfig), (12 bytes).
    Removing stm32f30x_tim.o(.ARM.exidx.text.TIM_OC3FastConfig), (8 bytes).
    Removing stm32f30x_tim.o(.text.TIM_OC4FastConfig), (14 bytes).
    Removing stm32f30x_tim.o(.ARM.exidx.text.TIM_OC4FastConfig), (8 bytes).
    Removing stm32f30x_tim.o(.text.TIM_ClearOC1Ref), (12 bytes).
    Removing stm32f30x_tim.o(.ARM.exidx.text.TIM_ClearOC1Ref), (8 bytes).
    Removing stm32f30x_tim.o(.text.TIM_ClearOC2Ref), (14 bytes).
    Removing stm32f30x_tim.o(.ARM.exidx.text.TIM_ClearOC2Ref), (8 bytes).
    Removing stm32f30x_tim.o(.text.TIM_ClearOC3Ref), (12 bytes).
    Removing stm32f30x_tim.o(.ARM.exidx.text.TIM_ClearOC3Ref), (8 bytes).
    Removing stm32f30x_tim.o(.text.TIM_ClearOC4Ref), (14 bytes).
    Removing stm32f30x_tim.o(.ARM.exidx.text.TIM_ClearOC4Ref), (8 bytes).
    Removing stm32f30x_tim.o(.text.TIM_ClearOC5Ref), (12 bytes).
    Removing stm32f30x_tim.o(.ARM.exidx.text.TIM_ClearOC5Ref), (8 bytes).
    Removing stm32f30x_tim.o(.text.TIM_ClearOC6Ref), (14 bytes).
    Removing stm32f30x_tim.o(.ARM.exidx.text.TIM_ClearOC6Ref), (8 bytes).
    Removing stm32f30x_tim.o(.text.TIM_SelectOCREFClear), (18 bytes).
    Removing stm32f30x_tim.o(.ARM.exidx.text.TIM_SelectOCREFClear), (8 bytes).
    Removing stm32f30x_tim.o(.text.TIM_OC1PolarityConfig), (12 bytes).
    Removing stm32f30x_tim.o(.ARM.exidx.text.TIM_OC1PolarityConfig), (8 bytes).
    Removing stm32f30x_tim.o(.text.TIM_OC1NPolarityConfig), (12 bytes).
    Removing stm32f30x_tim.o(.ARM.exidx.text.TIM_OC1NPolarityConfig), (8 bytes).
    Removing stm32f30x_tim.o(.text.TIM_OC2PolarityConfig), (14 bytes).
    Removing stm32f30x_tim.o(.ARM.exidx.text.TIM_OC2PolarityConfig), (8 bytes).
    Removing stm32f30x_tim.o(.text.TIM_OC2NPolarityConfig), (14 bytes).
    Removing stm32f30x_tim.o(.ARM.exidx.text.TIM_OC2NPolarityConfig), (8 bytes).
    Removing stm32f30x_tim.o(.text.TIM_OC3PolarityConfig), (14 bytes).
    Removing stm32f30x_tim.o(.ARM.exidx.text.TIM_OC3PolarityConfig), (8 bytes).
    Removing stm32f30x_tim.o(.text.TIM_OC3NPolarityConfig), (14 bytes).
    Removing stm32f30x_tim.o(.ARM.exidx.text.TIM_OC3NPolarityConfig), (8 bytes).
    Removing stm32f30x_tim.o(.text.TIM_OC4PolarityConfig), (14 bytes).
    Removing stm32f30x_tim.o(.ARM.exidx.text.TIM_OC4PolarityConfig), (8 bytes).
    Removing stm32f30x_tim.o(.text.TIM_OC5PolarityConfig), (14 bytes).
    Removing stm32f30x_tim.o(.ARM.exidx.text.TIM_OC5PolarityConfig), (8 bytes).
    Removing stm32f30x_tim.o(.text.TIM_OC6PolarityConfig), (14 bytes).
    Removing stm32f30x_tim.o(.ARM.exidx.text.TIM_OC6PolarityConfig), (8 bytes).
    Removing stm32f30x_tim.o(.text.TIM_CCxCmd), (26 bytes).
    Removing stm32f30x_tim.o(.ARM.exidx.text.TIM_CCxCmd), (8 bytes).
    Removing stm32f30x_tim.o(.text.TIM_CCxNCmd), (26 bytes).
    Removing stm32f30x_tim.o(.ARM.exidx.text.TIM_CCxNCmd), (8 bytes).
    Removing stm32f30x_tim.o(.text.TIM_ICInit), (242 bytes).
    Removing stm32f30x_tim.o(.ARM.exidx.text.TIM_ICInit), (8 bytes).
    Removing stm32f30x_tim.o(.text._ZL10TI1_ConfigP11TIM_TypeDefttt), (42 bytes).
    Removing stm32f30x_tim.o(.ARM.exidx.text._ZL10TI1_ConfigP11TIM_TypeDefttt), (8 bytes).
    Removing stm32f30x_tim.o(.text.TIM_SetIC1Prescaler), (16 bytes).
    Removing stm32f30x_tim.o(.ARM.exidx.text.TIM_SetIC1Prescaler), (8 bytes).
    Removing stm32f30x_tim.o(.text._ZL10TI2_ConfigP11TIM_TypeDefttt), (60 bytes).
    Removing stm32f30x_tim.o(.ARM.exidx.text._ZL10TI2_ConfigP11TIM_TypeDefttt), (8 bytes).
    Removing stm32f30x_tim.o(.text.TIM_SetIC2Prescaler), (18 bytes).
    Removing stm32f30x_tim.o(.ARM.exidx.text.TIM_SetIC2Prescaler), (8 bytes).
    Removing stm32f30x_tim.o(.text.TIM_SetIC3Prescaler), (18 bytes).
    Removing stm32f30x_tim.o(.ARM.exidx.text.TIM_SetIC3Prescaler), (8 bytes).
    Removing stm32f30x_tim.o(.text.TIM_SetIC4Prescaler), (22 bytes).
    Removing stm32f30x_tim.o(.ARM.exidx.text.TIM_SetIC4Prescaler), (8 bytes).
    Removing stm32f30x_tim.o(.text.TIM_ICStructInit), (12 bytes).
    Removing stm32f30x_tim.o(.ARM.exidx.text.TIM_ICStructInit), (8 bytes).
    Removing stm32f30x_tim.o(.text.TIM_PWMIConfig), (144 bytes).
    Removing stm32f30x_tim.o(.ARM.exidx.text.TIM_PWMIConfig), (8 bytes).
    Removing stm32f30x_tim.o(.text.TIM_GetCapture1), (4 bytes).
    Removing stm32f30x_tim.o(.ARM.exidx.text.TIM_GetCapture1), (8 bytes).
    Removing stm32f30x_tim.o(.text.TIM_GetCapture2), (4 bytes).
    Removing stm32f30x_tim.o(.ARM.exidx.text.TIM_GetCapture2), (8 bytes).
    Removing stm32f30x_tim.o(.text.TIM_GetCapture3), (4 bytes).
    Removing stm32f30x_tim.o(.ARM.exidx.text.TIM_GetCapture3), (8 bytes).
    Removing stm32f30x_tim.o(.text.TIM_GetCapture4), (4 bytes).
    Removing stm32f30x_tim.o(.ARM.exidx.text.TIM_GetCapture4), (8 bytes).
    Removing stm32f30x_tim.o(.text.TIM_BDTRConfig), (32 bytes).
    Removing stm32f30x_tim.o(.ARM.exidx.text.TIM_BDTRConfig), (8 bytes).
    Removing stm32f30x_tim.o(.text.TIM_Break1Config), (20 bytes).
    Removing stm32f30x_tim.o(.ARM.exidx.text.TIM_Break1Config), (8 bytes).
    Removing stm32f30x_tim.o(.text.TIM_Break2Config), (20 bytes).
    Removing stm32f30x_tim.o(.ARM.exidx.text.TIM_Break2Config), (8 bytes).
    Removing stm32f30x_tim.o(.text.TIM_Break1Cmd), (18 bytes).
    Removing stm32f30x_tim.o(.ARM.exidx.text.TIM_Break1Cmd), (8 bytes).
    Removing stm32f30x_tim.o(.text.TIM_Break2Cmd), (18 bytes).
    Removing stm32f30x_tim.o(.ARM.exidx.text.TIM_Break2Cmd), (8 bytes).
    Removing stm32f30x_tim.o(.text.TIM_BDTRStructInit), (12 bytes).
    Removing stm32f30x_tim.o(.ARM.exidx.text.TIM_BDTRStructInit), (8 bytes).
    Removing stm32f30x_tim.o(.text.TIM_CtrlPWMOutputs), (20 bytes).
    Removing stm32f30x_tim.o(.ARM.exidx.text.TIM_CtrlPWMOutputs), (8 bytes).
    Removing stm32f30x_tim.o(.text.TIM_SelectCOM), (22 bytes).
    Removing stm32f30x_tim.o(.ARM.exidx.text.TIM_SelectCOM), (8 bytes).
    Removing stm32f30x_tim.o(.text.TIM_CCPreloadControl), (22 bytes).
    Removing stm32f30x_tim.o(.ARM.exidx.text.TIM_CCPreloadControl), (8 bytes).
    Removing stm32f30x_tim.o(.text.TIM_ITConfig), (22 bytes).
    Removing stm32f30x_tim.o(.ARM.exidx.text.TIM_ITConfig), (8 bytes).
    Removing stm32f30x_tim.o(.text.TIM_GenerateEvent), (4 bytes).
    Removing stm32f30x_tim.o(.ARM.exidx.text.TIM_GenerateEvent), (8 bytes).
    Removing stm32f30x_tim.o(.text.TIM_GetFlagStatus), (10 bytes).
    Removing stm32f30x_tim.o(.ARM.exidx.text.TIM_GetFlagStatus), (8 bytes).
    Removing stm32f30x_tim.o(.text.TIM_ClearFlag), (10 bytes).
    Removing stm32f30x_tim.o(.ARM.exidx.text.TIM_ClearFlag), (8 bytes).
    Removing stm32f30x_tim.o(.text.TIM_GetITStatus), (20 bytes).
    Removing stm32f30x_tim.o(.ARM.exidx.text.TIM_GetITStatus), (8 bytes).
    Removing stm32f30x_tim.o(.text.TIM_ClearITPendingBit), (10 bytes).
    Removing stm32f30x_tim.o(.ARM.exidx.text.TIM_ClearITPendingBit), (8 bytes).
    Removing stm32f30x_tim.o(.text.TIM_DMAConfig), (8 bytes).
    Removing stm32f30x_tim.o(.ARM.exidx.text.TIM_DMAConfig), (8 bytes).
    Removing stm32f30x_tim.o(.text.TIM_DMACmd), (22 bytes).
    Removing stm32f30x_tim.o(.ARM.exidx.text.TIM_DMACmd), (8 bytes).
    Removing stm32f30x_tim.o(.text.TIM_SelectCCDMA), (22 bytes).
    Removing stm32f30x_tim.o(.ARM.exidx.text.TIM_SelectCCDMA), (8 bytes).
    Removing stm32f30x_tim.o(.text.TIM_InternalClockConfig), (12 bytes).
    Removing stm32f30x_tim.o(.ARM.exidx.text.TIM_InternalClockConfig), (8 bytes).
    Removing stm32f30x_tim.o(.text.TIM_ITRxExternalClockConfig), (22 bytes).
    Removing stm32f30x_tim.o(.ARM.exidx.text.TIM_ITRxExternalClockConfig), (8 bytes).
    Removing stm32f30x_tim.o(.text.TIM_SelectInputTrigger), (14 bytes).
    Removing stm32f30x_tim.o(.ARM.exidx.text.TIM_SelectInputTrigger), (8 bytes).
    Removing stm32f30x_tim.o(.text.TIM_TIxExternalClockConfig), (46 bytes).
    Removing stm32f30x_tim.o(.ARM.exidx.text.TIM_TIxExternalClockConfig), (8 bytes).
    Removing stm32f30x_tim.o(.text.TIM_ETRClockMode1Config), (32 bytes).
    Removing stm32f30x_tim.o(.ARM.exidx.text.TIM_ETRClockMode1Config), (8 bytes).
    Removing stm32f30x_tim.o(.text.TIM_ETRConfig), (18 bytes).
    Removing stm32f30x_tim.o(.ARM.exidx.text.TIM_ETRConfig), (8 bytes).
    Removing stm32f30x_tim.o(.text.TIM_ETRClockMode2Config), (26 bytes).
    Removing stm32f30x_tim.o(.ARM.exidx.text.TIM_ETRClockMode2Config), (8 bytes).
    Removing stm32f30x_tim.o(.text.TIM_SelectOutputTrigger), (18 bytes).
    Removing stm32f30x_tim.o(.ARM.exidx.text.TIM_SelectOutputTrigger), (8 bytes).
    Removing stm32f30x_tim.o(.text.TIM_SelectOutputTrigger2), (16 bytes).
    Removing stm32f30x_tim.o(.ARM.exidx.text.TIM_SelectOutputTrigger2), (8 bytes).
    Removing stm32f30x_tim.o(.text.TIM_SelectSlaveMode), (20 bytes).
    Removing stm32f30x_tim.o(.ARM.exidx.text.TIM_SelectSlaveMode), (8 bytes).
    Removing stm32f30x_tim.o(.text.TIM_SelectMasterSlaveMode), (18 bytes).
    Removing stm32f30x_tim.o(.ARM.exidx.text.TIM_SelectMasterSlaveMode), (8 bytes).
    Removing stm32f30x_tim.o(.text.TIM_EncoderInterfaceConfig), (66 bytes).
    Removing stm32f30x_tim.o(.ARM.exidx.text.TIM_EncoderInterfaceConfig), (8 bytes).
    Removing stm32f30x_tim.o(.text.TIM_SelectHallSensor), (22 bytes).
    Removing stm32f30x_tim.o(.ARM.exidx.text.TIM_SelectHallSensor), (8 bytes).
    Removing stm32f30x_tim.o(.text.TIM_RemapConfig), (6 bytes).
    Removing stm32f30x_tim.o(.ARM.exidx.text.TIM_RemapConfig), (8 bytes).
    Removing stm32f30x_usart.o(.text), (0 bytes).
    Removing stm32f30x_usart.o(.text.USART_DeInit), (152 bytes).
    Removing stm32f30x_usart.o(.ARM.exidx.text.USART_DeInit), (8 bytes).
    Removing stm32f30x_usart.o(.text.USART_Init), (192 bytes).
    Removing stm32f30x_usart.o(.ARM.exidx.text.USART_Init), (8 bytes).
    Removing stm32f30x_usart.o(.text.USART_StructInit), (22 bytes).
    Removing stm32f30x_usart.o(.ARM.exidx.text.USART_StructInit), (8 bytes).
    Removing stm32f30x_usart.o(.text.USART_ClockInit), (30 bytes).
    Removing stm32f30x_usart.o(.ARM.exidx.text.USART_ClockInit), (8 bytes).
    Removing stm32f30x_usart.o(.text.USART_ClockStructInit), (12 bytes).
    Removing stm32f30x_usart.o(.ARM.exidx.text.USART_ClockStructInit), (8 bytes).
    Removing stm32f30x_usart.o(.text.USART_Cmd), (18 bytes).
    Removing stm32f30x_usart.o(.ARM.exidx.text.USART_Cmd), (8 bytes).
    Removing stm32f30x_usart.o(.text.USART_DirectionModeCmd), (16 bytes).
    Removing stm32f30x_usart.o(.ARM.exidx.text.USART_DirectionModeCmd), (8 bytes).
    Removing stm32f30x_usart.o(.text.USART_OverSampling8Cmd), (18 bytes).
    Removing stm32f30x_usart.o(.ARM.exidx.text.USART_OverSampling8Cmd), (8 bytes).
    Removing stm32f30x_usart.o(.text.USART_OneBitMethodCmd), (18 bytes).
    Removing stm32f30x_usart.o(.ARM.exidx.text.USART_OneBitMethodCmd), (8 bytes).
    Removing stm32f30x_usart.o(.text.USART_MSBFirstCmd), (18 bytes).
    Removing stm32f30x_usart.o(.ARM.exidx.text.USART_MSBFirstCmd), (8 bytes).
    Removing stm32f30x_usart.o(.text.USART_DataInvCmd), (18 bytes).
    Removing stm32f30x_usart.o(.ARM.exidx.text.USART_DataInvCmd), (8 bytes).
    Removing stm32f30x_usart.o(.text.USART_InvPinCmd), (16 bytes).
    Removing stm32f30x_usart.o(.ARM.exidx.text.USART_InvPinCmd), (8 bytes).
    Removing stm32f30x_usart.o(.text.USART_SWAPPinCmd), (18 bytes).
    Removing stm32f30x_usart.o(.ARM.exidx.text.USART_SWAPPinCmd), (8 bytes).
    Removing stm32f30x_usart.o(.text.USART_ReceiverTimeOutCmd), (18 bytes).
    Removing stm32f30x_usart.o(.ARM.exidx.text.USART_ReceiverTimeOutCmd), (8 bytes).
    Removing stm32f30x_usart.o(.text.USART_SetReceiverTimeOut), (16 bytes).
    Removing stm32f30x_usart.o(.ARM.exidx.text.USART_SetReceiverTimeOut), (8 bytes).
    Removing stm32f30x_usart.o(.text.USART_SetPrescaler), (16 bytes).
    Removing stm32f30x_usart.o(.ARM.exidx.text.USART_SetPrescaler), (8 bytes).
    Removing stm32f30x_usart.o(.text.USART_STOPModeCmd), (18 bytes).
    Removing stm32f30x_usart.o(.ARM.exidx.text.USART_STOPModeCmd), (8 bytes).
    Removing stm32f30x_usart.o(.text.USART_StopModeWakeUpSourceConfig), (16 bytes).
    Removing stm32f30x_usart.o(.ARM.exidx.text.USART_StopModeWakeUpSourceConfig), (8 bytes).
    Removing stm32f30x_usart.o(.text.USART_AutoBaudRateCmd), (18 bytes).
    Removing stm32f30x_usart.o(.ARM.exidx.text.USART_AutoBaudRateCmd), (8 bytes).
    Removing stm32f30x_usart.o(.text.USART_AutoBaudRateConfig), (16 bytes).
    Removing stm32f30x_usart.o(.ARM.exidx.text.USART_AutoBaudRateConfig), (8 bytes).
    Removing stm32f30x_usart.o(.text.USART_SendData), (8 bytes).
    Removing stm32f30x_usart.o(.ARM.exidx.text.USART_SendData), (8 bytes).
    Removing stm32f30x_usart.o(.text.USART_ReceiveData), (8 bytes).
    Removing stm32f30x_usart.o(.ARM.exidx.text.USART_ReceiveData), (8 bytes).
    Removing stm32f30x_usart.o(.text.USART_SetAddress), (18 bytes).
    Removing stm32f30x_usart.o(.ARM.exidx.text.USART_SetAddress), (8 bytes).
    Removing stm32f30x_usart.o(.text.USART_MuteModeCmd), (18 bytes).
    Removing stm32f30x_usart.o(.ARM.exidx.text.USART_MuteModeCmd), (8 bytes).
    Removing stm32f30x_usart.o(.text.USART_MuteModeWakeUpConfig), (16 bytes).
    Removing stm32f30x_usart.o(.ARM.exidx.text.USART_MuteModeWakeUpConfig), (8 bytes).
    Removing stm32f30x_usart.o(.text.USART_AddressDetectionConfig), (16 bytes).
    Removing stm32f30x_usart.o(.ARM.exidx.text.USART_AddressDetectionConfig), (8 bytes).
    Removing stm32f30x_usart.o(.text.USART_LINBreakDetectLengthConfig), (16 bytes).
    Removing stm32f30x_usart.o(.ARM.exidx.text.USART_LINBreakDetectLengthConfig), (8 bytes).
    Removing stm32f30x_usart.o(.text.USART_LINCmd), (18 bytes).
    Removing stm32f30x_usart.o(.ARM.exidx.text.USART_LINCmd), (8 bytes).
    Removing stm32f30x_usart.o(.text.USART_HalfDuplexCmd), (18 bytes).
    Removing stm32f30x_usart.o(.ARM.exidx.text.USART_HalfDuplexCmd), (8 bytes).
    Removing stm32f30x_usart.o(.text.USART_SetGuardTime), (16 bytes).
    Removing stm32f30x_usart.o(.ARM.exidx.text.USART_SetGuardTime), (8 bytes).
    Removing stm32f30x_usart.o(.text.USART_SmartCardCmd), (18 bytes).
    Removing stm32f30x_usart.o(.ARM.exidx.text.USART_SmartCardCmd), (8 bytes).
    Removing stm32f30x_usart.o(.text.USART_SmartCardNACKCmd), (18 bytes).
    Removing stm32f30x_usart.o(.ARM.exidx.text.USART_SmartCardNACKCmd), (8 bytes).
    Removing stm32f30x_usart.o(.text.USART_SetAutoRetryCount), (18 bytes).
    Removing stm32f30x_usart.o(.ARM.exidx.text.USART_SetAutoRetryCount), (8 bytes).
    Removing stm32f30x_usart.o(.text.USART_SetBlockLength), (18 bytes).
    Removing stm32f30x_usart.o(.ARM.exidx.text.USART_SetBlockLength), (8 bytes).
    Removing stm32f30x_usart.o(.text.USART_IrDAConfig), (16 bytes).
    Removing stm32f30x_usart.o(.ARM.exidx.text.USART_IrDAConfig), (8 bytes).
    Removing stm32f30x_usart.o(.text.USART_IrDACmd), (18 bytes).
    Removing stm32f30x_usart.o(.ARM.exidx.text.USART_IrDACmd), (8 bytes).
    Removing stm32f30x_usart.o(.text.USART_DECmd), (18 bytes).
    Removing stm32f30x_usart.o(.ARM.exidx.text.USART_DECmd), (8 bytes).
    Removing stm32f30x_usart.o(.text.USART_DEPolarityConfig), (16 bytes).
    Removing stm32f30x_usart.o(.ARM.exidx.text.USART_DEPolarityConfig), (8 bytes).
    Removing stm32f30x_usart.o(.text.USART_SetDEAssertionTime), (18 bytes).
    Removing stm32f30x_usart.o(.ARM.exidx.text.USART_SetDEAssertionTime), (8 bytes).
    Removing stm32f30x_usart.o(.text.USART_SetDEDeassertionTime), (18 bytes).
    Removing stm32f30x_usart.o(.ARM.exidx.text.USART_SetDEDeassertionTime), (8 bytes).
    Removing stm32f30x_usart.o(.text.USART_DMACmd), (16 bytes).
    Removing stm32f30x_usart.o(.ARM.exidx.text.USART_DMACmd), (8 bytes).
    Removing stm32f30x_usart.o(.text.USART_DMAReceptionErrorConfig), (16 bytes).
    Removing stm32f30x_usart.o(.ARM.exidx.text.USART_DMAReceptionErrorConfig), (8 bytes).
    Removing stm32f30x_usart.o(.text.USART_ITConfig), (44 bytes).
    Removing stm32f30x_usart.o(.ARM.exidx.text.USART_ITConfig), (8 bytes).
    Removing stm32f30x_usart.o(.text.USART_RequestCmd), (18 bytes).
    Removing stm32f30x_usart.o(.ARM.exidx.text.USART_RequestCmd), (8 bytes).
    Removing stm32f30x_usart.o(.text.USART_OverrunDetectionConfig), (16 bytes).
    Removing stm32f30x_usart.o(.ARM.exidx.text.USART_OverrunDetectionConfig), (8 bytes).
    Removing stm32f30x_usart.o(.text.USART_GetFlagStatus), (10 bytes).
    Removing stm32f30x_usart.o(.ARM.exidx.text.USART_GetFlagStatus), (8 bytes).
    Removing stm32f30x_usart.o(.text.USART_ClearFlag), (4 bytes).
    Removing stm32f30x_usart.o(.ARM.exidx.text.USART_ClearFlag), (8 bytes).
    Removing stm32f30x_usart.o(.text.USART_GetITStatus), (60 bytes).
    Removing stm32f30x_usart.o(.ARM.exidx.text.USART_GetITStatus), (8 bytes).
    Removing stm32f30x_usart.o(.text.USART_ClearITPendingBit), (12 bytes).
    Removing stm32f30x_usart.o(.ARM.exidx.text.USART_ClearITPendingBit), (8 bytes).
    Removing stm32f30x_wwdg.o(.text), (0 bytes).
    Removing stm32f30x_wwdg.o(.text.WWDG_DeInit), (26 bytes).
    Removing stm32f30x_wwdg.o(.ARM.exidx.text.WWDG_DeInit), (8 bytes).
    Removing stm32f30x_wwdg.o(.text.WWDG_SetPrescaler), (20 bytes).
    Removing stm32f30x_wwdg.o(.ARM.exidx.text.WWDG_SetPrescaler), (8 bytes).
    Removing stm32f30x_wwdg.o(.text.WWDG_SetWindowValue), (40 bytes).
    Removing stm32f30x_wwdg.o(.ARM.exidx.text.WWDG_SetWindowValue), (8 bytes).
    Removing stm32f30x_wwdg.o(.text.WWDG_EnableIT), (16 bytes).
    Removing stm32f30x_wwdg.o(.ARM.exidx.text.WWDG_EnableIT), (8 bytes).
    Removing stm32f30x_wwdg.o(.text.WWDG_SetCounter), (16 bytes).
    Removing stm32f30x_wwdg.o(.ARM.exidx.text.WWDG_SetCounter), (8 bytes).
    Removing stm32f30x_wwdg.o(.text.WWDG_Enable), (16 bytes).
    Removing stm32f30x_wwdg.o(.ARM.exidx.text.WWDG_Enable), (8 bytes).
    Removing stm32f30x_wwdg.o(.text.WWDG_GetFlagStatus), (16 bytes).
    Removing stm32f30x_wwdg.o(.ARM.exidx.text.WWDG_GetFlagStatus), (8 bytes).
    Removing stm32f30x_wwdg.o(.text.WWDG_ClearFlag), (12 bytes).
    Removing stm32f30x_wwdg.o(.ARM.exidx.text.WWDG_ClearFlag), (8 bytes).
    Removing stm32f30x_it.o(.text), (0 bytes).
    Removing stm32f30x_it.o(.ARM.exidx.text.NMI_Handler), (8 bytes).
    Removing stm32f30x_it.o(.ARM.exidx.text.HardFault_Handler), (8 bytes).
    Removing stm32f30x_it.o(.ARM.exidx.text.MemManage_Handler), (8 bytes).
    Removing stm32f30x_it.o(.ARM.exidx.text.BusFault_Handler), (8 bytes).
    Removing stm32f30x_it.o(.ARM.exidx.text.UsageFault_Handler), (8 bytes).
    Removing stm32f30x_it.o(.ARM.exidx.text.SVC_Handler), (8 bytes).
    Removing stm32f30x_it.o(.ARM.exidx.text.DebugMon_Handler), (8 bytes).
    Removing stm32f30x_it.o(.ARM.exidx.text.PendSV_Handler), (8 bytes).
    Removing system_stm32f30x.o(.text), (0 bytes).
    Removing system_stm32f30x.o(.ARM.exidx.text.SystemInit), (8 bytes).
    Removing system_stm32f30x.o(.text.SystemCoreClockUpdate), (92 bytes).
    Removing system_stm32f30x.o(.ARM.exidx.text.SystemCoreClockUpdate), (8 bytes).
    Removing system_stm32f30x.o(.data..L_MergedGlobals), (20 bytes).
    Removing dcmotors_1.o(.text), (0 bytes).
    Removing dcmotors_1.o(.ARM.exidx.text._Z9motorInitv), (8 bytes).
    Removing dcmotors_1.o(.text._Z12motorControlii), (184 bytes).
    Removing dcmotors_1.o(.ARM.exidx.text._Z12motorControlii), (8 bytes).
    Removing main.o(.text), (0 bytes).
    Removing main.o(.ARM.exidx.text.main), (8 bytes).
    Removing main.o(.ARM.use_no_argv), (4 bytes).
    Removing stepper.o(.text), (0 bytes).
    Removing systick.o(.text), (0 bytes).
    Removing systick.o(.ARM.exidx.text.SysTick_Handler), (8 bytes).
    Removing systick.o(.ARM.exidx.text._Z5Delayj), (8 bytes).
    Removing systick.o(.text._Z10DelayMicroj), (40 bytes).
    Removing systick.o(.ARM.exidx.text._Z10DelayMicroj), (8 bytes).
    Removing systick.o(.ARM.exidx.text._Z11SysTickInitv), (8 bytes).
    Removing lcd_dispay.o(.text), (0 bytes).
    Removing lcd_dispay.o(.ARM.exidx.text._Z13LCD_PutNibbleh), (8 bytes).
    Removing lcd_dispay.o(.ARM.exidx.text._Z9LCD_Pulsev), (8 bytes).
    Removing lcd_dispay.o(.ARM.exidx.text._Z12LCD_sendDatah), (8 bytes).
    Removing lcd_dispay.o(.ARM.exidx.text._Z15LCD_sendCommandh), (8 bytes).
    Removing lcd_dispay.o(.ARM.exidx.text._Z8LCD_initv), (8 bytes).
    Removing lcd_dispay.o(.ARM.exidx.text._Z8LCD_gpiov), (8 bytes).
    Removing lcd_dispay.o(.ARM.exidx.text._Z8LCD_testv), (8 bytes).
    Removing lcd_dispay.o(.ARM.exidx.text._Z14LCD_displaystrPc), (8 bytes).
    Removing Unwind-EHABI.cpp.o(.text), (0 bytes).
    Removing Unwind-EHABI.cpp.o(.text.decode_eht_entry), (82 bytes).
    Removing Unwind-EHABI.cpp.o(.ARM.exidx.text.decode_eht_entry), (8 bytes).
    Removing Unwind-EHABI.cpp.o(.text._Unwind_VRS_Interpret), (562 bytes).
    Removing Unwind-EHABI.cpp.o(.ARM.exidx.text._Unwind_VRS_Interpret), (8 bytes).
    Removing Unwind-EHABI.cpp.o(.text._Unwind_VRS_Get), (88 bytes).
    Removing Unwind-EHABI.cpp.o(.ARM.exidx.text._Unwind_VRS_Get), (8 bytes).
    Removing Unwind-EHABI.cpp.o(.text._Unwind_VRS_Set), (90 bytes).
    Removing Unwind-EHABI.cpp.o(.ARM.exidx.text._Unwind_VRS_Set), (8 bytes).
    Removing Unwind-EHABI.cpp.o(.text._Unwind_VRS_Pop), (232 bytes).
    Removing Unwind-EHABI.cpp.o(.ARM.exidx.text._Unwind_VRS_Pop), (8 bytes).
    Removing Unwind-EHABI.cpp.o(.text.__aeabi_unwind_cpp_pr0), (8 bytes).
    Removing Unwind-EHABI.cpp.o(.ARM.exidx.text.__aeabi_unwind_cpp_pr0), (8 bytes).
    Removing Unwind-EHABI.cpp.o(.text._ZN12_GLOBAL__N_1L14unwindOneFrameEjP21_Unwind_Control_BlockP15_Unwind_Context), (54 bytes).
    Removing Unwind-EHABI.cpp.o(.ARM.exidx.text._ZN12_GLOBAL__N_1L14unwindOneFrameEjP21_Unwind_Control_BlockP15_Unwind_Context), (8 bytes).
    Removing Unwind-EHABI.cpp.o(.text.__aeabi_unwind_cpp_pr1), (8 bytes).
    Removing Unwind-EHABI.cpp.o(.ARM.exidx.text.__aeabi_unwind_cpp_pr1), (8 bytes).
    Removing Unwind-EHABI.cpp.o(.text.__aeabi_unwind_cpp_pr2), (8 bytes).
    Removing Unwind-EHABI.cpp.o(.ARM.exidx.text.__aeabi_unwind_cpp_pr2), (8 bytes).
    Removing Unwind-EHABI.cpp.o(.text._Unwind_RaiseException), (122 bytes).
    Removing Unwind-EHABI.cpp.o(.ARM.exidx.text._Unwind_RaiseException), (8 bytes).
    Removing Unwind-EHABI.cpp.o(.text._ZL13unwind_phase2P13unw_context_tP12unw_cursor_tP21_Unwind_Control_Blockb), (166 bytes).
    Removing Unwind-EHABI.cpp.o(.ARM.exidx.text._ZL13unwind_phase2P13unw_context_tP12unw_cursor_tP21_Unwind_Control_Blockb), (8 bytes).
    Removing Unwind-EHABI.cpp.o(.text._Unwind_Complete), (2 bytes).
    Removing Unwind-EHABI.cpp.o(.ARM.exidx.text._Unwind_Complete), (8 bytes).
    Removing Unwind-EHABI.cpp.o(.text._Unwind_Resume), (32 bytes).
    Removing Unwind-EHABI.cpp.o(.ARM.extab.text._Unwind_Resume), (12 bytes).
    Removing Unwind-EHABI.cpp.o(.ARM.exidx.text._Unwind_Resume), (8 bytes).
    Removing Unwind-EHABI.cpp.o(.text._Unwind_GetLanguageSpecificData), (24 bytes).
    Removing Unwind-EHABI.cpp.o(.ARM.exidx.text._Unwind_GetLanguageSpecificData), (8 bytes).
    Removing Unwind-EHABI.cpp.o(.text._Unwind_GetRegionStart), (24 bytes).
    Removing Unwind-EHABI.cpp.o(.ARM.exidx.text._Unwind_GetRegionStart), (8 bytes).
    Removing Unwind-EHABI.cpp.o(.text._Unwind_DeleteException), (12 bytes).
    Removing Unwind-EHABI.cpp.o(.ARM.exidx.text._Unwind_DeleteException), (8 bytes).
    Removing Unwind-EHABI.cpp.o(.text.__gnu_unwind_frame), (20 bytes).
    Removing Unwind-EHABI.cpp.o(.ARM.exidx.text.__gnu_unwind_frame), (8 bytes).
    Removing libunwind.cpp.o(.text), (0 bytes).
    Removing libunwind.cpp.o(.text.unw_init_local), (70 bytes).
    Removing libunwind.cpp.o(.ARM.exidx.text.unw_init_local), (8 bytes).
    Removing libunwind.cpp.o(.text.unw_get_reg), (46 bytes).
    Removing libunwind.cpp.o(.ARM.exidx.text.unw_get_reg), (8 bytes).
    Removing libunwind.cpp.o(.text.unw_set_reg), (66 bytes).
    Removing libunwind.cpp.o(.ARM.exidx.text.unw_set_reg), (8 bytes).
    Removing libunwind.cpp.o(.text.unw_get_fpreg), (48 bytes).
    Removing libunwind.cpp.o(.ARM.exidx.text.unw_get_fpreg), (8 bytes).
    Removing libunwind.cpp.o(.text.unw_set_fpreg), (56 bytes).
    Removing libunwind.cpp.o(.ARM.exidx.text.unw_set_fpreg), (8 bytes).
    Removing libunwind.cpp.o(.text.unw_step), (6 bytes).
    Removing libunwind.cpp.o(.ARM.exidx.text.unw_step), (8 bytes).
    Removing libunwind.cpp.o(.text.unw_get_proc_info), (30 bytes).
    Removing libunwind.cpp.o(.ARM.exidx.text.unw_get_proc_info), (8 bytes).
    Removing libunwind.cpp.o(.text.unw_resume), (18 bytes).
    Removing libunwind.cpp.o(.ARM.exidx.text.unw_resume), (8 bytes).
    Removing libunwind.cpp.o(.text.unw_get_proc_name), (30 bytes).
    Removing libunwind.cpp.o(.ARM.exidx.text.unw_get_proc_name), (8 bytes).
    Removing libunwind.cpp.o(.text.unw_is_fpreg), (10 bytes).
    Removing libunwind.cpp.o(.ARM.exidx.text.unw_is_fpreg), (8 bytes).
    Removing libunwind.cpp.o(.text.unw_regname), (6 bytes).
    Removing libunwind.cpp.o(.ARM.exidx.text.unw_regname), (8 bytes).
    Removing libunwind.cpp.o(.text.unw_is_signal_frame), (10 bytes).
    Removing libunwind.cpp.o(.ARM.exidx.text.unw_is_signal_frame), (8 bytes).
    Removing libunwind.cpp.o(.text.unw_save_vfp_as_X), (6 bytes).
    Removing libunwind.cpp.o(.ARM.exidx.text.unw_save_vfp_as_X), (8 bytes).
    Removing libunwind.cpp.o(.bss._ZN9libunwind17LocalAddressSpace17sThisAddressSpaceE), (1 bytes).
    Removing libunwind.cpp.o(.data.unw_local_addr_space), (4 bytes).
    Removing UnwindRegistersSave.S.o(.text), (46 bytes).
    Removing UnwindRegistersRestore.S.o(.text), (38 bytes).
    Removing libunwind.cpp.o(.text._ZN9libunwind20AbstractUnwindCursorD2Ev), (2 bytes).
    Removing libunwind.cpp.o(.ARM.exidx.text._ZN9libunwind20AbstractUnwindCursorD2Ev), (8 bytes).
    Removing libunwind.cpp.o(.text._ZN9libunwind12UnwindCursorINS_17LocalAddressSpaceENS_13Registers_armEED0Ev), (2 bytes).
    Removing libunwind.cpp.o(.ARM.exidx.text._ZN9libunwind12UnwindCursorINS_17LocalAddressSpaceENS_13Registers_armEED0Ev), (8 bytes).
    Removing libunwind.cpp.o(.text._ZN9libunwind12UnwindCursorINS_17LocalAddressSpaceENS_13Registers_armEE8validRegEi), (14 bytes).
    Removing libunwind.cpp.o(.ARM.exidx.text._ZN9libunwind12UnwindCursorINS_17LocalAddressSpaceENS_13Registers_armEE8validRegEi), (8 bytes).
    Removing libunwind.cpp.o(.text._ZN9libunwind12UnwindCursorINS_17LocalAddressSpaceENS_13Registers_armEE6getRegEi), (58 bytes).
    Removing libunwind.cpp.o(.ARM.exidx.text._ZN9libunwind12UnwindCursorINS_17LocalAddressSpaceENS_13Registers_armEE6getRegEi), (8 bytes).
    Removing libunwind.cpp.o(.text._ZN9libunwind12UnwindCursorINS_17LocalAddressSpaceENS_13Registers_armEE6setRegEij), (56 bytes).
    Removing libunwind.cpp.o(.ARM.exidx.text._ZN9libunwind12UnwindCursorINS_17LocalAddressSpaceENS_13Registers_armEE6setRegEij), (8 bytes).
    Removing libunwind.cpp.o(.text._ZN9libunwind12UnwindCursorINS_17LocalAddressSpaceENS_13Registers_armEE13validFloatRegEi), (16 bytes).
    Removing libunwind.cpp.o(.ARM.exidx.text._ZN9libunwind12UnwindCursorINS_17LocalAddressSpaceENS_13Registers_armEE13validFloatRegEi), (8 bytes).
    Removing libunwind.cpp.o(.text._ZN9libunwind12UnwindCursorINS_17LocalAddressSpaceENS_13Registers_armEE11getFloatRegEi), (100 bytes).
    Removing libunwind.cpp.o(.ARM.exidx.text._ZN9libunwind12UnwindCursorINS_17LocalAddressSpaceENS_13Registers_armEE11getFloatRegEi), (8 bytes).
    Removing libunwind.cpp.o(.text._ZN9libunwind12UnwindCursorINS_17LocalAddressSpaceENS_13Registers_armEE11setFloatRegEiy), (110 bytes).
    Removing libunwind.cpp.o(.ARM.exidx.text._ZN9libunwind12UnwindCursorINS_17LocalAddressSpaceENS_13Registers_armEE11setFloatRegEiy), (8 bytes).
    Removing libunwind.cpp.o(.text._ZN9libunwind12UnwindCursorINS_17LocalAddressSpaceENS_13Registers_armEE4stepEv), (80 bytes).
    Removing libunwind.cpp.o(.ARM.exidx.text._ZN9libunwind12UnwindCursorINS_17LocalAddressSpaceENS_13Registers_armEE4stepEv), (8 bytes).
    Removing libunwind.cpp.o(.text._ZN9libunwind12UnwindCursorINS_17LocalAddressSpaceENS_13Registers_armEE7getInfoEP15unw_proc_info_t), (42 bytes).
    Removing libunwind.cpp.o(.ARM.exidx.text._ZN9libunwind12UnwindCursorINS_17LocalAddressSpaceENS_13Registers_armEE7getInfoEP15unw_proc_info_t), (8 bytes).
    Removing libunwind.cpp.o(.text._ZN9libunwind12UnwindCursorINS_17LocalAddressSpaceENS_13Registers_armEE6jumptoEv), (22 bytes).
    Removing libunwind.cpp.o(.ARM.exidx.text._ZN9libunwind12UnwindCursorINS_17LocalAddressSpaceENS_13Registers_armEE6jumptoEv), (8 bytes).
    Removing libunwind.cpp.o(.text._ZN9libunwind12UnwindCursorINS_17LocalAddressSpaceENS_13Registers_armEE13isSignalFrameEv), (6 bytes).
    Removing libunwind.cpp.o(.ARM.exidx.text._ZN9libunwind12UnwindCursorINS_17LocalAddressSpaceENS_13Registers_armEE13isSignalFrameEv), (8 bytes).
    Removing libunwind.cpp.o(.text._ZN9libunwind12UnwindCursorINS_17LocalAddressSpaceENS_13Registers_armEE15getFunctionNameEPcjPj), (16 bytes).
    Removing libunwind.cpp.o(.ARM.exidx.text._ZN9libunwind12UnwindCursorINS_17LocalAddressSpaceENS_13Registers_armEE15getFunctionNameEPcjPj), (8 bytes).
    Removing libunwind.cpp.o(.text._ZN9libunwind12UnwindCursorINS_17LocalAddressSpaceENS_13Registers_armEE24setInfoBasedOnIPRegisterEb), (84 bytes).
    Removing libunwind.cpp.o(.ARM.exidx.text._ZN9libunwind12UnwindCursorINS_17LocalAddressSpaceENS_13Registers_armEE24setInfoBasedOnIPRegisterEb), (8 bytes).
    Removing libunwind.cpp.o(.text._ZN9libunwind12UnwindCursorINS_17LocalAddressSpaceENS_13Registers_armEE15getRegisterNameEi), (6 bytes).
    Removing libunwind.cpp.o(.ARM.exidx.text._ZN9libunwind12UnwindCursorINS_17LocalAddressSpaceENS_13Registers_armEE15getRegisterNameEi), (8 bytes).
    Removing libunwind.cpp.o(.text._ZN9libunwind12UnwindCursorINS_17LocalAddressSpaceENS_13Registers_armEE10saveVFPAsXEv), (8 bytes).
    Removing libunwind.cpp.o(.ARM.exidx.text._ZN9libunwind12UnwindCursorINS_17LocalAddressSpaceENS_13Registers_armEE10saveVFPAsXEv), (8 bytes).
    Removing libunwind.cpp.o(.text._ZN9libunwind12UnwindCursorINS_17LocalAddressSpaceENS_13Registers_armEE13stepWithEHABIEv), (48 bytes).
    Removing libunwind.cpp.o(.ARM.exidx.text._ZN9libunwind12UnwindCursorINS_17LocalAddressSpaceENS_13Registers_armEE13stepWithEHABIEv), (8 bytes).
    Removing libunwind.cpp.o(.text._ZN9libunwind13Registers_arm26restoreSavedFloatRegistersEv), (50 bytes).
    Removing libunwind.cpp.o(.ARM.exidx.text._ZN9libunwind13Registers_arm26restoreSavedFloatRegistersEv), (8 bytes).
    Removing libunwind.cpp.o(.text._ZN9libunwind12UnwindCursorINS_17LocalAddressSpaceENS_13Registers_armEE23getInfoFromEHABISectionEjRKNS_18UnwindInfoSectionsE), (452 bytes).
    Removing libunwind.cpp.o(.ARM.exidx.text._ZN9libunwind12UnwindCursorINS_17LocalAddressSpaceENS_13Registers_armEE23getInfoFromEHABISectionEjRKNS_18UnwindInfoSectionsE), (8 bytes).
    Removing libunwind.cpp.o(.text._ZNSt3__113__upper_boundIRNS_6__lessIjjEEN9libunwind20EHABISectionIteratorINS4_17LocalAddressSpaceEEEjEET0_S8_S8_RKT1_T_), (90 bytes).
    Removing libunwind.cpp.o(.ARM.exidx.text._ZNSt3__113__upper_boundIRNS_6__lessIjjEEN9libunwind20EHABISectionIteratorINS4_17LocalAddressSpaceEEEjEET0_S8_S8_RKT1_T_), (8 bytes).
    Removing libunwind.cpp.o(.text._ZN9libunwind13Registers_arm15getRegisterNameEi), (916 bytes).
    Removing libunwind.cpp.o(.ARM.exidx.text._ZN9libunwind13Registers_arm15getRegisterNameEi), (8 bytes).
    Removing libunwind.cpp.o(.rodata._ZTVN9libunwind12UnwindCursorINS_17LocalAddressSpaceENS_13Registers_armEEE), (72 bytes).

1141 unused section(s) (total 27499 bytes) removed from the image.

==============================================================================

Image Symbol Table

    Local Symbols

    Symbol Name                              Value     Ov Type        Size  Object(Section)

    ../clib/angel/boardlib.s                 0x00000000   Number         0  boardinit1.o ABSOLUTE
    ../clib/angel/boardlib.s                 0x00000000   Number         0  boardshut.o ABSOLUTE
    ../clib/angel/boardlib.s                 0x00000000   Number         0  boardinit3.o ABSOLUTE
    ../clib/angel/boardlib.s                 0x00000000   Number         0  boardinit2.o ABSOLUTE
    ../clib/angel/handlers.s                 0x00000000   Number         0  __scatter_zi.o ABSOLUTE
    ../clib/angel/kernel.s                   0x00000000   Number         0  rtexit2.o ABSOLUTE
    ../clib/angel/kernel.s                   0x00000000   Number         0  __rtentry2.o ABSOLUTE
    ../clib/angel/kernel.s                   0x00000000   Number         0  __rtentry4.o ABSOLUTE
    ../clib/angel/kernel.s                   0x00000000   Number         0  __rtentry.o ABSOLUTE
    ../clib/angel/kernel.s                   0x00000000   Number         0  rtexit.o ABSOLUTE
    ../clib/angel/rt.s                       0x00000000   Number         0  rt_raise.o ABSOLUTE
    ../clib/angel/scatter.s                  0x00000000   Number         0  __scatter.o ABSOLUTE
    ../clib/angel/startup.s                  0x00000000   Number         0  __main.o ABSOLUTE
    ../clib/angel/sys.s                      0x00000000   Number         0  indicate_semi.o ABSOLUTE
    ../clib/angel/sys.s                      0x00000000   Number         0  sys_stackheap_outer.o ABSOLUTE
    ../clib/angel/sys.s                      0x00000000   Number         0  libspace.o ABSOLUTE
    ../clib/angel/sys.s                      0x00000000   Number         0  use_no_semi.o ABSOLUTE
    ../clib/angel/sysapp.c                   0x00000000   Number         0  sys_exit_hlt.o ABSOLUTE
    ../clib/angel/sysapp.c                   0x00000000   Number         0  sys_exit.o ABSOLUTE
    ../clib/angel/sysapp.c                   0x00000000   Number         0  sys_command_hlt.o ABSOLUTE
    ../clib/angel/sysapp.c                   0x00000000   Number         0  sys_wrch_hlt.o ABSOLUTE
    ../clib/angel/sysapp.c                   0x00000000   Number         0  sys_wrch.o ABSOLUTE
    ../clib/angel/sysapp.c                   0x00000000   Number         0  sys_command.o ABSOLUTE
    ../clib/armsys.c                         0x00000000   Number         0  _get_argv_nomalloc.o ABSOLUTE
    ../clib/armsys.c                         0x00000000   Number         0  argv_veneer.o ABSOLUTE
    ../clib/armsys.c                         0x00000000   Number         0  argv_veneer.o ABSOLUTE
    ../clib/armsys.c                         0x00000000   Number         0  no_argv.o ABSOLUTE
    ../clib/heapalloc.c                      0x00000000   Number         0  hrguard.o ABSOLUTE
    ../clib/heapaux.c                        0x00000000   Number         0  heapauxi.o ABSOLUTE
    ../clib/libinit.s                        0x00000000   Number         0  libinit.o ABSOLUTE
    ../clib/libinit.s                        0x00000000   Number         0  libinit2.o ABSOLUTE
    ../clib/libinit.s                        0x00000000   Number         0  libshutdown2.o ABSOLUTE
    ../clib/libinit.s                        0x00000000   Number         0  libshutdown.o ABSOLUTE
    ../clib/memcpset.s                       0x00000000   Number         0  rt_memcpy_v6.o ABSOLUTE
    ../clib/memcpset.s                       0x00000000   Number         0  rt_memcpy_w.o ABSOLUTE
    ../clib/memcpset.s                       0x00000000   Number         0  rt_memclr_w.o ABSOLUTE
    ../clib/signal.c                         0x00000000   Number         0  defsig_rtmem_inner.o ABSOLUTE
    ../clib/signal.c                         0x00000000   Number         0  defsig_rtred_inner.o ABSOLUTE
    ../clib/signal.c                         0x00000000   Number         0  defsig_fpe_inner.o ABSOLUTE
    ../clib/signal.c                         0x00000000   Number         0  defsig_stak_inner.o ABSOLUTE
    ../clib/signal.c                         0x00000000   Number         0  defsig_pvfn_inner.o ABSOLUTE
    ../clib/signal.c                         0x00000000   Number         0  defsig_cppl_inner.o ABSOLUTE
    ../clib/signal.c                         0x00000000   Number         0  defsig_other.o ABSOLUTE
    ../clib/signal.c                         0x00000000   Number         0  defsig_rtmem_outer.o ABSOLUTE
    ../clib/signal.c                         0x00000000   Number         0  defsig_rtmem_formal.o ABSOLUTE
    ../clib/signal.c                         0x00000000   Number         0  defsig_general.o ABSOLUTE
    ../clib/signal.c                         0x00000000   Number         0  __raise.o ABSOLUTE
    ../clib/signal.c                         0x00000000   Number         0  defsig_segv_inner.o ABSOLUTE
    ../clib/signal.c                         0x00000000   Number         0  defsig_abrt_inner.o ABSOLUTE
    ../clib/signal.c                         0x00000000   Number         0  defsig_exit.o ABSOLUTE
    ../clib/signal.c                         0x00000000   Number         0  defsig_abrt_formal.o ABSOLUTE
    ../clib/signal.c                         0x00000000   Number         0  defsig_abrt_outer.o ABSOLUTE
    ../clib/signal.s                         0x00000000   Number         0  defsig.o ABSOLUTE
    ../clib/stdlib.c                         0x00000000   Number         0  exit.o ABSOLUTE
    ../clib/stdlib.c                         0x00000000   Number         0  abort.o ABSOLUTE
    ../clib/string.c                         0x00000000   Number         0  strlen.o ABSOLUTE
    ../fplib/fpinit.s                        0x00000000   Number         0  fpinit.o ABSOLUTE
    /tmp/plgbuild/abs_build/597170_24667/BRA_RVCT_6.7/work/src/libunwind/src/Unwind-EHABI.cpp 0x00000000   Number         0  Unwind-EHABI.cpp.o ABSOLUTE
    /tmp/plgbuild/abs_build/597170_24667/BRA_RVCT_6.7/work/src/libunwind/src/libunwind.cpp 0x00000000   Number         0  libunwind.cpp.o ABSOLUTE
    DCMotors.cpp                             0x00000000   Number         0  dcmotors_1.o ABSOLUTE
    LCD_dispay.cpp                           0x00000000   Number         0  lcd_dispay.o ABSOLUTE
    SysTick.cpp                              0x00000000   Number         0  systick.o ABSOLUTE
    dc.s                                     0x00000000   Number         0  dc.o ABSOLUTE
    main.cpp                                 0x00000000   Number         0  main.o ABSOLUTE
    startup_stm32f303xe.s                    0x00000000   Number         0  startup_stm32f303xe.o ABSOLUTE
    stepper.cpp                              0x00000000   Number         0  stepper.o ABSOLUTE
    stm32f30x_fmc.cpp                        0x00000000   Number         0  stm32f30x_fmc.o ABSOLUTE
    stm32f30x_gpio.cpp                       0x00000000   Number         0  stm32f30x_gpio.o ABSOLUTE
    stm32f30x_hrtim.cpp                      0x00000000   Number         0  stm32f30x_hrtim.o ABSOLUTE
    stm32f30x_i2c.cpp                        0x00000000   Number         0  stm32f30x_i2c.o ABSOLUTE
    stm32f30x_it.cpp                         0x00000000   Number         0  stm32f30x_it.o ABSOLUTE
    stm32f30x_iwdg.cpp                       0x00000000   Number         0  stm32f30x_iwdg.o ABSOLUTE
    stm32f30x_misc.cpp                       0x00000000   Number         0  stm32f30x_misc.o ABSOLUTE
    stm32f30x_opamp.cpp                      0x00000000   Number         0  stm32f30x_opamp.o ABSOLUTE
    stm32f30x_pwr.cpp                        0x00000000   Number         0  stm32f30x_pwr.o ABSOLUTE
    stm32f30x_rcc.cpp                        0x00000000   Number         0  stm32f30x_rcc.o ABSOLUTE
    stm32f30x_rtc.cpp                        0x00000000   Number         0  stm32f30x_rtc.o ABSOLUTE
    stm32f30x_spi.cpp                        0x00000000   Number         0  stm32f30x_spi.o ABSOLUTE
    stm32f30x_syscfg.cpp                     0x00000000   Number         0  stm32f30x_syscfg.o ABSOLUTE
    stm32f30x_tim.cpp                        0x00000000   Number         0  stm32f30x_tim.o ABSOLUTE
    stm32f30x_usart.cpp                      0x00000000   Number         0  stm32f30x_usart.o ABSOLUTE
    stm32f30x_wwdg.cpp                       0x00000000   Number         0  stm32f30x_wwdg.o ABSOLUTE
    system_stm32f30x.cpp                     0x00000000   Number         0  system_stm32f30x.o ABSOLUTE
    RESET                                    0x08000000   Section      404  startup_stm32f303xe.o(RESET)
    !!!main                                  0x08000194   Section        8  __main.o(!!!main)
    !!!scatter                               0x0800019c   Section       52  __scatter.o(!!!scatter)
    !!handler_zi                             0x080001d0   Section       28  __scatter_zi.o(!!handler_zi)
    .ARM.Collect$$libinit$$00000000          0x080001ec   Section        2  libinit.o(.ARM.Collect$$libinit$$00000000)
    .ARM.Collect$$libinit$$00000001          0x080001ee   Section        4  libinit2.o(.ARM.Collect$$libinit$$00000001)
    .ARM.Collect$$libinit$$00000004          0x080001f2   Section        0  libinit2.o(.ARM.Collect$$libinit$$00000004)
    .ARM.Collect$$libinit$$0000000A          0x080001f2   Section        0  libinit2.o(.ARM.Collect$$libinit$$0000000A)
    .ARM.Collect$$libinit$$0000000C          0x080001f2   Section        0  libinit2.o(.ARM.Collect$$libinit$$0000000C)
    .ARM.Collect$$libinit$$0000000E          0x080001f2   Section        0  libinit2.o(.ARM.Collect$$libinit$$0000000E)
    .ARM.Collect$$libinit$$00000011          0x080001f2   Section        0  libinit2.o(.ARM.Collect$$libinit$$00000011)
    .ARM.Collect$$libinit$$00000013          0x080001f2   Section        0  libinit2.o(.ARM.Collect$$libinit$$00000013)
    .ARM.Collect$$libinit$$00000015          0x080001f2   Section        0  libinit2.o(.ARM.Collect$$libinit$$00000015)
    .ARM.Collect$$libinit$$00000017          0x080001f2   Section        0  libinit2.o(.ARM.Collect$$libinit$$00000017)
    .ARM.Collect$$libinit$$00000019          0x080001f2   Section        0  libinit2.o(.ARM.Collect$$libinit$$00000019)
    .ARM.Collect$$libinit$$0000001B          0x080001f2   Section        0  libinit2.o(.ARM.Collect$$libinit$$0000001B)
    .ARM.Collect$$libinit$$0000001D          0x080001f2   Section        0  libinit2.o(.ARM.Collect$$libinit$$0000001D)
    .ARM.Collect$$libinit$$0000001F          0x080001f2   Section        0  libinit2.o(.ARM.Collect$$libinit$$0000001F)
    .ARM.Collect$$libinit$$00000021          0x080001f2   Section        0  libinit2.o(.ARM.Collect$$libinit$$00000021)
    .ARM.Collect$$libinit$$00000023          0x080001f2   Section        0  libinit2.o(.ARM.Collect$$libinit$$00000023)
    .ARM.Collect$$libinit$$00000025          0x080001f2   Section        0  libinit2.o(.ARM.Collect$$libinit$$00000025)
    .ARM.Collect$$libinit$$0000002C          0x080001f2   Section        0  libinit2.o(.ARM.Collect$$libinit$$0000002C)
    .ARM.Collect$$libinit$$0000002E          0x080001f2   Section        0  libinit2.o(.ARM.Collect$$libinit$$0000002E)
    .ARM.Collect$$libinit$$00000030          0x080001f2   Section        0  libinit2.o(.ARM.Collect$$libinit$$00000030)
    .ARM.Collect$$libinit$$00000032          0x080001f2   Section        0  libinit2.o(.ARM.Collect$$libinit$$00000032)
    .ARM.Collect$$libinit$$00000033          0x080001f2   Section        2  libinit2.o(.ARM.Collect$$libinit$$00000033)
    .ARM.Collect$$libshutdown$$00000000      0x080001f4   Section        2  libshutdown.o(.ARM.Collect$$libshutdown$$00000000)
    .ARM.Collect$$libshutdown$$00000002      0x080001f6   Section        0  libshutdown2.o(.ARM.Collect$$libshutdown$$00000002)
    .ARM.Collect$$libshutdown$$00000004      0x080001f6   Section        0  libshutdown2.o(.ARM.Collect$$libshutdown$$00000004)
    .ARM.Collect$$libshutdown$$00000007      0x080001f6   Section        0  libshutdown2.o(.ARM.Collect$$libshutdown$$00000007)
    .ARM.Collect$$libshutdown$$0000000A      0x080001f6   Section        0  libshutdown2.o(.ARM.Collect$$libshutdown$$0000000A)
    .ARM.Collect$$libshutdown$$0000000C      0x080001f6   Section        0  libshutdown2.o(.ARM.Collect$$libshutdown$$0000000C)
    .ARM.Collect$$libshutdown$$0000000F      0x080001f6   Section        0  libshutdown2.o(.ARM.Collect$$libshutdown$$0000000F)
    .ARM.Collect$$libshutdown$$00000010      0x080001f6   Section        2  libshutdown2.o(.ARM.Collect$$libshutdown$$00000010)
    .ARM.Collect$$rtentry$$00000000          0x080001f8   Section        0  __rtentry.o(.ARM.Collect$$rtentry$$00000000)
    .ARM.Collect$$rtentry$$00000002          0x080001f8   Section        0  __rtentry2.o(.ARM.Collect$$rtentry$$00000002)
    .ARM.Collect$$rtentry$$00000004          0x080001f8   Section        6  __rtentry4.o(.ARM.Collect$$rtentry$$00000004)
    .ARM.Collect$$rtentry$$00000009          0x080001fe   Section        0  __rtentry2.o(.ARM.Collect$$rtentry$$00000009)
    .ARM.Collect$$rtentry$$0000000A          0x080001fe   Section        4  __rtentry2.o(.ARM.Collect$$rtentry$$0000000A)
    .ARM.Collect$$rtentry$$0000000C          0x08000202   Section        0  __rtentry2.o(.ARM.Collect$$rtentry$$0000000C)
    .ARM.Collect$$rtentry$$0000000D          0x08000202   Section        8  __rtentry2.o(.ARM.Collect$$rtentry$$0000000D)
    .ARM.Collect$$rtexit$$00000000           0x0800020a   Section        2  rtexit.o(.ARM.Collect$$rtexit$$00000000)
    .ARM.Collect$$rtexit$$00000002           0x0800020c   Section        0  rtexit2.o(.ARM.Collect$$rtexit$$00000002)
    .ARM.Collect$$rtexit$$00000003           0x0800020c   Section        4  rtexit2.o(.ARM.Collect$$rtexit$$00000003)
    .ARM.Collect$$rtexit$$00000004           0x08000210   Section        6  rtexit2.o(.ARM.Collect$$rtexit$$00000004)
    .text                                    0x08000218   Section       64  startup_stm32f303xe.o(.text)
    $v0                                      0x08000218   Number         0  startup_stm32f303xe.o(.text)
    SPI4_IRQHandler                          0x08000233   Thumb Code     0  startup_stm32f303xe.o(.text)
    .text                                    0x08000258   Section        0  strlen.o(.text)
    .text                                    0x08000296   Section        0  heapauxi.o(.text)
    .text                                    0x0800029c   Section        0  sys_exit.o(.text)
    .text                                    0x080002a8   Section        2  use_no_semi.o(.text)
    .text                                    0x080002aa   Section       74  sys_stackheap_outer.o(.text)
    .text                                    0x080002aa   Section        0  indicate_semi.o(.text)
    .text                                    0x080002f4   Section        0  exit.o(.text)
    .text                                    0x08000308   Section        8  libspace.o(.text)
    [Anonymous Symbol]                       0x08000310   Section        0  stm32f30x_it.o(.text.BusFault_Handler)
    [Anonymous Symbol]                       0x08000312   Section        0  stm32f30x_it.o(.text.DebugMon_Handler)
    [Anonymous Symbol]                       0x08000314   Section        0  stm32f30x_gpio.o(.text.GPIO_Init)
    [Anonymous Symbol]                       0x0800038c   Section        0  stm32f30x_gpio.o(.text.GPIO_PinAFConfig)
    [Anonymous Symbol]                       0x080003b8   Section        0  stm32f30x_gpio.o(.text.GPIO_WriteBit)
    [Anonymous Symbol]                       0x080003c2   Section        0  stm32f30x_it.o(.text.HardFault_Handler)
    [Anonymous Symbol]                       0x080003c4   Section        0  stm32f30x_it.o(.text.MemManage_Handler)
    [Anonymous Symbol]                       0x080003c6   Section        0  stm32f30x_it.o(.text.NMI_Handler)
    [Anonymous Symbol]                       0x080003c8   Section        0  stm32f30x_it.o(.text.PendSV_Handler)
    [Anonymous Symbol]                       0x080003cc   Section        0  stm32f30x_rcc.o(.text.RCC_AHBPeriphClockCmd)
    __arm_cp.30_0                            0x080003e0   Number         4  stm32f30x_rcc.o(.text.RCC_AHBPeriphClockCmd)
    [Anonymous Symbol]                       0x080003e4   Section        0  stm32f30x_rcc.o(.text.RCC_APB2PeriphClockCmd)
    __arm_cp.31_0                            0x080003f8   Number         4  stm32f30x_rcc.o(.text.RCC_APB2PeriphClockCmd)
    [Anonymous Symbol]                       0x080003fc   Section        0  stm32f30x_it.o(.text.SVC_Handler)
    [Anonymous Symbol]                       0x08000400   Section        0  systick.o(.text.SysTick_Handler)
    [Anonymous Symbol]                       0x08000428   Section        0  system_stm32f30x.o(.text.SystemInit)
    __arm_cp.0_0                             0x0800050c   Number         4  system_stm32f30x.o(.text.SystemInit)
    __arm_cp.0_1                             0x08000510   Number         4  system_stm32f30x.o(.text.SystemInit)
    __arm_cp.0_2                             0x08000514   Number         4  system_stm32f30x.o(.text.SystemInit)
    __arm_cp.0_3                             0x08000518   Number         4  system_stm32f30x.o(.text.SystemInit)
    __arm_cp.0_4                             0x0800051c   Number         4  system_stm32f30x.o(.text.SystemInit)
    [Anonymous Symbol]                       0x08000520   Section        0  stm32f30x_it.o(.text.UsageFault_Handler)
    [Anonymous Symbol]                       0x08000524   Section        0  systick.o(.text._Z11SysTickInitv)
    __arm_cp.3_0                             0x08000558   Number         4  systick.o(.text._Z11SysTickInitv)
    __arm_cp.3_1                             0x0800055c   Number         4  systick.o(.text._Z11SysTickInitv)
    [Anonymous Symbol]                       0x08000560   Section        0  lcd_dispay.o(.text._Z12LCD_sendDatah)
    [Anonymous Symbol]                       0x08000580   Section        0  lcd_dispay.o(.text._Z13LCD_PutNibbleh)
    [Anonymous Symbol]                       0x080005d4   Section        0  lcd_dispay.o(.text._Z14LCD_displaystrPc)
    [Anonymous Symbol]                       0x080005f0   Section        0  lcd_dispay.o(.text._Z15LCD_sendCommandh)
    [Anonymous Symbol]                       0x08000628   Section        0  systick.o(.text._Z5Delayj)
    __arm_cp.1_0                             0x08000644   Number         4  systick.o(.text._Z5Delayj)
    [Anonymous Symbol]                       0x08000648   Section        0  lcd_dispay.o(.text._Z8LCD_gpiov)
    [Anonymous Symbol]                       0x08000660   Section        0  lcd_dispay.o(.text._Z8LCD_initv)
    __arm_cp.4_0                             0x080006b4   Number         4  lcd_dispay.o(.text._Z8LCD_initv)
    __arm_cp.4_1                             0x080006b8   Number         4  lcd_dispay.o(.text._Z8LCD_initv)
    [Anonymous Symbol]                       0x080006bc   Section        0  lcd_dispay.o(.text._Z8LCD_testv)
    [Anonymous Symbol]                       0x080006cc   Section        0  lcd_dispay.o(.text._Z9LCD_Pulsev)
    [Anonymous Symbol]                       0x080006f8   Section        0  dcmotors_1.o(.text._Z9motorInitv)
    __arm_cp.0_0                             0x0800075c   Number         4  dcmotors_1.o(.text._Z9motorInitv)
    __arm_cp.0_1                             0x08000760   Number         4  dcmotors_1.o(.text._Z9motorInitv)
    __arm_cp.0_2                             0x08000764   Number         4  dcmotors_1.o(.text._Z9motorInitv)
    [Anonymous Symbol]                       0x08000768   Section        0  main.o(.text.main)
    x$fpl$fpinit                             0x08000788   Section       10  fpinit.o(x$fpl$fpinit)
    $v0                                      0x08000788   Number         0  fpinit.o(x$fpl$fpinit)
    .bss                                     0x20000000   Section       96  libspace.o(.bss)
    [Anonymous Symbol]                       0x20000060   Section        0  systick.o(.bss..L_MergedGlobals)
    HEAP                                     0x20000070   Section      512  startup_stm32f303xe.o(HEAP)
    Heap_Mem                                 0x20000070   Data         512  startup_stm32f303xe.o(HEAP)
    STACK                                    0x20000270   Section     1024  startup_stm32f303xe.o(STACK)
    Stack_Mem                                0x20000270   Data        1024  startup_stm32f303xe.o(STACK)
    __initial_sp                             0x20000670   Data           0  startup_stm32f303xe.o(STACK)

    Global Symbols

    Symbol Name                              Value     Ov Type        Size  Object(Section)

    BuildAttributes$$THM_ISAv4$E$P$D$K$B$S$7EM$VFPi3$EXTD16$VFPS$VFMA$PE$A:L22UL41UL21$X:L11$S22US41US21$IEEE1$IW$~IW$USESV6$~STKCKD$USESV7$~SHL$OSPACE$ROPI$EBA8$UX$STANDARDLIB$REQ8$PRES8$EABIv2 0x00000000   Number         0  anon$$obj.o ABSOLUTE
    SHT$$ARM_EXIDX$$Base                      - Undefined Reference
    SHT$$ARM_EXIDX$$Limit                     - Undefined Reference
    __ARM_exceptions_init                     - Undefined Weak Reference
    __alloca_initialize                       - Undefined Weak Reference
    __arm_preinit_                            - Undefined Weak Reference
    __cpp_initialize__aeabi_                  - Undefined Weak Reference
    __cxa_finalize                            - Undefined Weak Reference
    __rt_locale                               - Undefined Weak Reference
    __sigvec_lookup                           - Undefined Weak Reference
    _atexit_init                              - Undefined Weak Reference
    _call_atexit_fns                          - Undefined Weak Reference
    _clock_init                               - Undefined Weak Reference
    _fp_trap_init                             - Undefined Weak Reference
    _fp_trap_shutdown                         - Undefined Weak Reference
    _get_lc_collate                           - Undefined Weak Reference
    _get_lc_ctype                             - Undefined Weak Reference
    _get_lc_monetary                          - Undefined Weak Reference
    _get_lc_numeric                           - Undefined Weak Reference
    _get_lc_time                              - Undefined Weak Reference
    _getenv_init                              - Undefined Weak Reference
    _handle_redirection                       - Undefined Weak Reference
    _init_alloc                               - Undefined Weak Reference
    _init_user_alloc                          - Undefined Weak Reference
    _initio                                   - Undefined Weak Reference
    _rand_init                                - Undefined Weak Reference
    _signal_finish                            - Undefined Weak Reference
    _signal_init                              - Undefined Weak Reference
    _terminate_alloc                          - Undefined Weak Reference
    _terminate_user_alloc                     - Undefined Weak Reference
    _terminateio                              - Undefined Weak Reference
    __Vectors_Size                           0x00000194   Number         0  startup_stm32f303xe.o ABSOLUTE
    __Vectors                                0x08000000   Data           4  startup_stm32f303xe.o(RESET)
    __Vectors_End                            0x08000194   Data           0  startup_stm32f303xe.o(RESET)
    __main                                   0x08000195   Thumb Code     8  __main.o(!!!main)
    __scatterload                            0x0800019d   Thumb Code     0  __scatter.o(!!!scatter)
    __scatterload_rt2                        0x0800019d   Thumb Code    44  __scatter.o(!!!scatter)
    __scatterload_rt2_thumb_only             0x0800019d   Thumb Code     0  __scatter.o(!!!scatter)
    __scatterload_null                       0x080001ab   Thumb Code     0  __scatter.o(!!!scatter)
    __scatterload_zeroinit                   0x080001d1   Thumb Code    28  __scatter_zi.o(!!handler_zi)
    __rt_lib_init                            0x080001ed   Thumb Code     0  libinit.o(.ARM.Collect$$libinit$$00000000)
    __rt_lib_init_fp_1                       0x080001ef   Thumb Code     0  libinit2.o(.ARM.Collect$$libinit$$00000001)
    __rt_lib_init_alloca_1                   0x080001f3   Thumb Code     0  libinit2.o(.ARM.Collect$$libinit$$0000002E)
    __rt_lib_init_argv_1                     0x080001f3   Thumb Code     0  libinit2.o(.ARM.Collect$$libinit$$0000002C)
    __rt_lib_init_atexit_1                   0x080001f3   Thumb Code     0  libinit2.o(.ARM.Collect$$libinit$$0000001B)
    __rt_lib_init_clock_1                    0x080001f3   Thumb Code     0  libinit2.o(.ARM.Collect$$libinit$$00000021)
    __rt_lib_init_cpp_1                      0x080001f3   Thumb Code     0  libinit2.o(.ARM.Collect$$libinit$$00000032)
    __rt_lib_init_exceptions_1               0x080001f3   Thumb Code     0  libinit2.o(.ARM.Collect$$libinit$$00000030)
    __rt_lib_init_fp_trap_1                  0x080001f3   Thumb Code     0  libinit2.o(.ARM.Collect$$libinit$$0000001F)
    __rt_lib_init_getenv_1                   0x080001f3   Thumb Code     0  libinit2.o(.ARM.Collect$$libinit$$00000023)
    __rt_lib_init_heap_1                     0x080001f3   Thumb Code     0  libinit2.o(.ARM.Collect$$libinit$$0000000A)
    __rt_lib_init_lc_collate_1               0x080001f3   Thumb Code     0  libinit2.o(.ARM.Collect$$libinit$$00000011)
    __rt_lib_init_lc_ctype_1                 0x080001f3   Thumb Code     0  libinit2.o(.ARM.Collect$$libinit$$00000013)
    __rt_lib_init_lc_monetary_1              0x080001f3   Thumb Code     0  libinit2.o(.ARM.Collect$$libinit$$00000015)
    __rt_lib_init_lc_numeric_1               0x080001f3   Thumb Code     0  libinit2.o(.ARM.Collect$$libinit$$00000017)
    __rt_lib_init_lc_time_1                  0x080001f3   Thumb Code     0  libinit2.o(.ARM.Collect$$libinit$$00000019)
    __rt_lib_init_preinit_1                  0x080001f3   Thumb Code     0  libinit2.o(.ARM.Collect$$libinit$$00000004)
    __rt_lib_init_rand_1                     0x080001f3   Thumb Code     0  libinit2.o(.ARM.Collect$$libinit$$0000000E)
    __rt_lib_init_return                     0x080001f3   Thumb Code     0  libinit2.o(.ARM.Collect$$libinit$$00000033)
    __rt_lib_init_signal_1                   0x080001f3   Thumb Code     0  libinit2.o(.ARM.Collect$$libinit$$0000001D)
    __rt_lib_init_stdio_1                    0x080001f3   Thumb Code     0  libinit2.o(.ARM.Collect$$libinit$$00000025)
    __rt_lib_init_user_alloc_1               0x080001f3   Thumb Code     0  libinit2.o(.ARM.Collect$$libinit$$0000000C)
    __rt_lib_shutdown                        0x080001f5   Thumb Code     0  libshutdown.o(.ARM.Collect$$libshutdown$$00000000)
    __rt_lib_shutdown_cpp_1                  0x080001f7   Thumb Code     0  libshutdown2.o(.ARM.Collect$$libshutdown$$00000002)
    __rt_lib_shutdown_fp_trap_1              0x080001f7   Thumb Code     0  libshutdown2.o(.ARM.Collect$$libshutdown$$00000007)
    __rt_lib_shutdown_heap_1                 0x080001f7   Thumb Code     0  libshutdown2.o(.ARM.Collect$$libshutdown$$0000000F)
    __rt_lib_shutdown_return                 0x080001f7   Thumb Code     0  libshutdown2.o(.ARM.Collect$$libshutdown$$00000010)
    __rt_lib_shutdown_signal_1               0x080001f7   Thumb Code     0  libshutdown2.o(.ARM.Collect$$libshutdown$$0000000A)
    __rt_lib_shutdown_stdio_1                0x080001f7   Thumb Code     0  libshutdown2.o(.ARM.Collect$$libshutdown$$00000004)
    __rt_lib_shutdown_user_alloc_1           0x080001f7   Thumb Code     0  libshutdown2.o(.ARM.Collect$$libshutdown$$0000000C)
    __rt_entry                               0x080001f9   Thumb Code     0  __rtentry.o(.ARM.Collect$$rtentry$$00000000)
    __rt_entry_presh_1                       0x080001f9   Thumb Code     0  __rtentry2.o(.ARM.Collect$$rtentry$$00000002)
    __rt_entry_sh                            0x080001f9   Thumb Code     0  __rtentry4.o(.ARM.Collect$$rtentry$$00000004)
    __rt_entry_li                            0x080001ff   Thumb Code     0  __rtentry2.o(.ARM.Collect$$rtentry$$0000000A)
    __rt_entry_postsh_1                      0x080001ff   Thumb Code     0  __rtentry2.o(.ARM.Collect$$rtentry$$00000009)
    __rt_entry_main                          0x08000203   Thumb Code     0  __rtentry2.o(.ARM.Collect$$rtentry$$0000000D)
    __rt_entry_postli_1                      0x08000203   Thumb Code     0  __rtentry2.o(.ARM.Collect$$rtentry$$0000000C)
    __rt_exit                                0x0800020b   Thumb Code     0  rtexit.o(.ARM.Collect$$rtexit$$00000000)
    __rt_exit_ls                             0x0800020d   Thumb Code     0  rtexit2.o(.ARM.Collect$$rtexit$$00000003)
    __rt_exit_prels_1                        0x0800020d   Thumb Code     0  rtexit2.o(.ARM.Collect$$rtexit$$00000002)
    __rt_exit_exit                           0x08000211   Thumb Code     0  rtexit2.o(.ARM.Collect$$rtexit$$00000004)
    Reset_Handler                            0x08000219   Thumb Code     8  startup_stm32f303xe.o(.text)
    ADC1_2_IRQHandler                        0x08000233   Thumb Code     0  startup_stm32f303xe.o(.text)
    ADC3_IRQHandler                          0x08000233   Thumb Code     0  startup_stm32f303xe.o(.text)
    ADC4_IRQHandler                          0x08000233   Thumb Code     0  startup_stm32f303xe.o(.text)
    CAN1_RX1_IRQHandler                      0x08000233   Thumb Code     0  startup_stm32f303xe.o(.text)
    CAN1_SCE_IRQHandler                      0x08000233   Thumb Code     0  startup_stm32f303xe.o(.text)
    COMP1_2_3_IRQHandler                     0x08000233   Thumb Code     0  startup_stm32f303xe.o(.text)
    COMP4_5_6_IRQHandler                     0x08000233   Thumb Code     0  startup_stm32f303xe.o(.text)
    COMP7_IRQHandler                         0x08000233   Thumb Code     0  startup_stm32f303xe.o(.text)
    DMA1_Channel1_IRQHandler                 0x08000233   Thumb Code     0  startup_stm32f303xe.o(.text)
    DMA1_Channel2_IRQHandler                 0x08000233   Thumb Code     0  startup_stm32f303xe.o(.text)
    DMA1_Channel3_IRQHandler                 0x08000233   Thumb Code     0  startup_stm32f303xe.o(.text)
    DMA1_Channel4_IRQHandler                 0x08000233   Thumb Code     0  startup_stm32f303xe.o(.text)
    DMA1_Channel5_IRQHandler                 0x08000233   Thumb Code     0  startup_stm32f303xe.o(.text)
    DMA1_Channel6_IRQHandler                 0x08000233   Thumb Code     0  startup_stm32f303xe.o(.text)
    DMA1_Channel7_IRQHandler                 0x08000233   Thumb Code     0  startup_stm32f303xe.o(.text)
    DMA2_Channel1_IRQHandler                 0x08000233   Thumb Code     0  startup_stm32f303xe.o(.text)
    DMA2_Channel2_IRQHandler                 0x08000233   Thumb Code     0  startup_stm32f303xe.o(.text)
    DMA2_Channel3_IRQHandler                 0x08000233   Thumb Code     0  startup_stm32f303xe.o(.text)
    DMA2_Channel4_IRQHandler                 0x08000233   Thumb Code     0  startup_stm32f303xe.o(.text)
    DMA2_Channel5_IRQHandler                 0x08000233   Thumb Code     0  startup_stm32f303xe.o(.text)
    EXTI0_IRQHandler                         0x08000233   Thumb Code     0  startup_stm32f303xe.o(.text)
    EXTI15_10_IRQHandler                     0x08000233   Thumb Code     0  startup_stm32f303xe.o(.text)
    EXTI1_IRQHandler                         0x08000233   Thumb Code     0  startup_stm32f303xe.o(.text)
    EXTI2_TS_IRQHandler                      0x08000233   Thumb Code     0  startup_stm32f303xe.o(.text)
    EXTI3_IRQHandler                         0x08000233   Thumb Code     0  startup_stm32f303xe.o(.text)
    EXTI4_IRQHandler                         0x08000233   Thumb Code     0  startup_stm32f303xe.o(.text)
    EXTI9_5_IRQHandler                       0x08000233   Thumb Code     0  startup_stm32f303xe.o(.text)
    FLASH_IRQHandler                         0x08000233   Thumb Code     0  startup_stm32f303xe.o(.text)
    FMC_IRQHandler                           0x08000233   Thumb Code     0  startup_stm32f303xe.o(.text)
    FPU_IRQHandler                           0x08000233   Thumb Code     0  startup_stm32f303xe.o(.text)
    I2C1_ER_IRQHandler                       0x08000233   Thumb Code     0  startup_stm32f303xe.o(.text)
    I2C1_EV_IRQHandler                       0x08000233   Thumb Code     0  startup_stm32f303xe.o(.text)
    I2C2_ER_IRQHandler                       0x08000233   Thumb Code     0  startup_stm32f303xe.o(.text)
    I2C2_EV_IRQHandler                       0x08000233   Thumb Code     0  startup_stm32f303xe.o(.text)
    I2C3_ER_IRQHandler                       0x08000233   Thumb Code     0  startup_stm32f303xe.o(.text)
    I2C3_EV_IRQHandler                       0x08000233   Thumb Code     0  startup_stm32f303xe.o(.text)
    PVD_IRQHandler                           0x08000233   Thumb Code     0  startup_stm32f303xe.o(.text)
    RCC_IRQHandler                           0x08000233   Thumb Code     0  startup_stm32f303xe.o(.text)
    RTC_Alarm_IRQHandler                     0x08000233   Thumb Code     0  startup_stm32f303xe.o(.text)
    RTC_WKUP_IRQHandler                      0x08000233   Thumb Code     0  startup_stm32f303xe.o(.text)
    SPI1_IRQHandler                          0x08000233   Thumb Code     0  startup_stm32f303xe.o(.text)
    SPI2_IRQHandler                          0x08000233   Thumb Code     0  startup_stm32f303xe.o(.text)
    SPI3_IRQHandler                          0x08000233   Thumb Code     0  startup_stm32f303xe.o(.text)
    TAMPER_STAMP_IRQHandler                  0x08000233   Thumb Code     0  startup_stm32f303xe.o(.text)
    TIM1_BRK_TIM15_IRQHandler                0x08000233   Thumb Code     0  startup_stm32f303xe.o(.text)
    TIM1_CC_IRQHandler                       0x08000233   Thumb Code     0  startup_stm32f303xe.o(.text)
    TIM1_TRG_COM_TIM17_IRQHandler            0x08000233   Thumb Code     0  startup_stm32f303xe.o(.text)
    TIM1_UP_TIM16_IRQHandler                 0x08000233   Thumb Code     0  startup_stm32f303xe.o(.text)
    TIM20_BRK_IRQHandler                     0x08000233   Thumb Code     0  startup_stm32f303xe.o(.text)
    TIM20_CC_IRQHandler                      0x08000233   Thumb Code     0  startup_stm32f303xe.o(.text)
    TIM20_TRG_COM_IRQHandler                 0x08000233   Thumb Code     0  startup_stm32f303xe.o(.text)
    TIM20_UP_IRQHandler                      0x08000233   Thumb Code     0  startup_stm32f303xe.o(.text)
    TIM2_IRQHandler                          0x08000233   Thumb Code     0  startup_stm32f303xe.o(.text)
    TIM3_IRQHandler                          0x08000233   Thumb Code     0  startup_stm32f303xe.o(.text)
    TIM4_IRQHandler                          0x08000233   Thumb Code     0  startup_stm32f303xe.o(.text)
    TIM6_DAC_IRQHandler                      0x08000233   Thumb Code     0  startup_stm32f303xe.o(.text)
    TIM7_IRQHandler                          0x08000233   Thumb Code     0  startup_stm32f303xe.o(.text)
    TIM8_BRK_IRQHandler                      0x08000233   Thumb Code     0  startup_stm32f303xe.o(.text)
    TIM8_CC_IRQHandler                       0x08000233   Thumb Code     0  startup_stm32f303xe.o(.text)
    TIM8_TRG_COM_IRQHandler                  0x08000233   Thumb Code     0  startup_stm32f303xe.o(.text)
    TIM8_UP_IRQHandler                       0x08000233   Thumb Code     0  startup_stm32f303xe.o(.text)
    UART4_IRQHandler                         0x08000233   Thumb Code     0  startup_stm32f303xe.o(.text)
    UART5_IRQHandler                         0x08000233   Thumb Code     0  startup_stm32f303xe.o(.text)
    USART1_IRQHandler                        0x08000233   Thumb Code     0  startup_stm32f303xe.o(.text)
    USART2_IRQHandler                        0x08000233   Thumb Code     0  startup_stm32f303xe.o(.text)
    USART3_IRQHandler                        0x08000233   Thumb Code     0  startup_stm32f303xe.o(.text)
    USBWakeUp_IRQHandler                     0x08000233   Thumb Code     0  startup_stm32f303xe.o(.text)
    USBWakeUp_RMP_IRQHandler                 0x08000233   Thumb Code     0  startup_stm32f303xe.o(.text)
    USB_HP_CAN1_TX_IRQHandler                0x08000233   Thumb Code     0  startup_stm32f303xe.o(.text)
    USB_HP_IRQHandler                        0x08000233   Thumb Code     0  startup_stm32f303xe.o(.text)
    USB_LP_CAN1_RX0_IRQHandler               0x08000233   Thumb Code     0  startup_stm32f303xe.o(.text)
    USB_LP_IRQHandler                        0x08000233   Thumb Code     0  startup_stm32f303xe.o(.text)
    WWDG_IRQHandler                          0x08000233   Thumb Code     0  startup_stm32f303xe.o(.text)
    __user_initial_stackheap                 0x08000235   Thumb Code     0  startup_stm32f303xe.o(.text)
    strlen                                   0x08000259   Thumb Code    62  strlen.o(.text)
    __use_two_region_memory                  0x08000297   Thumb Code     2  heapauxi.o(.text)
    __rt_heap_escrow$2region                 0x08000299   Thumb Code     2  heapauxi.o(.text)
    __rt_heap_expand$2region                 0x0800029b   Thumb Code     2  heapauxi.o(.text)
    _sys_exit                                0x0800029d   Thumb Code     8  sys_exit.o(.text)
    __I$use$semihosting                      0x080002a9   Thumb Code     0  use_no_semi.o(.text)
    __use_no_semihosting_swi                 0x080002a9   Thumb Code     2  use_no_semi.o(.text)
    __semihosting_library_function           0x080002ab   Thumb Code     0  indicate_semi.o(.text)
    __user_setup_stackheap                   0x080002ab   Thumb Code    74  sys_stackheap_outer.o(.text)
    exit                                     0x080002f5   Thumb Code    18  exit.o(.text)
    __user_libspace                          0x08000309   Thumb Code     8  libspace.o(.text)
    __user_perproc_libspace                  0x08000309   Thumb Code     0  libspace.o(.text)
    __user_perthread_libspace                0x08000309   Thumb Code     0  libspace.o(.text)
    BusFault_Handler                         0x08000311   Thumb Code     2  stm32f30x_it.o(.text.BusFault_Handler)
    DebugMon_Handler                         0x08000313   Thumb Code     2  stm32f30x_it.o(.text.DebugMon_Handler)
    GPIO_Init                                0x08000315   Thumb Code   120  stm32f30x_gpio.o(.text.GPIO_Init)
    GPIO_PinAFConfig                         0x0800038d   Thumb Code    44  stm32f30x_gpio.o(.text.GPIO_PinAFConfig)
    GPIO_WriteBit                            0x080003b9   Thumb Code    10  stm32f30x_gpio.o(.text.GPIO_WriteBit)
    HardFault_Handler                        0x080003c3   Thumb Code     2  stm32f30x_it.o(.text.HardFault_Handler)
    MemManage_Handler                        0x080003c5   Thumb Code     2  stm32f30x_it.o(.text.MemManage_Handler)
    NMI_Handler                              0x080003c7   Thumb Code     2  stm32f30x_it.o(.text.NMI_Handler)
    PendSV_Handler                           0x080003c9   Thumb Code     2  stm32f30x_it.o(.text.PendSV_Handler)
    RCC_AHBPeriphClockCmd                    0x080003cd   Thumb Code    24  stm32f30x_rcc.o(.text.RCC_AHBPeriphClockCmd)
    RCC_APB2PeriphClockCmd                   0x080003e5   Thumb Code    24  stm32f30x_rcc.o(.text.RCC_APB2PeriphClockCmd)
    SVC_Handler                              0x080003fd   Thumb Code     2  stm32f30x_it.o(.text.SVC_Handler)
    SysTick_Handler                          0x08000401   Thumb Code    44  systick.o(.text.SysTick_Handler)
    SystemInit                               0x08000429   Thumb Code   248  system_stm32f30x.o(.text.SystemInit)
    UsageFault_Handler                       0x08000521   Thumb Code     2  stm32f30x_it.o(.text.UsageFault_Handler)
    SysTickInit()                            0x08000525   Thumb Code    64  systick.o(.text._Z11SysTickInitv)
    LCD_sendData(unsigned char)              0x08000561   Thumb Code    30  lcd_dispay.o(.text._Z12LCD_sendDatah)
    LCD_PutNibble(unsigned char)             0x08000581   Thumb Code    88  lcd_dispay.o(.text._Z13LCD_PutNibbleh)
    LCD_displaystr(char*)                    0x080005d5   Thumb Code    28  lcd_dispay.o(.text._Z14LCD_displaystrPc)
    LCD_sendCommand(unsigned char)           0x080005f1   Thumb Code    60  lcd_dispay.o(.text._Z15LCD_sendCommandh)
    Delay(unsigned)                          0x08000629   Thumb Code    32  systick.o(.text._Z5Delayj)
    LCD_gpio()                               0x08000649   Thumb Code    28  lcd_dispay.o(.text._Z8LCD_gpiov)
    LCD_init()                               0x08000661   Thumb Code    92  lcd_dispay.o(.text._Z8LCD_initv)
    LCD_test()                               0x080006bd   Thumb Code    16  lcd_dispay.o(.text._Z8LCD_testv)
    LCD_Pulse()                              0x080006cd   Thumb Code    48  lcd_dispay.o(.text._Z9LCD_Pulsev)
    motorInit()                              0x080006f9   Thumb Code   112  dcmotors_1.o(.text._Z9motorInitv)
    main                                     0x08000769   Thumb Code    32  main.o(.text.main)
    _fp_init                                 0x08000789   Thumb Code    10  fpinit.o(x$fpl$fpinit)
    __fplib_config_fpu_vfp                   0x08000791   Thumb Code     0  fpinit.o(x$fpl$fpinit)
    __fplib_config_pureend_doubles           0x08000791   Thumb Code     0  fpinit.o(x$fpl$fpinit)
    Region$$Table$$Base                      0x08000794   Number         0  anon$$obj.o(Region$$Table)
    Region$$Table$$Limit                     0x080007a4   Number         0  anon$$obj.o(Region$$Table)
    __libspace_start                         0x20000000   Data          96  libspace.o(.bss)
    StartDelay                               0x20000060   Data           1  systick.o(.bss..L_MergedGlobals)
    __temporary_stack_top$libspace           0x20000060   Data           0  libspace.o(.bss)
    TimeDelayMS                              0x20000064   Data           4  systick.o(.bss..L_MergedGlobals)
    TimeDelayUS                              0x20000068   Data           4  systick.o(.bss..L_MergedGlobals)



==============================================================================

Memory Map of the image

  Image Entry point : 0x08000195

  Load Region LR_IROM1 (Base: 0x08000000, Size: 0x000007a4, Max: 0x00080000, ABSOLUTE)

    Execution Region ER_IROM1 (Exec base: 0x08000000, Load base: 0x08000000, Size: 0x000007a4, Max: 0x00080000, ABSOLUTE)

    Exec Addr    Load Addr    Size         Type   Attr      Idx    E Section Name        Object

    0x08000000   0x08000000   0x00000194   Data   RO         1194    RESET               startup_stm32f303xe.o
    0x08000194   0x08000194   0x00000008   Code   RO         1293  * !!!main             c_w.l(__main.o)
    0x0800019c   0x0800019c   0x00000034   Code   RO         1576    !!!scatter          c_w.l(__scatter.o)
    0x080001d0   0x080001d0   0x0000001c   Code   RO         1578    !!handler_zi        c_w.l(__scatter_zi.o)
    0x080001ec   0x080001ec   0x00000002   Code   RO         1453    .ARM.Collect$$libinit$$00000000  c_w.l(libinit.o)
    0x080001ee   0x080001ee   0x00000004   Code   RO         1463    .ARM.Collect$$libinit$$00000001  c_w.l(libinit2.o)
    0x080001f2   0x080001f2   0x00000000   Code   RO         1466    .ARM.Collect$$libinit$$00000004  c_w.l(libinit2.o)
    0x080001f2   0x080001f2   0x00000000   Code   RO         1469    .ARM.Collect$$libinit$$0000000A  c_w.l(libinit2.o)
    0x080001f2   0x080001f2   0x00000000   Code   RO         1471    .ARM.Collect$$libinit$$0000000C  c_w.l(libinit2.o)
    0x080001f2   0x080001f2   0x00000000   Code   RO         1473    .ARM.Collect$$libinit$$0000000E  c_w.l(libinit2.o)
    0x080001f2   0x080001f2   0x00000000   Code   RO         1476    .ARM.Collect$$libinit$$00000011  c_w.l(libinit2.o)
    0x080001f2   0x080001f2   0x00000000   Code   RO         1478    .ARM.Collect$$libinit$$00000013  c_w.l(libinit2.o)
    0x080001f2   0x080001f2   0x00000000   Code   RO         1480    .ARM.Collect$$libinit$$00000015  c_w.l(libinit2.o)
    0x080001f2   0x080001f2   0x00000000   Code   RO         1482    .ARM.Collect$$libinit$$00000017  c_w.l(libinit2.o)
    0x080001f2   0x080001f2   0x00000000   Code   RO         1484    .ARM.Collect$$libinit$$00000019  c_w.l(libinit2.o)
    0x080001f2   0x080001f2   0x00000000   Code   RO         1486    .ARM.Collect$$libinit$$0000001B  c_w.l(libinit2.o)
    0x080001f2   0x080001f2   0x00000000   Code   RO         1488    .ARM.Collect$$libinit$$0000001D  c_w.l(libinit2.o)
    0x080001f2   0x080001f2   0x00000000   Code   RO         1490    .ARM.Collect$$libinit$$0000001F  c_w.l(libinit2.o)
    0x080001f2   0x080001f2   0x00000000   Code   RO         1492    .ARM.Collect$$libinit$$00000021  c_w.l(libinit2.o)
    0x080001f2   0x080001f2   0x00000000   Code   RO         1494    .ARM.Collect$$libinit$$00000023  c_w.l(libinit2.o)
    0x080001f2   0x080001f2   0x00000000   Code   RO         1496    .ARM.Collect$$libinit$$00000025  c_w.l(libinit2.o)
    0x080001f2   0x080001f2   0x00000000   Code   RO         1500    .ARM.Collect$$libinit$$0000002C  c_w.l(libinit2.o)
    0x080001f2   0x080001f2   0x00000000   Code   RO         1502    .ARM.Collect$$libinit$$0000002E  c_w.l(libinit2.o)
    0x080001f2   0x080001f2   0x00000000   Code   RO         1504    .ARM.Collect$$libinit$$00000030  c_w.l(libinit2.o)
    0x080001f2   0x080001f2   0x00000000   Code   RO         1506    .ARM.Collect$$libinit$$00000032  c_w.l(libinit2.o)
    0x080001f2   0x080001f2   0x00000002   Code   RO         1507    .ARM.Collect$$libinit$$00000033  c_w.l(libinit2.o)
    0x080001f4   0x080001f4   0x00000002   Code   RO         1547    .ARM.Collect$$libshutdown$$00000000  c_w.l(libshutdown.o)
    0x080001f6   0x080001f6   0x00000000   Code   RO         1559    .ARM.Collect$$libshutdown$$00000002  c_w.l(libshutdown2.o)
    0x080001f6   0x080001f6   0x00000000   Code   RO         1561    .ARM.Collect$$libshutdown$$00000004  c_w.l(libshutdown2.o)
    0x080001f6   0x080001f6   0x00000000   Code   RO         1564    .ARM.Collect$$libshutdown$$00000007  c_w.l(libshutdown2.o)
    0x080001f6   0x080001f6   0x00000000   Code   RO         1567    .ARM.Collect$$libshutdown$$0000000A  c_w.l(libshutdown2.o)
    0x080001f6   0x080001f6   0x00000000   Code   RO         1569    .ARM.Collect$$libshutdown$$0000000C  c_w.l(libshutdown2.o)
    0x080001f6   0x080001f6   0x00000000   Code   RO         1572    .ARM.Collect$$libshutdown$$0000000F  c_w.l(libshutdown2.o)
    0x080001f6   0x080001f6   0x00000002   Code   RO         1573    .ARM.Collect$$libshutdown$$00000010  c_w.l(libshutdown2.o)
    0x080001f8   0x080001f8   0x00000000   Code   RO         1331    .ARM.Collect$$rtentry$$00000000  c_w.l(__rtentry.o)
    0x080001f8   0x080001f8   0x00000000   Code   RO         1412    .ARM.Collect$$rtentry$$00000002  c_w.l(__rtentry2.o)
    0x080001f8   0x080001f8   0x00000006   Code   RO         1424    .ARM.Collect$$rtentry$$00000004  c_w.l(__rtentry4.o)
    0x080001fe   0x080001fe   0x00000000   Code   RO         1414    .ARM.Collect$$rtentry$$00000009  c_w.l(__rtentry2.o)
    0x080001fe   0x080001fe   0x00000004   Code   RO         1415    .ARM.Collect$$rtentry$$0000000A  c_w.l(__rtentry2.o)
    0x08000202   0x08000202   0x00000000   Code   RO         1417    .ARM.Collect$$rtentry$$0000000C  c_w.l(__rtentry2.o)
    0x08000202   0x08000202   0x00000008   Code   RO         1418    .ARM.Collect$$rtentry$$0000000D  c_w.l(__rtentry2.o)
    0x0800020a   0x0800020a   0x00000002   Code   RO         1457    .ARM.Collect$$rtexit$$00000000  c_w.l(rtexit.o)
    0x0800020c   0x0800020c   0x00000000   Code   RO         1513    .ARM.Collect$$rtexit$$00000002  c_w.l(rtexit2.o)
    0x0800020c   0x0800020c   0x00000004   Code   RO         1514    .ARM.Collect$$rtexit$$00000003  c_w.l(rtexit2.o)
    0x08000210   0x08000210   0x00000006   Code   RO         1515    .ARM.Collect$$rtexit$$00000004  c_w.l(rtexit2.o)
    0x08000216   0x08000216   0x00000002   PAD
    0x08000218   0x08000218   0x00000040   Code   RO         1195    .text               startup_stm32f303xe.o
    0x08000258   0x08000258   0x0000003e   Code   RO         1287    .text               c_w.l(strlen.o)
    0x08000296   0x08000296   0x00000006   Code   RO         1291    .text               c_w.l(heapauxi.o)
    0x0800029c   0x0800029c   0x0000000c   Code   RO         1407    .text               c_w.l(sys_exit.o)
    0x080002a8   0x080002a8   0x00000002   Code   RO         1433    .text               c_w.l(use_no_semi.o)
    0x080002aa   0x080002aa   0x00000000   Code   RO         1435    .text               c_w.l(indicate_semi.o)
    0x080002aa   0x080002aa   0x0000004a   Code   RO         1436    .text               c_w.l(sys_stackheap_outer.o)
    0x080002f4   0x080002f4   0x00000012   Code   RO         1440    .text               c_w.l(exit.o)
    0x08000306   0x08000306   0x00000002   PAD
    0x08000308   0x08000308   0x00000008   Code   RO         1454    .text               c_w.l(libspace.o)
    0x08000310   0x08000310   0x00000002   Code   RO         1157    .text.BusFault_Handler  stm32f30x_it.o
    0x08000312   0x08000312   0x00000002   Code   RO         1163    .text.DebugMon_Handler  stm32f30x_it.o
    0x08000314   0x08000314   0x00000078   Code   RO           53    .text.GPIO_Init     stm32f30x_gpio.o
    0x0800038c   0x0800038c   0x0000002c   Code   RO           75    .text.GPIO_PinAFConfig  stm32f30x_gpio.o
    0x080003b8   0x080003b8   0x0000000a   Code   RO           71    .text.GPIO_WriteBit  stm32f30x_gpio.o
    0x080003c2   0x080003c2   0x00000002   Code   RO         1153    .text.HardFault_Handler  stm32f30x_it.o
    0x080003c4   0x080003c4   0x00000002   Code   RO         1155    .text.MemManage_Handler  stm32f30x_it.o
    0x080003c6   0x080003c6   0x00000002   Code   RO         1151    .text.NMI_Handler   stm32f30x_it.o
    0x080003c8   0x080003c8   0x00000002   Code   RO         1165    .text.PendSV_Handler  stm32f30x_it.o
    0x080003ca   0x080003ca   0x00000002   PAD
    0x080003cc   0x080003cc   0x00000018   Code   RO          517    .text.RCC_AHBPeriphClockCmd  stm32f30x_rcc.o
    0x080003e4   0x080003e4   0x00000018   Code   RO          519    .text.RCC_APB2PeriphClockCmd  stm32f30x_rcc.o
    0x080003fc   0x080003fc   0x00000002   Code   RO         1161    .text.SVC_Handler   stm32f30x_it.o
    0x080003fe   0x080003fe   0x00000002   PAD
    0x08000400   0x08000400   0x00000028   Code   RO         1239    .text.SysTick_Handler  systick.o
    0x08000428   0x08000428   0x000000f8   Code   RO         1177    .text.SystemInit    system_stm32f30x.o
    0x08000520   0x08000520   0x00000002   Code   RO         1159    .text.UsageFault_Handler  stm32f30x_it.o
    0x08000522   0x08000522   0x00000002   PAD
    0x08000524   0x08000524   0x0000003c   Code   RO         1245    .text._Z11SysTickInitv  systick.o
    0x08000560   0x08000560   0x0000001e   Code   RO         1263    .text._Z12LCD_sendDatah  lcd_dispay.o
    0x0800057e   0x0800057e   0x00000002   PAD
    0x08000580   0x08000580   0x00000054   Code   RO         1259    .text._Z13LCD_PutNibbleh  lcd_dispay.o
    0x080005d4   0x080005d4   0x0000001c   Code   RO         1273    .text._Z14LCD_displaystrPc  lcd_dispay.o
    0x080005f0   0x080005f0   0x00000038   Code   RO         1265    .text._Z15LCD_sendCommandh  lcd_dispay.o
    0x08000628   0x08000628   0x00000020   Code   RO         1241    .text._Z5Delayj     systick.o
    0x08000648   0x08000648   0x00000018   Code   RO         1269    .text._Z8LCD_gpiov  lcd_dispay.o
    0x08000660   0x08000660   0x0000005c   Code   RO         1267    .text._Z8LCD_initv  lcd_dispay.o
    0x080006bc   0x080006bc   0x00000010   Code   RO         1271    .text._Z8LCD_testv  lcd_dispay.o
    0x080006cc   0x080006cc   0x0000002c   Code   RO         1261    .text._Z9LCD_Pulsev  lcd_dispay.o
    0x080006f8   0x080006f8   0x00000070   Code   RO         1202    .text._Z9motorInitv  dcmotors_1.o
    0x08000768   0x08000768   0x00000020   Code   RO         1217    .text.main          main.o
    0x08000788   0x08000788   0x0000000a   Code   RO         1523    x$fpl$fpinit        fz_wm.l(fpinit.o)
    0x08000792   0x08000792   0x00000002   PAD
    0x08000794   0x08000794   0x00000010   Data   RO         1574    Region$$Table       anon$$obj.o


    Execution Region RW_IRAM1 (Exec base: 0x20000000, Load base: 0x080007a4, Size: 0x00000670, Max: 0x00010000, ABSOLUTE)

    Exec Addr    Load Addr    Size         Type   Attr      Idx    E Section Name        Object

    0x20000000        -       0x00000060   Zero   RW         1455    .bss                c_w.l(libspace.o)
    0x20000060        -       0x0000000c   Zero   RW         1247    .bss..L_MergedGlobals  systick.o
    0x2000006c   0x080007a4   0x00000004   PAD
    0x20000070        -       0x00000200   Zero   RW         1193    HEAP                startup_stm32f303xe.o
    0x20000270        -       0x00000400   Zero   RW         1192    STACK               startup_stm32f303xe.o


==============================================================================

Image component sizes


      Code (inc. data)   RO Data    RW Data    ZI Data      Debug   Object Name

       112         12          0          0          0       4678   dcmotors_1.o
       374         16          0          0          0       6501   lcd_dispay.o
        32          0          0          0          0       2110   main.o
        64         26        404          0       1536        788   startup_stm32f303xe.o
       174          0          0          0          0       6006   stm32f30x_gpio.o
        16          0          0          0          0       1033   stm32f30x_it.o
        48          8          0          0          0      12360   stm32f30x_rcc.o
       248         20          0          0          0       4277   system_stm32f30x.o
       132         12          0          0         12       5773   systick.o

    ----------------------------------------------------------------------
      1208         94        420          0       1552      43526   Object Totals
         0          0         16          0          0          0   (incl. Generated)
         8          0          0          0          4          0   (incl. Padding)

    ----------------------------------------------------------------------

      Code (inc. data)   RO Data    RW Data    ZI Data      Debug   Library Member Name

         8          0          0          0          0         68   __main.o
         0          0          0          0          0          0   __rtentry.o
        12          0          0          0          0          0   __rtentry2.o
         6          0          0          0          0          0   __rtentry4.o
        52          8          0          0          0          0   __scatter.o
        28          0          0          0          0          0   __scatter_zi.o
        18          0          0          0          0         80   exit.o
         6          0          0          0          0        152   heapauxi.o
         0          0          0          0          0          0   indicate_semi.o
         2          0          0          0          0          0   libinit.o
         6          0          0          0          0          0   libinit2.o
         2          0          0          0          0          0   libshutdown.o
         2          0          0          0          0          0   libshutdown2.o
         8          4          0          0         96         68   libspace.o
         2          0          0          0          0          0   rtexit.o
        10          0          0          0          0          0   rtexit2.o
        62          0          0          0          0         76   strlen.o
        12          4          0          0          0         68   sys_exit.o
        74          0          0          0          0         80   sys_stackheap_outer.o
         2          0          0          0          0         68   use_no_semi.o
        10          0          0          0          0        116   fpinit.o

    ----------------------------------------------------------------------
       328         16          0          0         96        776   Library Totals
         6          0          0          0          0          0   (incl. Padding)

    ----------------------------------------------------------------------

      Code (inc. data)   RO Data    RW Data    ZI Data      Debug   Library Name

       312         16          0          0         96        660   c_w.l
        10          0          0          0          0        116   fz_wm.l

    ----------------------------------------------------------------------
       328         16          0          0         96        776   Library Totals

    ----------------------------------------------------------------------

==============================================================================


      Code (inc. data)   RO Data    RW Data    ZI Data      Debug   

      1536        110        420          0       1648      43914   Grand Totals
      1536        110        420          0       1648      43914   ELF Image Totals
      1536        110        420          0          0          0   ROM Totals

==============================================================================

    Total RO  Size (Code + RO Data)                 1956 (   1.91kB)
    Total RW  Size (RW Data + ZI Data)              1648 (   1.61kB)
    Total ROM Size (Code + RO Data + RW Data)       1956 (   1.91kB)

==============================================================================

